<html>
<body>
<pre>
<h1>µVision Build Log</h1>
<h2>Project:</h2>
C:\Git\MyTexasLabware\Labware\Lab7_HeartBlock\Lab7.uvproj
Project File Date:  09/07/2018

<h2>Output:</h2>
Rebuild target 'Lab7'
assembling startup.s...
compiling main.c...
linking...
Program Size: Code=4284 RO-data=6156 RW-data=80 ZI-data=1752  
".\Lab7.axf" - 0 Error(s), 0 Warning(s).
Load "C:\\Git\\MyTexasLabware\\Labware\\Lab7_HeartBlock\\Lab7.axf" 
Connecting: Mode=JTAG, Speed=1000000Hz
Erase Done.
Programming Done.
Verify OK.
</pre>
</body>
</html>
