<html>
<body>
<pre>
<h1>µVision Build Log</h1>
<h2>Project:</h2>
C:\Git\MyTexasLabware\Labware\Lab15_SpaceInvaders\SpaceInvaders.uvproj
Project File Date:  07/17/2018

<h2>Output:</h2>
Build target 'SpaceInvaders'
compiling SpaceInvaders.c...
linking...
Program Size: Code=4328 RO-data=9364 RW-data=68 ZI-data=1684  
".\SpaceInvaders.axf" - 0 Error(s), 0 Warning(s).
</pre>
</body>
</html>
=4260 RO-data=9364 RW-data=64 ZI-data=1680  
".\SpaceInvaders.axf" - 0 Error(s), 1 Warning(s).
ror messages.
".\SpaceInvaders.axf" - 1 Error(s), 0 Warning(s).
Target not created
list the image map.
Finished: 2 information, 0 warning and 1 error messages.
".\SpaceInvaders.axf" - 1 Error(s), 1 Warning(s).
Target not created
clared at line 620)
  void Timer0_Init(void(*task)(void), unsigned long period){
SpaceInvaders.c(705): warning:  #1-D: last line of file ends without a newline
  }
SpaceInvaders.c: 3 warnings, 2 errors
".\SpaceInvaders.axf" - 2 Error(s), 3 Warning(s).
Target not created
