<html>
<body>
<pre>
<h1>µVision Build Log</h1>
<h2>Project:</h2>
C:\Git\MyTexasLabware\Labware\Lab15_SpaceInvaders\SpaceInvaders.uvproj
Project File Date:  09/27/2018

<h2>Output:</h2>
Build target 'SpaceInvaders'
compiling SpaceInvaders.c...
SpaceInvaders.c(1159): warning:  #177-D: variable "laserNumber" was declared but never referenced
    int laserNumber;
SpaceInvaders.c(1447): warning:  #177-D: variable "areaDamage" was declared but never referenced
        int buttonCode, shuffleDirection, areaDamage, explosion;
SpaceInvaders.c: 2 warnings, 0 errors
linking...
Program Size: Code=8114 RO-data=14974 RW-data=160 ZI-data=2032  
".\SpaceInvaders.axf" - 0 Error(s), 2 Warning(s).
Load "C:\\Git\\MyTexasLabware\\Labware\\Lab15_SpaceInvaders\\SpaceInvaders.axf" 
Connecting: Mode=JTAG, Speed=1000000Hz
Erase Done.
Programming Done.
Verify OK.
nvaders.axf" 
Connecting: Mode=JTAG, Speed=1000000Hz
Erase Done.
Programming Done.
Verify OK.
or(s), 4 Warning(s).
    int buttonCode, shuffleDirection, areaDamage, explosion;
SpaceInvaders.c: 6 warnings, 0 errors
compiling TExaS.c...
linking...
.\SpaceInvaders.axf: Error: L6218E: Undefined symbol EnemyLifeCheck (referred from spaceinvaders.o).
Not enough information to list image symbols.
Finished: 1 information, 0 warning and 1 error messages.
".\SpaceInvaders.axf" - 1 Error(s), 6 Warning(s).
Target not created
