ARM Linker, 5.03 [Build 76] [MDK-ARM Lite]

==============================================================================

Section Cross References

    startup.o(STACK) refers (Special) to heapauxi.o(.text) for __use_two_region_memory
    startup.o(HEAP) refers (Special) to heapauxi.o(.text) for __use_two_region_memory
    startup.o(RESET) refers (Special) to heapauxi.o(.text) for __use_two_region_memory
    startup.o(RESET) refers to startup.o(STACK) for StackMem
    startup.o(RESET) refers to spaceinvaders.o(i.SysTick_Handler) for SysTick_Handler
    startup.o(RESET) refers to spaceinvaders.o(i.Timer2A_Handler) for Timer2A_Handler
    startup.o(RESET) refers to texas.o(i.Timer4A_Handler) for Timer4A_Handler
    startup.o(RESET) refers to texas.o(i.Timer5A_Handler) for Timer5A_Handler
    startup.o(RESET) refers to __main.o(!!!main) for __main
    startup.o(.text) refers (Special) to heapauxi.o(.text) for __use_two_region_memory
    startup.o(.text) refers to startup.o(HEAP) for HeapMem
    startup.o(.text) refers to startup.o(STACK) for StackMem
    nokia5110.o(i.Nokia5110_Clear) refers to nokia5110.o(i.lcdwrite) for lcdwrite
    nokia5110.o(i.Nokia5110_Clear) refers to nokia5110.o(i.Nokia5110_SetCursor) for Nokia5110_SetCursor
    nokia5110.o(i.Nokia5110_ClearBuffer) refers to nokia5110.o(.bss) for Screen
    nokia5110.o(i.Nokia5110_DisplayBuffer) refers to nokia5110.o(i.Nokia5110_DrawFullImage) for Nokia5110_DrawFullImage
    nokia5110.o(i.Nokia5110_DisplayBuffer) refers to nokia5110.o(.bss) for Screen
    nokia5110.o(i.Nokia5110_DrawFullImage) refers to nokia5110.o(i.Nokia5110_SetCursor) for Nokia5110_SetCursor
    nokia5110.o(i.Nokia5110_DrawFullImage) refers to nokia5110.o(i.lcdwrite) for lcdwrite
    nokia5110.o(i.Nokia5110_Init) refers to nokia5110.o(i.lcdwrite) for lcdwrite
    nokia5110.o(i.Nokia5110_OutChar) refers to nokia5110.o(i.lcdwrite) for lcdwrite
    nokia5110.o(i.Nokia5110_OutChar) refers to nokia5110.o(.constdata) for ASCII
    nokia5110.o(i.Nokia5110_OutString) refers to nokia5110.o(i.Nokia5110_OutChar) for Nokia5110_OutChar
    nokia5110.o(i.Nokia5110_OutUDec) refers to nokia5110.o(i.Nokia5110_OutString) for Nokia5110_OutString
    nokia5110.o(i.Nokia5110_OutUDec) refers to nokia5110.o(i.Nokia5110_OutChar) for Nokia5110_OutChar
    nokia5110.o(i.Nokia5110_PrintBMP) refers to nokia5110.o(.bss) for Screen
    nokia5110.o(i.Nokia5110_SetCursor) refers to nokia5110.o(i.lcdwrite) for lcdwrite
    random.o(.text) refers to random.o(DATA) for M
    spaceinvaders.o(i.AnimateEnemies) refers to spaceinvaders.o(.data) for semaphoreCount
    spaceinvaders.o(i.CrashCheck) refers to spaceinvaders.o(i.Sound_Play) for Sound_Play
    spaceinvaders.o(i.CrashCheck) refers to spaceinvaders.o(.bss) for LaserImage
    spaceinvaders.o(i.CrashCheck) refers to spaceinvaders.o(.data) for playerLaserCount
    spaceinvaders.o(i.CrashCheck) refers to spaceinvaders.o(.constdata) for SmallExplosion0
    spaceinvaders.o(i.Draw) refers to nokia5110.o(i.Nokia5110_ClearBuffer) for Nokia5110_ClearBuffer
    spaceinvaders.o(i.Draw) refers to spaceinvaders.o(i.DrawEnemies) for DrawEnemies
    spaceinvaders.o(i.Draw) refers to spaceinvaders.o(i.DrawExplosions) for DrawExplosions
    spaceinvaders.o(i.Draw) refers to spaceinvaders.o(i.DrawArea) for DrawArea
    spaceinvaders.o(i.Draw) refers to spaceinvaders.o(i.DrawPlayer) for DrawPlayer
    spaceinvaders.o(i.Draw) refers to spaceinvaders.o(i.DrawLasers) for DrawLasers
    spaceinvaders.o(i.Draw) refers to nokia5110.o(i.Nokia5110_DisplayBuffer) for Nokia5110_DisplayBuffer
    spaceinvaders.o(i.DrawArea) refers to nokia5110.o(i.Nokia5110_PrintBMP) for Nokia5110_PrintBMP
    spaceinvaders.o(i.DrawArea) refers to spaceinvaders.o(.bss) for Bunker
    spaceinvaders.o(i.DrawEnemies) refers to nokia5110.o(i.Nokia5110_PrintBMP) for Nokia5110_PrintBMP
    spaceinvaders.o(i.DrawEnemies) refers to spaceinvaders.o(.bss) for Enemy
    spaceinvaders.o(i.DrawExplosions) refers to nokia5110.o(i.Nokia5110_PrintBMP) for Nokia5110_PrintBMP
    spaceinvaders.o(i.DrawExplosions) refers to spaceinvaders.o(.bss) for ExplosionObject
    spaceinvaders.o(i.DrawExplosions) refers to spaceinvaders.o(.data) for semaphoreCount
    spaceinvaders.o(i.DrawLasers) refers to nokia5110.o(i.Nokia5110_PrintBMP) for Nokia5110_PrintBMP
    spaceinvaders.o(i.DrawLasers) refers to spaceinvaders.o(.bss) for LaserImage
    spaceinvaders.o(i.DrawPlayer) refers to nokia5110.o(i.Nokia5110_PrintBMP) for Nokia5110_PrintBMP
    spaceinvaders.o(i.DrawPlayer) refers to spaceinvaders.o(.bss) for Player
    spaceinvaders.o(i.FireWeapon) refers to spaceinvaders.o(.data) for laserCount
    spaceinvaders.o(i.GetRandomNumber) refers to random.o(.text) for Random32
    spaceinvaders.o(i.InitBunkerObjects) refers to spaceinvaders.o(.bss) for Bunker
    spaceinvaders.o(i.InitBunkerObjects) refers to spaceinvaders.o(.constdata) for PlayerShip0
    spaceinvaders.o(i.InitEnemies) refers to spaceinvaders.o(.bss) for Enemy
[...]
    spaceinvaders.o(i.Start_Screen) refers to spaceinvaders.o(i.InitBunkerObjects) for InitBunkerObjects
    spaceinvaders.o(i.Start_Screen) refers to spaceinvaders.o(i.InitPlayer) for InitPlayer
    spaceinvaders.o(i.Start_Screen) refers to spaceinvaders.o(.data) for DisplayMode
    spaceinvaders.o(i.SysTick_Handler) refers to spaceinvaders.o(i.ADC0_In) for ADC0_In
    spaceinvaders.o(i.SysTick_Handler) refers to spaceinvaders.o(.data) for ADCdata
    spaceinvaders.o(i.Timer2A_Handler) refers to spaceinvaders.o(i.DAC_Out) for DAC_Out
    spaceinvaders.o(i.Timer2A_Handler) refers to spaceinvaders.o(i.Timer2A_Stop) for Timer2A_Stop
    spaceinvaders.o(i.Timer2A_Handler) refers to spaceinvaders.o(.data) for arrayCount
    spaceinvaders.o(i.Timer2A_Stop) refers to spaceinvaders.o(i.DAC_Out) for DAC_Out
    spaceinvaders.o(i.Timer2_Init) refers to spaceinvaders.o(.data) for timerCount
    spaceinvaders.o(i.UpdateFrame) refers to spaceinvaders.o(i.Read_Buttons) for Read_Buttons
    spaceinvaders.o(i.UpdateFrame) refers to nokia5110.o(i.Nokia5110_PrintBMP) for Nokia5110_PrintBMP
    spaceinvaders.o(i.UpdateFrame) refers to nokia5110.o(i.Nokia5110_DisplayBuffer) for Nokia5110_DisplayBuffer
    spaceinvaders.o(i.UpdateFrame) refers to spaceinvaders.o(i.Start_Screen) for Start_Screen
    spaceinvaders.o(i.UpdateFrame) refers to spaceinvaders.o(i.RandomInvaderShuffle) for RandomInvaderShuffle
    spaceinvaders.o(i.UpdateFrame) refers to spaceinvaders.o(i.AnimateEnemies) for AnimateEnemies
    spaceinvaders.o(i.UpdateFrame) refers to spaceinvaders.o(i.InvaderShuffle) for InvaderShuffle
    spaceinvaders.o(i.UpdateFrame) refers to spaceinvaders.o(i.MovePlayer) for MovePlayer
    spaceinvaders.o(i.UpdateFrame) refers to spaceinvaders.o(i.InitLaser) for InitLaser
    spaceinvaders.o(i.UpdateFrame) refers to spaceinvaders.o(i.MoveLaser) for MoveLaser
    spaceinvaders.o(i.UpdateFrame) refers to spaceinvaders.o(i.CrashCheck) for CrashCheck
    spaceinvaders.o(i.UpdateFrame) refers to spaceinvaders.o(i.Draw) for Draw
    spaceinvaders.o(i.UpdateFrame) refers to spaceinvaders.o(i.LifeCheck) for LifeCheck
    spaceinvaders.o(i.UpdateFrame) refers to nokia5110.o(i.Nokia5110_Clear) for Nokia5110_Clear
    spaceinvaders.o(i.UpdateFrame) refers to nokia5110.o(i.Nokia5110_SetCursor) for Nokia5110_SetCursor
    spaceinvaders.o(i.UpdateFrame) refers to nokia5110.o(i.Nokia5110_OutString) for Nokia5110_OutString
    spaceinvaders.o(i.UpdateFrame) refers to nokia5110.o(i.Nokia5110_OutUDec) for Nokia5110_OutUDec
    spaceinvaders.o(i.UpdateFrame) refers to spaceinvaders.o(.data) for DisplayMode
    spaceinvaders.o(i.UpdateFrame) refers to spaceinvaders.o(.constdata) for titlescreennew
    spaceinvaders.o(i.UpdateFrame) refers to spaceinvaders.o(.bss) for LaserParams
    spaceinvaders.o(i.main) refers to texas.o(i.TExaS_Init) for TExaS_Init
    spaceinvaders.o(i.main) refers to random.o(.text) for Random_Init
    spaceinvaders.o(i.main) refers to nokia5110.o(i.Nokia5110_Init) for Nokia5110_Init
    spaceinvaders.o(i.main) refers to spaceinvaders.o(i.Timer2_Init) for Timer2_Init
    spaceinvaders.o(i.main) refers to spaceinvaders.o(i.DAC_Init) for DAC_Init
    spaceinvaders.o(i.main) refers to spaceinvaders.o(i.LEDs_Init) for LEDs_Init
    spaceinvaders.o(i.main) refers to spaceinvaders.o(i.ADC0_Init) for ADC0_Init
    spaceinvaders.o(i.main) refers to spaceinvaders.o(i.SystickInit) for SystickInit
    spaceinvaders.o(i.main) refers to spaceinvaders.o(i.Buttons_Init) for Buttons_Init
    spaceinvaders.o(i.main) refers to spaceinvaders.o(i.Backlight_Init) for Backlight_Init
    spaceinvaders.o(i.main) refers to startup.o(.text) for EnableInterrupts
    spaceinvaders.o(i.main) refers to nokia5110.o(i.Nokia5110_ClearBuffer) for Nokia5110_ClearBuffer
    spaceinvaders.o(i.main) refers to nokia5110.o(i.Nokia5110_DisplayBuffer) for Nokia5110_DisplayBuffer
    spaceinvaders.o(i.main) refers to spaceinvaders.o(i.Backlight_On) for Backlight_On
    spaceinvaders.o(i.main) refers to spaceinvaders.o(i.UpdateFrame) for UpdateFrame
    spaceinvaders.o(i.main) refers to spaceinvaders.o(.data) for DisplayMode
    spaceinvaders.o(.data) refers to spaceinvaders.o(.constdata) for SmallEnemy10PointA
    texas.o(i.SetCode) refers to texas.o(.bss) for TExaS
    texas.o(i.SetCourse) refers to texas.o(.bss) for TExaS
    texas.o(i.SetMode) refers to texas.o(.bss) for TExaS
    texas.o(i.StartTimer4) refers to texas.o(.data) for ScopeCount
    texas.o(i.TExaS_Init) refers to texas.o(i.PLL_Init) for PLL_Init
    texas.o(i.TExaS_Init) refers to texas.o(i.SetCourse) for SetCourse
    texas.o(i.TExaS_Init) refers to texas.o(i.UART0_Init) for UART0_Init
    texas.o(i.TExaS_Init) refers to texas.o(i.SetCode) for SetCode
    texas.o(i.TExaS_Init) refers to texas.o(i.ADC1_Init) for ADC1_Init
    texas.o(i.TExaS_Init) refers to texas.o(.constdata) for IntroMsg
    texas.o(i.TExaS_Init) refers to texas.o(.bss) for TExaS
    texas.o(i.TExaS_Init) refers to texas.o(.data) for LastMode
    texas.o(i.Timer5A_Handler) refers to texas.o(i.ADC1_In) for ADC1_In
    texas.o(i.Timer5A_Handler) refers to texas.o(.data) for TExaS_Period
    __main.o(!!!main) refers to rtentry.o(.ARM.Collect$$rtentry$$00000000) for __rt_entry
    ddiv.o(x$fpl$drdiv) refers (Special) to usenofp.o(x$fpl$usenofp) for __I$use$fp
    ddiv.o(x$fpl$drdiv) refers to ddiv.o(x$fpl$ddiv) for ddiv_entry
    ddiv.o(x$fpl$ddiv) refers (Special) to usenofp.o(x$fpl$usenofp) for __I$use$fp
    ddiv.o(x$fpl$ddiv) refers to dretinf.o(x$fpl$dretinf) for __fpl_dretinf
    ddiv.o(x$fpl$ddiv) refers to dnaninf.o(x$fpl$dnaninf) for __fpl_dnaninf
    dfixu.o(x$fpl$dfixu) refers (Special) to usenofp.o(x$fpl$usenofp) for __I$use$fp
    dfixu.o(x$fpl$dfixu) refers to dnaninf.o(x$fpl$dnaninf) for __fpl_dnaninf
    dfixu.o(x$fpl$dfixur) refers (Special) to usenofp.o(x$fpl$usenofp) for __I$use$fp
    dfixu.o(x$fpl$dfixur) refers to dnaninf.o(x$fpl$dnaninf) for __fpl_dnaninf
    f2d.o(x$fpl$f2d) refers (Special) to usenofp.o(x$fpl$usenofp) for __I$use$fp
    f2d.o(x$fpl$f2d) refers to fnaninf.o(x$fpl$fnaninf) for __fpl_fnaninf
    f2d.o(x$fpl$f2d) refers to dretinf.o(x$fpl$dretinf) for __fpl_dretinf
    fflt_clz.o(x$fpl$ffltu) refers (Special) to usenofp.o(x$fpl$usenofp) for __I$use$fp
    fflt_clz.o(x$fpl$fflt) refers (Special) to usenofp.o(x$fpl$usenofp) for __I$use$fp
    fflt_clz.o(x$fpl$ffltn) refers (Special) to usenofp.o(x$fpl$usenofp) for __I$use$fp
    rtentry.o(.ARM.Collect$$rtentry$$00000000) refers (Special) to rtentry2.o(.ARM.Collect$$rtentry$$0000000A) for __rt_entry_li
    rtentry.o(.ARM.Collect$$rtentry$$00000000) refers (Special) to rtentry2.o(.ARM.Collect$$rtentry$$0000000D) for __rt_entry_main
    rtentry.o(.ARM.Collect$$rtentry$$00000000) refers (Special) to rtentry2.o(.ARM.Collect$$rtentry$$0000000C) for __rt_entry_postli_1
    rtentry.o(.ARM.Collect$$rtentry$$00000000) refers (Special) to rtentry2.o(.ARM.Collect$$rtentry$$00000009) for __rt_entry_postsh_1
    rtentry.o(.ARM.Collect$$rtentry$$00000000) refers (Special) to rtentry2.o(.ARM.Collect$$rtentry$$00000002) for __rt_entry_presh_1
    rtentry.o(.ARM.Collect$$rtentry$$00000000) refers (Special) to rtentry4.o(.ARM.Collect$$rtentry$$00000004) for __rt_entry_sh
    dnaninf.o(x$fpl$dnaninf) refers (Special) to usenofp.o(x$fpl$usenofp) for __I$use$fp
    dretinf.o(x$fpl$dretinf) refers (Special) to usenofp.o(x$fpl$usenofp) for __I$use$fp
    fnaninf.o(x$fpl$fnaninf) refers (Special) to usenofp.o(x$fpl$usenofp) for __I$use$fp
    rtentry2.o(.ARM.Collect$$rtentry$$00000008) refers to boardinit2.o(.text) for _platform_post_stackheap_init
    rtentry2.o(.ARM.Collect$$rtentry$$0000000A) refers to libinit.o(.ARM.Collect$$libinit$$00000000) for __rt_lib_init
    rtentry2.o(.ARM.Collect$$rtentry$$0000000B) refers to boardinit3.o(.text) for _platform_post_lib_init
    rtentry2.o(.ARM.Collect$$rtentry$$0000000D) refers to spaceinvaders.o(i.main) for main
    rtentry2.o(.ARM.Collect$$rtentry$$0000000D) refers to exit.o(.text) for exit
    rtentry2.o(.ARM.exidx) refers to rtentry2.o(.ARM.Collect$$rtentry$$00000001) for .ARM.Collect$$rtentry$$00000001
    rtentry2.o(.ARM.exidx) refers to rtentry2.o(.ARM.Collect$$rtentry$$00000008) for .ARM.Collect$$rtentry$$00000008
    rtentry2.o(.ARM.exidx) refers to rtentry2.o(.ARM.Collect$$rtentry$$0000000A) for .ARM.Collect$$rtentry$$0000000A
    rtentry2.o(.ARM.exidx) refers to rtentry2.o(.ARM.Collect$$rtentry$$0000000B) for .ARM.Collect$$rtentry$$0000000B
    rtentry2.o(.ARM.exidx) refers to rtentry2.o(.ARM.Collect$$rtentry$$0000000D) for .ARM.Collect$$rtentry$$0000000D
    rtentry4.o(.ARM.Collect$$rtentry$$00000004) refers to sys_stackheap_outer.o(.text) for __user_setup_stackheap
    rtentry4.o(.ARM.exidx) refers to rtentry4.o(.ARM.Collect$$rtentry$$00000004) for .ARM.Collect$$rtentry$$00000004
    sys_stackheap_outer.o(.text) refers to libspace.o(.text) for __user_perproc_libspace
    sys_stackheap_outer.o(.text) refers to startup.o(.text) for __user_initial_stackheap
    exit.o(.text) refers to rtexit.o(.ARM.Collect$$rtexit$$00000000) for __rt_exit
    libinit.o(.ARM.Collect$$libinit$$00000000) refers (Special) to libinit2.o(.ARM.Collect$$libinit$$0000002C) for __rt_lib_init_alloca_1
    libinit.o(.ARM.Collect$$libinit$$00000000) refers (Special) to libinit2.o(.ARM.Collect$$libinit$$0000002A) for __rt_lib_init_argv_1
    libinit.o(.ARM.Collect$$libinit$$00000000) refers (Special) to libinit2.o(.ARM.Collect$$libinit$$00000019) for __rt_lib_init_atexit_1
    libinit.o(.ARM.Collect$$libinit$$00000000) refers (Special) to libinit2.o(.ARM.Collect$$libinit$$0000001F) for __rt_lib_init_clock_1
    libinit.o(.ARM.Collect$$libinit$$00000000) refers (Special) to libinit2.o(.ARM.Collect$$libinit$$00000030) for __rt_lib_init_cpp_1
    libinit.o(.ARM.Collect$$libinit$$00000000) refers (Special) to libinit2.o(.ARM.Collect$$libinit$$0000002E) for __rt_lib_init_exceptions_1
    libinit.o(.ARM.Collect$$libinit$$00000000) refers (Special) to libinit2.o(.ARM.Collect$$libinit$$00000002) for __rt_lib_init_fp_1
    libinit.o(.ARM.Collect$$libinit$$00000000) refers (Special) to libinit2.o(.ARM.Collect$$libinit$$0000001D) for __rt_lib_init_fp_trap_1
    libinit.o(.ARM.Collect$$libinit$$00000000) refers (Special) to libinit2.o(.ARM.Collect$$libinit$$00000021) for __rt_lib_init_getenv_1
    libinit.o(.ARM.Collect$$libinit$$00000000) refers (Special) to libinit2.o(.ARM.Collect$$libinit$$00000008) for __rt_lib_init_heap_1
    libinit.o(.ARM.Collect$$libinit$$00000000) refers (Special) to libinit2.o(.ARM.Collect$$libinit$$0000000F) for __rt_lib_init_lc_collate_1
    libinit.o(.ARM.Collect$$libinit$$00000000) refers (Special) to libinit2.o(.ARM.Collect$$libinit$$00000011) for __rt_lib_init_lc_ctype_1
    libinit.o(.ARM.Collect$$libinit$$00000000) refers (Special) to libinit2.o(.ARM.Collect$$libinit$$00000013) for __rt_lib_init_lc_monetary_1
    libinit.o(.ARM.Collect$$libinit$$00000000) refers (Special) to libinit2.o(.ARM.Collect$$libinit$$00000015) for __rt_lib_init_lc_numeric_1
    libinit.o(.ARM.Collect$$libinit$$00000000) refers (Special) to libinit2.o(.ARM.Collect$$libinit$$00000017) for __rt_lib_init_lc_time_1
    libinit.o(.ARM.Collect$$libinit$$00000000) refers (Special) to libinit2.o(.ARM.Collect$$libinit$$0000000C) for __rt_lib_init_rand_1
    libinit.o(.ARM.Collect$$libinit$$00000000) refers (Special) to libinit2.o(.ARM.Collect$$libinit$$00000031) for __rt_lib_init_return
    libinit.o(.ARM.Collect$$libinit$$00000000) refers (Special) to libinit2.o(.ARM.Collect$$libinit$$0000001B) for __rt_lib_init_signal_1
    libinit.o(.ARM.Collect$$libinit$$00000000) refers (Special) to libinit2.o(.ARM.Collect$$libinit$$00000023) for __rt_lib_init_stdio_1
    libinit.o(.ARM.Collect$$libinit$$00000000) refers (Special) to libinit2.o(.ARM.Collect$$libinit$$0000000A) for __rt_lib_init_user_alloc_1
    libspace.o(.text) refers to libspace.o(.bss) for __libspace_start
    rtexit.o(.ARM.Collect$$rtexit$$00000000) refers (Special) to rtexit2.o(.ARM.Collect$$rtexit$$00000004) for __rt_exit_exit
    rtexit.o(.ARM.Collect$$rtexit$$00000000) refers (Special) to rtexit2.o(.ARM.Collect$$rtexit$$00000003) for __rt_exit_ls
    rtexit.o(.ARM.Collect$$rtexit$$00000000) refers (Special) to rtexit2.o(.ARM.Collect$$rtexit$$00000002) for __rt_exit_prels_1
    rtexit.o(.ARM.exidx) refers (Special) to rtexit2.o(.ARM.Collect$$rtexit$$00000004) for __rt_exit_exit
    rtexit.o(.ARM.exidx) refers (Special) to rtexit2.o(.ARM.Collect$$rtexit$$00000003) for __rt_exit_ls
    rtexit.o(.ARM.exidx) refers (Special) to rtexit2.o(.ARM.Collect$$rtexit$$00000002) for __rt_exit_prels_1
    rtexit.o(.ARM.exidx) refers to rtexit.o(.ARM.Collect$$rtexit$$00000000) for .ARM.Collect$$rtexit$$00000000
    libinit2.o(.ARM.Collect$$libinit$$0000000E) refers to libinit2.o(.ARM.Collect$$libinit$$0000000D) for .ARM.Collect$$libinit$$0000000D
    libinit2.o(.ARM.Collect$$libinit$$00000010) refers to libinit2.o(.ARM.Collect$$libinit$$0000000D) for .ARM.Collect$$libinit$$0000000D
    libinit2.o(.ARM.Collect$$libinit$$00000012) refers to libinit2.o(.ARM.Collect$$libinit$$0000000D) for .ARM.Collect$$libinit$$0000000D
    libinit2.o(.ARM.Collect$$libinit$$00000014) refers to libinit2.o(.ARM.Collect$$libinit$$0000000D) for .ARM.Collect$$libinit$$0000000D
    libinit2.o(.ARM.Collect$$libinit$$00000016) refers to libinit2.o(.ARM.Collect$$libinit$$0000000D) for .ARM.Collect$$libinit$$0000000D
    libinit2.o(.ARM.Collect$$libinit$$00000024) refers to argv_veneer.o(.emb_text) for __ARM_argv_veneer
    libinit2.o(.ARM.Collect$$libinit$$00000025) refers to argv_veneer.o(.emb_text) for __ARM_argv_veneer
    rtexit2.o(.ARM.Collect$$rtexit$$00000003) refers to libshutdown.o(.ARM.Collect$$libshutdown$$00000000) for __rt_lib_shutdown
    rtexit2.o(.ARM.Collect$$rtexit$$00000004) refers to sys_exit.o(.text) for _sys_exit
    rtexit2.o(.ARM.exidx) refers to rtexit2.o(.ARM.Collect$$rtexit$$00000001) for .ARM.Collect$$rtexit$$00000001
    rtexit2.o(.ARM.exidx) refers to rtexit2.o(.ARM.Collect$$rtexit$$00000003) for .ARM.Collect$$rtexit$$00000003
    rtexit2.o(.ARM.exidx) refers to rtexit2.o(.ARM.Collect$$rtexit$$00000004) for .ARM.Collect$$rtexit$$00000004
    argv_veneer.o(.emb_text) refers to no_argv.o(.text) for __ARM_get_argv
    sys_exit.o(.text) refers (Special) to use_no_semi.o(.text) for __I$use$semihosting
    sys_exit.o(.text) refers (Special) to indicate_semi.o(.text) for __semihosting_library_function
    _get_argv_nomalloc.o(.text) refers (Special) to hrguard.o(.text) for __heap_region$guard
    _get_argv_nomalloc.o(.text) refers to defsig_rtmem_outer.o(.text) for __rt_SIGRTMEM
    _get_argv_nomalloc.o(.text) refers to sys_command.o(.text) for _sys_command_string
    libshutdown.o(.ARM.Collect$$libshutdown$$00000000) refers (Special) to libshutdown2.o(.ARM.Collect$$libshutdown$$00000006) for __rt_lib_shutdown_fp_trap_1
    libshutdown.o(.ARM.Collect$$libshutdown$$00000000) refers (Special) to libshutdown2.o(.ARM.Collect$$libshutdown$$0000000E) for __rt_lib_shutdown_heap_1
    libshutdown.o(.ARM.Collect$$libshutdown$$00000000) refers (Special) to libshutdown2.o(.ARM.Collect$$libshutdown$$0000000F) for __rt_lib_shutdown_return
    libshutdown.o(.ARM.Collect$$libshutdown$$00000000) refers (Special) to libshutdown2.o(.ARM.Collect$$libshutdown$$00000009) for __rt_lib_shutdown_signal_1
    libshutdown.o(.ARM.Collect$$libshutdown$$00000000) refers (Special) to libshutdown2.o(.ARM.Collect$$libshutdown$$00000003) for __rt_lib_shutdown_stdio_1
    libshutdown.o(.ARM.Collect$$libshutdown$$00000000) refers (Special) to libshutdown2.o(.ARM.Collect$$libshutdown$$0000000B) for __rt_lib_shutdown_user_alloc_1
    sys_command.o(.text) refers (Special) to use_no_semi.o(.text) for __I$use$semihosting
    sys_command.o(.text) refers (Special) to indicate_semi.o(.text) for __semihosting_library_function
    defsig_rtmem_outer.o(.text) refers to defsig_rtmem_inner.o(.text) for __rt_SIGRTMEM_inner
    defsig_rtmem_outer.o(.text) refers to defsig_exit.o(.text) for __sig_exit
    defsig_rtmem_formal.o(.text) refers to rt_raise.o(.text) for __rt_raise
    rt_raise.o(.text) refers to __raise.o(.text) for __raise
    rt_raise.o(.text) refers to sys_exit.o(.text) for _sys_exit
    defsig_exit.o(.text) refers to sys_exit.o(.text) for _sys_exit
    defsig_rtmem_inner.o(.text) refers to defsig_general.o(.text) for __default_signal_display
    __raise.o(.text) refers to defsig.o(CL$$defsig) for __default_signal_handler
    defsig_general.o(.text) refers to sys_wrch.o(.text) for _ttywrch
    sys_wrch.o(.text) refers (Special) to use_no_semi.o(.text) for __I$use$semihosting
    sys_wrch.o(.text) refers (Special) to indicate_semi.o(.text) for __semihosting_library_function
    defsig.o(CL$$defsig) refers to defsig_rtmem_inner.o(.text) for __rt_SIGRTMEM_inner
    defsig_abrt_inner.o(.text) refers to defsig_general.o(.text) for __default_signal_display
    defsig_fpe_inner.o(.text) refers to defsig_general.o(.text) for __default_signal_display
    defsig_rtred_inner.o(.text) refers to defsig_general.o(.text) for __default_signal_display
    defsig_stak_inner.o(.text) refers to defsig_general.o(.text) for __default_signal_display
    defsig_pvfn_inner.o(.text) refers to defsig_general.o(.text) for __default_signal_display
    defsig_cppl_inner.o(.text) refers to defsig_general.o(.text) for __default_signal_display
    defsig_segv_inner.o(.text) refers to defsig_general.o(.text) for __default_signal_display
    defsig_other.o(.text) refers to defsig_general.o(.text) for __default_signal_display


==============================================================================

Removing Unused input sections from the image.

    Removing spaceinvaders.o(i.Backlight_Off), (24 bytes).
    Removing spaceinvaders.o(i.Delay100ms), (36 bytes).
    Removing spaceinvaders.o(i.FireWeapon), (44 bytes).
    Removing spaceinvaders.o(i.LED1_Off), (24 bytes).
    Removing spaceinvaders.o(i.LED1_On), (24 bytes).
    Removing spaceinvaders.o(i.LED2_Off), (24 bytes).
    Removing spaceinvaders.o(i.LED2_On), (24 bytes).
    Removing spaceinvaders.o(i.MainLoop1), (176 bytes).
    Removing texas.o(i.SetMode), (24 bytes).
    Removing texas.o(i.StartTimer4), (36 bytes).
    Removing texas.o(i.StopTimer4), (24 bytes).
    Removing texas.o(i.TExaS_Stop), (28 bytes).
    Removing texas.o(i.UART0_InChar), (24 bytes).
    Removing texas.o(i.UART0_InCharNonBlocking), (28 bytes).
    Removing texas.o(i.UART0_OutChar), (24 bytes).
    Removing texas.o(i.UART0_OutCharNonBlock), (12 bytes).
    Removing texas.o(i.copy), (18 bytes).

17 unused section(s) (total 594 bytes) removed from the image.

==============================================================================

Image Symbol Table

    Local Symbols

    Symbol Name                              Value     Ov Type        Size  Object(Section)

    RESET                                    0x00000000   Section      644  startup.o(RESET)
    ../clib/angel/boardlib.s                 0x00000000   Number         0  boardshut.o ABSOLUTE
    ../clib/angel/boardlib.s                 0x00000000   Number         0  boardinit2.o ABSOLUTE
    ../clib/angel/boardlib.s                 0x00000000   Number         0  boardinit1.o ABSOLUTE
    ../clib/angel/boardlib.s                 0x00000000   Number         0  boardinit3.o ABSOLUTE
    ../clib/angel/handlers.s                 0x00000000   Number         0  __scatter_copy.o ABSOLUTE
    ../clib/angel/handlers.s                 0x00000000   Number         0  __scatter_zi.o ABSOLUTE
    ../clib/angel/kernel.s                   0x00000000   Number         0  rtentry2.o ABSOLUTE
    ../clib/angel/kernel.s                   0x00000000   Number         0  rtexit2.o ABSOLUTE
    ../clib/angel/kernel.s                   0x00000000   Number         0  rtentry4.o ABSOLUTE
    ../clib/angel/kernel.s                   0x00000000   Number         0  rtexit.o ABSOLUTE
    ../clib/angel/kernel.s                   0x00000000   Number         0  rtentry.o ABSOLUTE
    ../clib/angel/rt.s                       0x00000000   Number         0  rt_raise.o ABSOLUTE
    ../clib/angel/scatter.s                  0x00000000   Number         0  __scatter.o ABSOLUTE
    ../clib/angel/startup.s                  0x00000000   Number         0  __main.o ABSOLUTE
    ../clib/angel/sys.s                      0x00000000   Number         0  sys_stackheap_outer.o ABSOLUTE
    ../clib/angel/sys.s                      0x00000000   Number         0  use_no_semi.o ABSOLUTE
    ../clib/angel/sys.s                      0x00000000   Number         0  indicate_semi.o ABSOLUTE
    ../clib/angel/sys.s                      0x00000000   Number         0  libspace.o ABSOLUTE
    ../clib/angel/sysapp.c                   0x00000000   Number         0  sys_exit.o ABSOLUTE
    ../clib/angel/sysapp.c                   0x00000000   Number         0  sys_wrch.o ABSOLUTE
    ../clib/angel/sysapp.c                   0x00000000   Number         0  sys_command.o ABSOLUTE
    ../clib/armsys.c                         0x00000000   Number         0  argv_veneer.o ABSOLUTE
    ../clib/armsys.c                         0x00000000   Number         0  _get_argv_nomalloc.o ABSOLUTE
    ../clib/armsys.c                         0x00000000   Number         0  argv_veneer.o ABSOLUTE
    ../clib/armsys.c                         0x00000000   Number         0  no_argv.o ABSOLUTE
    ../clib/heapalloc.c                      0x00000000   Number         0  hrguard.o ABSOLUTE
    ../clib/heapaux.c                        0x00000000   Number         0  heapauxi.o ABSOLUTE
    ../clib/libinit.s                        0x00000000   Number         0  libshutdown2.o ABSOLUTE
    ../clib/libinit.s                        0x00000000   Number         0  libshutdown.o ABSOLUTE
    ../clib/libinit.s                        0x00000000   Number         0  libinit.o ABSOLUTE
    ../clib/libinit.s                        0x00000000   Number         0  libinit2.o ABSOLUTE
    ../clib/signal.c                         0x00000000   Number         0  defsig_rtmem_outer.o ABSOLUTE
    ../clib/signal.c                         0x00000000   Number         0  defsig_rtmem_inner.o ABSOLUTE
    ../clib/signal.c                         0x00000000   Number         0  defsig_cppl_inner.o ABSOLUTE
    ../clib/signal.c                         0x00000000   Number         0  defsig_pvfn_inner.o ABSOLUTE
    ../clib/signal.c                         0x00000000   Number         0  defsig_stak_inner.o ABSOLUTE
    ../clib/signal.c                         0x00000000   Number         0  defsig_rtred_inner.o ABSOLUTE
    ../clib/signal.c                         0x00000000   Number         0  __raise.o ABSOLUTE
    ../clib/signal.c                         0x00000000   Number         0  defsig_abrt_inner.o ABSOLUTE
    ../clib/signal.c                         0x00000000   Number         0  defsig_general.o ABSOLUTE
    ../clib/signal.c                         0x00000000   Number         0  defsig_other.o ABSOLUTE
    ../clib/signal.c                         0x00000000   Number         0  defsig_segv_inner.o ABSOLUTE
    ../clib/signal.c                         0x00000000   Number         0  defsig_rtmem_formal.o ABSOLUTE
    ../clib/signal.c                         0x00000000   Number         0  defsig_exit.o ABSOLUTE
    ../clib/signal.c                         0x00000000   Number         0  defsig_fpe_inner.o ABSOLUTE
    ../clib/signal.s                         0x00000000   Number         0  defsig.o ABSOLUTE
    ../clib/stdlib.c                         0x00000000   Number         0  exit.o ABSOLUTE
    ../fplib/ddiv.s                          0x00000000   Number         0  ddiv.o ABSOLUTE
    ../fplib/dfixu.s                         0x00000000   Number         0  dfixu.o ABSOLUTE
    ../fplib/dnaninf.s                       0x00000000   Number         0  dnaninf.o ABSOLUTE
    ../fplib/dretinf.s                       0x00000000   Number         0  dretinf.o ABSOLUTE
    ../fplib/f2d.s                           0x00000000   Number         0  f2d.o ABSOLUTE
    ../fplib/fflt.s                          0x00000000   Number         0  fflt_clz.o ABSOLUTE
    ../fplib/fnaninf.s                       0x00000000   Number         0  fnaninf.o ABSOLUTE
    ../fplib/fpinit.s                        0x00000000   Number         0  fpinit.o ABSOLUTE
    ../fplib/usenofp.s                       0x00000000   Number         0  usenofp.o ABSOLUTE
    Nokia5110.c                              0x00000000   Number         0  nokia5110.o ABSOLUTE
    SpaceInvaders.c                          0x00000000   Number         0  spaceinvaders.o ABSOLUTE
    TExaS.c                                  0x00000000   Number         0  texas.o ABSOLUTE
    dc.s                                     0x00000000   Number         0  dc.o ABSOLUTE
    random.s                                 0x00000000   Number         0  random.o ABSOLUTE
    startup.s                                0x00000000   Number         0  startup.o ABSOLUTE
    !!!main                                  0x00000284   Section        8  __main.o(!!!main)
    !!!scatter                               0x0000028c   Section       52  __scatter.o(!!!scatter)
    !!handler_copy                           0x000002c0   Section       26  __scatter_copy.o(!!handler_copy)
    !!handler_zi                             0x000002dc   Section       28  __scatter_zi.o(!!handler_zi)
    .ARM.Collect$$libinit$$00000000          0x000002f8   Section        2  libinit.o(.ARM.Collect$$libinit$$00000000)
    .ARM.Collect$$libinit$$00000002          0x000002fa   Section        0  libinit2.o(.ARM.Collect$$libinit$$00000002)
    .ARM.Collect$$libinit$$00000008          0x000002fa   Section        0  libinit2.o(.ARM.Collect$$libinit$$00000008)
    .ARM.Collect$$libinit$$0000000A          0x000002fa   Section        0  libinit2.o(.ARM.Collect$$libinit$$0000000A)
    .ARM.Collect$$libinit$$0000000C          0x000002fa   Section        0  libinit2.o(.ARM.Collect$$libinit$$0000000C)
    .ARM.Collect$$libinit$$0000000F          0x000002fa   Section        0  libinit2.o(.ARM.Collect$$libinit$$0000000F)
    .ARM.Collect$$libinit$$00000011          0x000002fa   Section        0  libinit2.o(.ARM.Collect$$libinit$$00000011)
    .ARM.Collect$$libinit$$00000013          0x000002fa   Section        0  libinit2.o(.ARM.Collect$$libinit$$00000013)
    .ARM.Collect$$libinit$$00000015          0x000002fa   Section        0  libinit2.o(.ARM.Collect$$libinit$$00000015)
    .ARM.Collect$$libinit$$00000017          0x000002fa   Section        0  libinit2.o(.ARM.Collect$$libinit$$00000017)
    .ARM.Collect$$libinit$$00000019          0x000002fa   Section        0  libinit2.o(.ARM.Collect$$libinit$$00000019)
    .ARM.Collect$$libinit$$0000001B          0x000002fa   Section        0  libinit2.o(.ARM.Collect$$libinit$$0000001B)
    .ARM.Collect$$libinit$$0000001D          0x000002fa   Section        0  libinit2.o(.ARM.Collect$$libinit$$0000001D)
    .ARM.Collect$$libinit$$0000001F          0x000002fa   Section        0  libinit2.o(.ARM.Collect$$libinit$$0000001F)
    .ARM.Collect$$libinit$$00000021          0x000002fa   Section        0  libinit2.o(.ARM.Collect$$libinit$$00000021)
    .ARM.Collect$$libinit$$00000023          0x000002fa   Section        0  libinit2.o(.ARM.Collect$$libinit$$00000023)
    .ARM.Collect$$libinit$$0000002A          0x000002fa   Section        0  libinit2.o(.ARM.Collect$$libinit$$0000002A)
    .ARM.Collect$$libinit$$0000002C          0x000002fa   Section        0  libinit2.o(.ARM.Collect$$libinit$$0000002C)
    .ARM.Collect$$libinit$$0000002E          0x000002fa   Section        0  libinit2.o(.ARM.Collect$$libinit$$0000002E)
    .ARM.Collect$$libinit$$00000030          0x000002fa   Section        0  libinit2.o(.ARM.Collect$$libinit$$00000030)
    .ARM.Collect$$libinit$$00000031          0x000002fa   Section        2  libinit2.o(.ARM.Collect$$libinit$$00000031)
    .ARM.Collect$$libshutdown$$00000000      0x000002fc   Section        2  libshutdown.o(.ARM.Collect$$libshutdown$$00000000)
    .ARM.Collect$$libshutdown$$00000003      0x000002fe   Section        0  libshutdown2.o(.ARM.Collect$$libshutdown$$00000003)
    .ARM.Collect$$libshutdown$$00000006      0x000002fe   Section        0  libshutdown2.o(.ARM.Collect$$libshutdown$$00000006)
    .ARM.Collect$$libshutdown$$00000009      0x000002fe   Section        0  libshutdown2.o(.ARM.Collect$$libshutdown$$00000009)
    .ARM.Collect$$libshutdown$$0000000B      0x000002fe   Section        0  libshutdown2.o(.ARM.Collect$$libshutdown$$0000000B)
    .ARM.Collect$$libshutdown$$0000000E      0x000002fe   Section        0  libshutdown2.o(.ARM.Collect$$libshutdown$$0000000E)
    .ARM.Collect$$libshutdown$$0000000F      0x000002fe   Section        2  libshutdown2.o(.ARM.Collect$$libshutdown$$0000000F)
    .ARM.Collect$$rtentry$$00000000          0x00000300   Section        0  rtentry.o(.ARM.Collect$$rtentry$$00000000)
    .ARM.Collect$$rtentry$$00000002          0x00000300   Section        0  rtentry2.o(.ARM.Collect$$rtentry$$00000002)
    .ARM.Collect$$rtentry$$00000004          0x00000300   Section        6  rtentry4.o(.ARM.Collect$$rtentry$$00000004)
    .ARM.Collect$$rtentry$$00000009          0x00000306   Section        0  rtentry2.o(.ARM.Collect$$rtentry$$00000009)
    .ARM.Collect$$rtentry$$0000000A          0x00000306   Section        4  rtentry2.o(.ARM.Collect$$rtentry$$0000000A)
    .ARM.Collect$$rtentry$$0000000C          0x0000030a   Section        0  rtentry2.o(.ARM.Collect$$rtentry$$0000000C)
    .ARM.Collect$$rtentry$$0000000D          0x0000030a   Section        8  rtentry2.o(.ARM.Collect$$rtentry$$0000000D)
    .ARM.Collect$$rtexit$$00000000           0x00000312   Section        2  rtexit.o(.ARM.Collect$$rtexit$$00000000)
    .ARM.Collect$$rtexit$$00000002           0x00000314   Section        0  rtexit2.o(.ARM.Collect$$rtexit$$00000002)
    .ARM.Collect$$rtexit$$00000003           0x00000314   Section        4  rtexit2.o(.ARM.Collect$$rtexit$$00000003)
    .ARM.Collect$$rtexit$$00000004           0x00000318   Section        6  rtexit2.o(.ARM.Collect$$rtexit$$00000004)
    .text                                    0x00000320   Section       48  startup.o(.text)
    .text                                    0x00000350   Section       64  random.o(.text)
    .text                                    0x00000390   Section        0  heapauxi.o(.text)
    .text                                    0x00000396   Section       74  sys_stackheap_outer.o(.text)
    .text                                    0x000003e0   Section        0  exit.o(.text)
    .text                                    0x000003ec   Section        8  libspace.o(.text)
    .text                                    0x000003f4   Section        0  sys_exit.o(.text)
    .text                                    0x00000400   Section        2  use_no_semi.o(.text)
    .text                                    0x00000402   Section        0  indicate_semi.o(.text)
    i.ADC0_In                                0x00000404   Section        0  spaceinvaders.o(i.ADC0_In)
    i.ADC0_Init                              0x00000430   Section        0  spaceinvaders.o(i.ADC0_Init)
    i.ADC1_In                                0x00000500   Section        0  texas.o(i.ADC1_In)
    i.ADC1_Init                              0x0000050c   Section        0  texas.o(i.ADC1_Init)
    i.AnimateEnemies                         0x000005e0   Section        0  spaceinvaders.o(i.AnimateEnemies)
    i.Backlight_Init                         0x00000618   Section        0  spaceinvaders.o(i.Backlight_Init)
    i.Backlight_On                           0x00000680   Section        0  spaceinvaders.o(i.Backlight_On)
    i.Buttons_Init                           0x00000698   Section        0  spaceinvaders.o(i.Buttons_Init)
    i.CrashCheck                             0x000006e8   Section        0  spaceinvaders.o(i.CrashCheck)
    i.DAC_Init                               0x000007e4   Section        0  spaceinvaders.o(i.DAC_Init)
    i.DAC_Out                                0x00000864   Section        0  spaceinvaders.o(i.DAC_Out)
    i.Draw                                   0x00000870   Section        0  spaceinvaders.o(i.Draw)
    i.DrawArea                               0x00000898   Section        0  spaceinvaders.o(i.DrawArea)
    i.DrawEnemies                            0x000008b8   Section        0  spaceinvaders.o(i.DrawEnemies)
    i.DrawExplosions                         0x00000904   Section        0  spaceinvaders.o(i.DrawExplosions)
    i.DrawLasers                             0x0000095c   Section        0  spaceinvaders.o(i.DrawLasers)
    i.DrawPlayer                             0x000009a4   Section        0  spaceinvaders.o(i.DrawPlayer)
    i.GetRandomNumber                        0x000009bc   Section        0  spaceinvaders.o(i.GetRandomNumber)
    i.InitBunkerObjects                      0x000009d4   Section        0  spaceinvaders.o(i.InitBunkerObjects)
    i.InitEnemies                            0x00000a18   Section        0  spaceinvaders.o(i.InitEnemies)
    i.InitLaser                              0x00000a7c   Section        0  spaceinvaders.o(i.InitLaser)
    i.InitPlayer                             0x00000b48   Section        0  spaceinvaders.o(i.InitPlayer)
    i.InvaderShuffle                         0x00000b6c   Section        0  spaceinvaders.o(i.InvaderShuffle)
    i.LEDs_Init                              0x00000b84   Section        0  spaceinvaders.o(i.LEDs_Init)
    i.LifeCheck                              0x00000bec   Section        0  spaceinvaders.o(i.LifeCheck)
    i.MoveLaser                              0x00000c50   Section        0  spaceinvaders.o(i.MoveLaser)
    i.MoveLeft                               0x00000ce4   Section        0  spaceinvaders.o(i.MoveLeft)
    i.MovePlayer                             0x00000d48   Section        0  spaceinvaders.o(i.MovePlayer)
    i.MoveRight                              0x00000d88   Section        0  spaceinvaders.o(i.MoveRight)
    i.Nokia5110_Clear                        0x00000dec   Section        0  nokia5110.o(i.Nokia5110_Clear)
    i.Nokia5110_ClearBuffer                  0x00000e0c   Section        0  nokia5110.o(i.Nokia5110_ClearBuffer)
    i.Nokia5110_DisplayBuffer                0x00000e24   Section        0  nokia5110.o(i.Nokia5110_DisplayBuffer)
    i.Nokia5110_DrawFullImage                0x00000e34   Section        0  nokia5110.o(i.Nokia5110_DrawFullImage)
    i.Nokia5110_Init                         0x00000e58   Section        0  nokia5110.o(i.Nokia5110_Init)
    i.Nokia5110_OutChar                      0x00000fc4   Section        0  nokia5110.o(i.Nokia5110_OutChar)
    i.Nokia5110_OutString                    0x00000ffc   Section        0  nokia5110.o(i.Nokia5110_OutString)
    i.Nokia5110_OutUDec                      0x00001014   Section        0  nokia5110.o(i.Nokia5110_OutUDec)
    i.Nokia5110_PrintBMP                     0x000011b0   Section        0  nokia5110.o(i.Nokia5110_PrintBMP)
    i.Nokia5110_SetCursor                    0x00001358   Section        0  nokia5110.o(i.Nokia5110_SetCursor)
    i.PLL_Init                               0x00001388   Section        0  texas.o(i.PLL_Init)
    i.RandomInvaderShuffle                   0x00001404   Section        0  spaceinvaders.o(i.RandomInvaderShuffle)
    i.Read_Buttons                           0x00001414   Section        0  spaceinvaders.o(i.Read_Buttons)
    i.SetCode                                0x00001424   Section        0  texas.o(i.SetCode)
    i.SetCourse                              0x0000143c   Section        0  texas.o(i.SetCourse)
    i.Sound_Play                             0x00001454   Section        0  spaceinvaders.o(i.Sound_Play)
    i.Start_Screen                           0x0000147c   Section        0  spaceinvaders.o(i.Start_Screen)
    i.SysTick_Handler                        0x000014cc   Section        0  spaceinvaders.o(i.SysTick_Handler)
    i.SystickInit                            0x000014e8   Section        0  spaceinvaders.o(i.SystickInit)
    i.TExaS_Init                             0x0000151c   Section        0  texas.o(i.TExaS_Init)
    i.Timer2A_Handler                        0x000016e0   Section        0  spaceinvaders.o(i.Timer2A_Handler)
    i.Timer2A_Start                          0x0000173c   Section        0  spaceinvaders.o(i.Timer2A_Start)
    i.Timer2A_Stop                           0x0000174c   Section        0  spaceinvaders.o(i.Timer2A_Stop)
    i.Timer2_Init                            0x00001770   Section        0  spaceinvaders.o(i.Timer2_Init)
    i.Timer4A_Handler                        0x000017e0   Section        0  texas.o(i.Timer4A_Handler)
    i.Timer5A_Handler                        0x00001800   Section        0  texas.o(i.Timer5A_Handler)
    i.UART0_Init                             0x00001830   Section        0  texas.o(i.UART0_Init)
    i.UpdateFrame                            0x000018f0   Section        0  spaceinvaders.o(i.UpdateFrame)
    i.lcdwrite                               0x00001a40   Section        0  nokia5110.o(i.lcdwrite)
    lcdwrite                                 0x00001a41   Thumb Code    66  nokia5110.o(i.lcdwrite)
    i.main                                   0x00001a8c   Section        0  spaceinvaders.o(i.main)
    x$fpl$ddiv                               0x00001af4   Section      688  ddiv.o(x$fpl$ddiv)
    ddiv_entry                               0x00001afb   Thumb Code     0  ddiv.o(x$fpl$ddiv)
    x$fpl$dfixu                              0x00001da4   Section       90  dfixu.o(x$fpl$dfixu)
    x$fpl$dnaninf                            0x00001dfe   Section      156  dnaninf.o(x$fpl$dnaninf)
    x$fpl$dretinf                            0x00001e9a   Section       12  dretinf.o(x$fpl$dretinf)
    x$fpl$f2d                                0x00001ea8   Section       86  f2d.o(x$fpl$f2d)
    x$fpl$ffltu                              0x00001f00   Section       38  fflt_clz.o(x$fpl$ffltu)
    x$fpl$fnaninf                            0x00001f26   Section      140  fnaninf.o(x$fpl$fnaninf)
    .constdata                               0x00001fb2   Section      480  nokia5110.o(.constdata)
    x$fpl$usenofp                            0x00001fb2   Section        0  usenofp.o(x$fpl$usenofp)
    ASCII                                    0x00001fb2   Data         480  nokia5110.o(.constdata)
    .constdata                               0x00002192   Section    14099  spaceinvaders.o(.constdata)
    ASCII                                    0x00002192   Data         480  spaceinvaders.o(.constdata)
    .constdata                               0x000058a5   Section      360  texas.o(.constdata)
    .data                                    0x20000000   Section      103  spaceinvaders.o(.data)
    semaphoreCount_IL                        0x20000030   Data           4  spaceinvaders.o(.data)
    laserIndex                               0x20000034   Data           4  spaceinvaders.o(.data)
    semaphoreCount                           0x20000038   Data           4  spaceinvaders.o(.data)
    semaphoreCount                           0x2000003c   Data           4  spaceinvaders.o(.data)
    laserCount                               0x20000040   Data           4  spaceinvaders.o(.data)
    frameCount                               0x20000044   Data           4  spaceinvaders.o(.data)
    semaphoreCount                           0x20000048   Data           4  spaceinvaders.o(.data)
    semaphoreCount                           0x2000004c   Data           4  spaceinvaders.o(.data)
    semaphoreCount                           0x20000050   Data           4  spaceinvaders.o(.data)
    .data                                    0x20000068   Section       52  texas.o(.data)
    DATA                                     0x2000009c   Section        4  random.o(DATA)
    M                                        0x2000009c   Data           4  random.o(DATA)
    .bss                                     0x200000a0   Section      504  nokia5110.o(.bss)
    .bss                                     0x20000298   Section      348  spaceinvaders.o(.bss)
    .bss                                     0x200003f8   Section       56  texas.o(.bss)
    .bss                                     0x20000430   Section       96  libspace.o(.bss)
    HEAP                                     0x20000490   Section        0  startup.o(HEAP)
    STACK                                    0x20000490   Section     1024  startup.o(STACK)
    HeapMem                                  0x20000490   Data           0  startup.o(HEAP)
    StackMem                                 0x20000490   Data           0  startup.o(STACK)

    Global Symbols

    Symbol Name                              Value     Ov Type        Size  Object(Section)

    BuildAttributes$$THM_ISAv4$E$P$D$K$B$S$7EM$PE$A:L22UL41UL21$X:L11$S22US41US21$IEEE1$IW$USESV6$~STKCKD$USESV7$~SHL$OSPACE$ROPI$EBA8$UX$STANDARDLIB$REQ8$PRES8$EABIv2 0x00000000   Number         0  anon$$obj.o ABSOLUTE
    __ARM_use_no_argv                        0x00000000   Number         0  spaceinvaders.o ABSOLUTE
    __Vectors                                0x00000000   Data           0  startup.o(RESET)
    __ARM_exceptions_init                     - Undefined Weak Reference
    __alloca_initialize                       - Undefined Weak Reference
    __cpp_initialize__aeabi_                  - Undefined Weak Reference
    __cxa_finalize                            - Undefined Weak Reference
    __rt_locale                               - Undefined Weak Reference
    __sigvec_lookup                           - Undefined Weak Reference
    _atexit_init                              - Undefined Weak Reference
    _call_atexit_fns                          - Undefined Weak Reference
    _clock_init                               - Undefined Weak Reference
    _fp_trap_init                             - Undefined Weak Reference
    _fp_trap_shutdown                         - Undefined Weak Reference
    _get_lc_collate                           - Undefined Weak Reference
    _get_lc_ctype                             - Undefined Weak Reference
    _get_lc_monetary                          - Undefined Weak Reference
    _get_lc_numeric                           - Undefined Weak Reference
    _get_lc_time                              - Undefined Weak Reference
    _getenv_init                              - Undefined Weak Reference
    _handle_redirection                       - Undefined Weak Reference
    _init_alloc                               - Undefined Weak Reference
    _init_user_alloc                          - Undefined Weak Reference
    _initio                                   - Undefined Weak Reference
    _rand_init                                - Undefined Weak Reference
    _signal_finish                            - Undefined Weak Reference
    _signal_init                              - Undefined Weak Reference
    _terminate_alloc                          - Undefined Weak Reference
    _terminate_user_alloc                     - Undefined Weak Reference
    _terminateio                              - Undefined Weak Reference
    Reset_Handler                            0x0000026d   Thumb Code     0  startup.o(RESET)
    NMI_Handler                              0x00000271   Thumb Code     2  startup.o(RESET)
    HardFault_Handler                        0x00000273   Thumb Code     2  startup.o(RESET)
    MemManage_Handler                        0x00000275   Thumb Code     2  startup.o(RESET)
    BusFault_Handler                         0x00000277   Thumb Code     2  startup.o(RESET)
    UsageFault_Handler                       0x00000279   Thumb Code     2  startup.o(RESET)
    SVC_Handler                              0x0000027b   Thumb Code     2  startup.o(RESET)
    DebugMon_Handler                         0x0000027d   Thumb Code     2  startup.o(RESET)
    PendSV_Handler                           0x0000027f   Thumb Code     2  startup.o(RESET)
    ADC0Seq0_Handler                         0x00000283   Thumb Code     0  startup.o(RESET)
    ADC0Seq1_Handler                         0x00000283   Thumb Code     0  startup.o(RESET)
    ADC0Seq2_Handler                         0x00000283   Thumb Code     0  startup.o(RESET)
    ADC0Seq3_Handler                         0x00000283   Thumb Code     0  startup.o(RESET)
    ADC1Seq0_Handler                         0x00000283   Thumb Code     0  startup.o(RESET)
    ADC1Seq1_Handler                         0x00000283   Thumb Code     0  startup.o(RESET)
    ADC1Seq2_Handler                         0x00000283   Thumb Code     0  startup.o(RESET)
    ADC1Seq3_Handler                         0x00000283   Thumb Code     0  startup.o(RESET)
    CAN0_Handler                             0x00000283   Thumb Code     0  startup.o(RESET)
    CAN1_Handler                             0x00000283   Thumb Code     0  startup.o(RESET)
    CAN2_Handler                             0x00000283   Thumb Code     0  startup.o(RESET)
    Comp0_Handler                            0x00000283   Thumb Code     0  startup.o(RESET)
    Comp1_Handler                            0x00000283   Thumb Code     0  startup.o(RESET)
    Comp2_Handler                            0x00000283   Thumb Code     0  startup.o(RESET)
    Ethernet_Handler                         0x00000283   Thumb Code     0  startup.o(RESET)
    ExtBus_Handler                           0x00000283   Thumb Code     0  startup.o(RESET)
    FPU_Handler                              0x00000283   Thumb Code     0  startup.o(RESET)
    Fan0_Handler                             0x00000283   Thumb Code     0  startup.o(RESET)
    FlashCtl_Handler                         0x00000283   Thumb Code     0  startup.o(RESET)
    GPIOPortA_Handler                        0x00000283   Thumb Code     0  startup.o(RESET)
    GPIOPortB_Handler                        0x00000283   Thumb Code     0  startup.o(RESET)
    GPIOPortC_Handler                        0x00000283   Thumb Code     0  startup.o(RESET)
    GPIOPortD_Handler                        0x00000283   Thumb Code     0  startup.o(RESET)
    GPIOPortE_Handler                        0x00000283   Thumb Code     0  startup.o(RESET)
    GPIOPortF_Handler                        0x00000283   Thumb Code     0  startup.o(RESET)
    GPIOPortG_Handler                        0x00000283   Thumb Code     0  startup.o(RESET)
    GPIOPortH_Handler                        0x00000283   Thumb Code     0  startup.o(RESET)
    GPIOPortJ_Handler                        0x00000283   Thumb Code     0  startup.o(RESET)
    GPIOPortK_Handler                        0x00000283   Thumb Code     0  startup.o(RESET)
    GPIOPortL_Handler                        0x00000283   Thumb Code     0  startup.o(RESET)
    GPIOPortM_Handler                        0x00000283   Thumb Code     0  startup.o(RESET)
    GPIOPortN_Handler                        0x00000283   Thumb Code     0  startup.o(RESET)
    GPIOPortP1_Handler                       0x00000283   Thumb Code     0  startup.o(RESET)
    GPIOPortP2_Handler                       0x00000283   Thumb Code     0  startup.o(RESET)
    GPIOPortP3_Handler                       0x00000283   Thumb Code     0  startup.o(RESET)
    GPIOPortP4_Handler                       0x00000283   Thumb Code     0  startup.o(RESET)
    GPIOPortP5_Handler                       0x00000283   Thumb Code     0  startup.o(RESET)
    GPIOPortP6_Handler                       0x00000283   Thumb Code     0  startup.o(RESET)
    GPIOPortP7_Handler                       0x00000283   Thumb Code     0  startup.o(RESET)
    GPIOPortP_Handler                        0x00000283   Thumb Code     0  startup.o(RESET)
    GPIOPortQ1_Handler                       0x00000283   Thumb Code     0  startup.o(RESET)
    GPIOPortQ2_Handler                       0x00000283   Thumb Code     0  startup.o(RESET)
    GPIOPortQ3_Handler                       0x00000283   Thumb Code     0  startup.o(RESET)
    GPIOPortQ4_Handler                       0x00000283   Thumb Code     0  startup.o(RESET)
    GPIOPortQ5_Handler                       0x00000283   Thumb Code     0  startup.o(RESET)
    GPIOPortQ6_Handler                       0x00000283   Thumb Code     0  startup.o(RESET)
    GPIOPortQ7_Handler                       0x00000283   Thumb Code     0  startup.o(RESET)
    GPIOPortQ_Handler                        0x00000283   Thumb Code     0  startup.o(RESET)
    GPIOPortR_Handler                        0x00000283   Thumb Code     0  startup.o(RESET)
    GPIOPortS_Handler                        0x00000283   Thumb Code     0  startup.o(RESET)
    Hibernate_Handler                        0x00000283   Thumb Code     0  startup.o(RESET)
    I2C0_Handler                             0x00000283   Thumb Code     0  startup.o(RESET)
    I2C1_Handler                             0x00000283   Thumb Code     0  startup.o(RESET)
    I2C2_Handler                             0x00000283   Thumb Code     0  startup.o(RESET)
    I2C3_Handler                             0x00000283   Thumb Code     0  startup.o(RESET)
    I2C4_Handler                             0x00000283   Thumb Code     0  startup.o(RESET)
    I2C5_Handler                             0x00000283   Thumb Code     0  startup.o(RESET)
    I2S0_Handler                             0x00000283   Thumb Code     0  startup.o(RESET)
    LPC0_Handler                             0x00000283   Thumb Code     0  startup.o(RESET)
    PECI0_Handler                            0x00000283   Thumb Code     0  startup.o(RESET)
    PWM0Fault_Handler                        0x00000283   Thumb Code     0  startup.o(RESET)
    PWM0Generator0_Handler                   0x00000283   Thumb Code     0  startup.o(RESET)
    PWM0Generator1_Handler                   0x00000283   Thumb Code     0  startup.o(RESET)
    PWM0Generator2_Handler                   0x00000283   Thumb Code     0  startup.o(RESET)
    PWM0Generator3_Handler                   0x00000283   Thumb Code     0  startup.o(RESET)
    PWM1Fault_Handler                        0x00000283   Thumb Code     0  startup.o(RESET)
    PWM1Generator0_Handler                   0x00000283   Thumb Code     0  startup.o(RESET)
    PWM1Generator1_Handler                   0x00000283   Thumb Code     0  startup.o(RESET)
    PWM1Generator2_Handler                   0x00000283   Thumb Code     0  startup.o(RESET)
    PWM1Generator3_Handler                   0x00000283   Thumb Code     0  startup.o(RESET)
    Quadrature0_Handler                      0x00000283   Thumb Code     0  startup.o(RESET)
    Quadrature1_Handler                      0x00000283   Thumb Code     0  startup.o(RESET)
    Quadrature2_Handler                      0x00000283   Thumb Code     0  startup.o(RESET)
    SSI0_Handler                             0x00000283   Thumb Code     0  startup.o(RESET)
    SSI1_Handler                             0x00000283   Thumb Code     0  startup.o(RESET)
    SSI2_Handler                             0x00000283   Thumb Code     0  startup.o(RESET)
    SSI3_Handler                             0x00000283   Thumb Code     0  startup.o(RESET)
    SysCtl_Handler                           0x00000283   Thumb Code     0  startup.o(RESET)
    Timer0A_Handler                          0x00000283   Thumb Code     0  startup.o(RESET)
    Timer0B_Handler                          0x00000283   Thumb Code     0  startup.o(RESET)
    Timer1A_Handler                          0x00000283   Thumb Code     0  startup.o(RESET)
    Timer1B_Handler                          0x00000283   Thumb Code     0  startup.o(RESET)
    Timer2B_Handler                          0x00000283   Thumb Code     0  startup.o(RESET)
    Timer3A_Handler                          0x00000283   Thumb Code     0  startup.o(RESET)
    Timer3B_Handler                          0x00000283   Thumb Code     0  startup.o(RESET)
    Timer4B_Handler                          0x00000283   Thumb Code     0  startup.o(RESET)
    Timer5B_Handler                          0x00000283   Thumb Code     0  startup.o(RESET)
    UART0_Handler                            0x00000283   Thumb Code     0  startup.o(RESET)
    UART1_Handler                            0x00000283   Thumb Code     0  startup.o(RESET)
    UART2_Handler                            0x00000283   Thumb Code     0  startup.o(RESET)
    UART3_Handler                            0x00000283   Thumb Code     0  startup.o(RESET)
    UART4_Handler                            0x00000283   Thumb Code     0  startup.o(RESET)
    UART5_Handler                            0x00000283   Thumb Code     0  startup.o(RESET)
    UART6_Handler                            0x00000283   Thumb Code     0  startup.o(RESET)
    UART7_Handler                            0x00000283   Thumb Code     0  startup.o(RESET)
    USB0_Handler                             0x00000283   Thumb Code     0  startup.o(RESET)
    WDT_Handler                              0x00000283   Thumb Code     0  startup.o(RESET)
    WideTimer0A_Handler                      0x00000283   Thumb Code     0  startup.o(RESET)
    WideTimer0B_Handler                      0x00000283   Thumb Code     0  startup.o(RESET)
    WideTimer1A_Handler                      0x00000283   Thumb Code     0  startup.o(RESET)
    WideTimer1B_Handler                      0x00000283   Thumb Code     0  startup.o(RESET)
    WideTimer2A_Handler                      0x00000283   Thumb Code     0  startup.o(RESET)
    WideTimer2B_Handler                      0x00000283   Thumb Code     0  startup.o(RESET)
    WideTimer3A_Handler                      0x00000283   Thumb Code     0  startup.o(RESET)
    WideTimer3B_Handler                      0x00000283   Thumb Code     0  startup.o(RESET)
    WideTimer4A_Handler                      0x00000283   Thumb Code     0  startup.o(RESET)
    WideTimer4B_Handler                      0x00000283   Thumb Code     0  startup.o(RESET)
    WideTimer5A_Handler                      0x00000283   Thumb Code     0  startup.o(RESET)
    WideTimer5B_Handler                      0x00000283   Thumb Code     0  startup.o(RESET)
    uDMA_Error                               0x00000283   Thumb Code     0  startup.o(RESET)
    uDMA_Handler                             0x00000283   Thumb Code     0  startup.o(RESET)
    __main                                   0x00000285   Thumb Code     8  __main.o(!!!main)
    __scatterload                            0x0000028d   Thumb Code     0  __scatter.o(!!!scatter)
    __scatterload_rt2                        0x0000028d   Thumb Code    44  __scatter.o(!!!scatter)
    __scatterload_rt2_thumb_only             0x0000028d   Thumb Code     0  __scatter.o(!!!scatter)
    __scatterload_null                       0x0000029b   Thumb Code     0  __scatter.o(!!!scatter)
    __scatterload_copy                       0x000002c1   Thumb Code    26  __scatter_copy.o(!!handler_copy)
    __scatterload_zeroinit                   0x000002dd   Thumb Code    28  __scatter_zi.o(!!handler_zi)
    __rt_lib_init                            0x000002f9   Thumb Code     0  libinit.o(.ARM.Collect$$libinit$$00000000)
    __rt_lib_init_alloca_1                   0x000002fb   Thumb Code     0  libinit2.o(.ARM.Collect$$libinit$$0000002C)
    __rt_lib_init_argv_1                     0x000002fb   Thumb Code     0  libinit2.o(.ARM.Collect$$libinit$$0000002A)
    __rt_lib_init_atexit_1                   0x000002fb   Thumb Code     0  libinit2.o(.ARM.Collect$$libinit$$00000019)
    __rt_lib_init_clock_1                    0x000002fb   Thumb Code     0  libinit2.o(.ARM.Collect$$libinit$$0000001F)
    __rt_lib_init_cpp_1                      0x000002fb   Thumb Code     0  libinit2.o(.ARM.Collect$$libinit$$00000030)
    __rt_lib_init_exceptions_1               0x000002fb   Thumb Code     0  libinit2.o(.ARM.Collect$$libinit$$0000002E)
    __rt_lib_init_fp_1                       0x000002fb   Thumb Code     0  libinit2.o(.ARM.Collect$$libinit$$00000002)
    __rt_lib_init_fp_trap_1                  0x000002fb   Thumb Code     0  libinit2.o(.ARM.Collect$$libinit$$0000001D)
    __rt_lib_init_getenv_1                   0x000002fb   Thumb Code     0  libinit2.o(.ARM.Collect$$libinit$$00000021)
    __rt_lib_init_heap_1                     0x000002fb   Thumb Code     0  libinit2.o(.ARM.Collect$$libinit$$00000008)
    __rt_lib_init_lc_collate_1               0x000002fb   Thumb Code     0  libinit2.o(.ARM.Collect$$libinit$$0000000F)
    __rt_lib_init_lc_ctype_1                 0x000002fb   Thumb Code     0  libinit2.o(.ARM.Collect$$libinit$$00000011)
    __rt_lib_init_lc_monetary_1              0x000002fb   Thumb Code     0  libinit2.o(.ARM.Collect$$libinit$$00000013)
    __rt_lib_init_lc_numeric_1               0x000002fb   Thumb Code     0  libinit2.o(.ARM.Collect$$libinit$$00000015)
    __rt_lib_init_lc_time_1                  0x000002fb   Thumb Code     0  libinit2.o(.ARM.Collect$$libinit$$00000017)
    __rt_lib_init_rand_1                     0x000002fb   Thumb Code     0  libinit2.o(.ARM.Collect$$libinit$$0000000C)
    __rt_lib_init_return                     0x000002fb   Thumb Code     0  libinit2.o(.ARM.Collect$$libinit$$00000031)
    __rt_lib_init_signal_1                   0x000002fb   Thumb Code     0  libinit2.o(.ARM.Collect$$libinit$$0000001B)
    __rt_lib_init_stdio_1                    0x000002fb   Thumb Code     0  libinit2.o(.ARM.Collect$$libinit$$00000023)
    __rt_lib_init_user_alloc_1               0x000002fb   Thumb Code     0  libinit2.o(.ARM.Collect$$libinit$$0000000A)
    __rt_lib_shutdown                        0x000002fd   Thumb Code     0  libshutdown.o(.ARM.Collect$$libshutdown$$00000000)
    __rt_lib_shutdown_fp_trap_1              0x000002ff   Thumb Code     0  libshutdown2.o(.ARM.Collect$$libshutdown$$00000006)
    __rt_lib_shutdown_heap_1                 0x000002ff   Thumb Code     0  libshutdown2.o(.ARM.Collect$$libshutdown$$0000000E)
    __rt_lib_shutdown_return                 0x000002ff   Thumb Code     0  libshutdown2.o(.ARM.Collect$$libshutdown$$0000000F)
    __rt_lib_shutdown_signal_1               0x000002ff   Thumb Code     0  libshutdown2.o(.ARM.Collect$$libshutdown$$00000009)
    __rt_lib_shutdown_stdio_1                0x000002ff   Thumb Code     0  libshutdown2.o(.ARM.Collect$$libshutdown$$00000003)
    __rt_lib_shutdown_user_alloc_1           0x000002ff   Thumb Code     0  libshutdown2.o(.ARM.Collect$$libshutdown$$0000000B)
    __rt_entry                               0x00000301   Thumb Code     0  rtentry.o(.ARM.Collect$$rtentry$$00000000)
    __rt_entry_presh_1                       0x00000301   Thumb Code     0  rtentry2.o(.ARM.Collect$$rtentry$$00000002)
    __rt_entry_sh                            0x00000301   Thumb Code     0  rtentry4.o(.ARM.Collect$$rtentry$$00000004)
    __rt_entry_li                            0x00000307   Thumb Code     0  rtentry2.o(.ARM.Collect$$rtentry$$0000000A)
    __rt_entry_postsh_1                      0x00000307   Thumb Code     0  rtentry2.o(.ARM.Collect$$rtentry$$00000009)
    __rt_entry_main                          0x0000030b   Thumb Code     0  rtentry2.o(.ARM.Collect$$rtentry$$0000000D)
    __rt_entry_postli_1                      0x0000030b   Thumb Code     0  rtentry2.o(.ARM.Collect$$rtentry$$0000000C)
    __rt_exit                                0x00000313   Thumb Code     0  rtexit.o(.ARM.Collect$$rtexit$$00000000)
    __rt_exit_ls                             0x00000315   Thumb Code     0  rtexit2.o(.ARM.Collect$$rtexit$$00000003)
    __rt_exit_prels_1                        0x00000315   Thumb Code     0  rtexit2.o(.ARM.Collect$$rtexit$$00000002)
    __rt_exit_exit                           0x00000319   Thumb Code     0  rtexit2.o(.ARM.Collect$$rtexit$$00000004)
    DisableInterrupts                        0x00000321   Thumb Code     0  startup.o(.text)
    EnableInterrupts                         0x00000325   Thumb Code     0  startup.o(.text)
    StartCritical                            0x00000329   Thumb Code     0  startup.o(.text)
    EndCritical                              0x00000331   Thumb Code     0  startup.o(.text)
    WaitForInterrupt                         0x00000337   Thumb Code     0  startup.o(.text)
    __user_initial_stackheap                 0x0000033b   Thumb Code     0  startup.o(.text)
    Random_Init                              0x00000351   Thumb Code     0  random.o(.text)
    Random32                                 0x0000035b   Thumb Code     2  random.o(.text)
    Random                                   0x0000036d   Thumb Code     2  random.o(.text)
    __use_two_region_memory                  0x00000391   Thumb Code     2  heapauxi.o(.text)
    __rt_heap_escrow$2region                 0x00000393   Thumb Code     2  heapauxi.o(.text)
    __rt_heap_expand$2region                 0x00000395   Thumb Code     2  heapauxi.o(.text)
    __user_setup_stackheap                   0x00000397   Thumb Code    74  sys_stackheap_outer.o(.text)
    exit                                     0x000003e1   Thumb Code    12  exit.o(.text)
    __user_libspace                          0x000003ed   Thumb Code     8  libspace.o(.text)
    __user_perproc_libspace                  0x000003ed   Thumb Code     0  libspace.o(.text)
    __user_perthread_libspace                0x000003ed   Thumb Code     0  libspace.o(.text)
    _sys_exit                                0x000003f5   Thumb Code     8  sys_exit.o(.text)
    __I$use$semihosting                      0x00000401   Thumb Code     0  use_no_semi.o(.text)
    __use_no_semihosting_swi                 0x00000401   Thumb Code     2  use_no_semi.o(.text)
    __semihosting_library_function           0x00000403   Thumb Code     0  indicate_semi.o(.text)
    ADC0_In                                  0x00000405   Thumb Code    36  spaceinvaders.o(i.ADC0_In)
    ADC0_Init                                0x00000431   Thumb Code   172  spaceinvaders.o(i.ADC0_Init)
    ADC1_In                                  0x00000501   Thumb Code     6  texas.o(i.ADC1_In)
    ADC1_Init                                0x0000050d   Thumb Code   174  texas.o(i.ADC1_Init)
    AnimateEnemies                           0x000005e1   Thumb Code    46  spaceinvaders.o(i.AnimateEnemies)
    Backlight_Init                           0x00000619   Thumb Code    80  spaceinvaders.o(i.Backlight_Init)
    Backlight_On                             0x00000681   Thumb Code    16  spaceinvaders.o(i.Backlight_On)
    Buttons_Init                             0x00000699   Thumb Code    54  spaceinvaders.o(i.Buttons_Init)
    CrashCheck                               0x000006e9   Thumb Code   228  spaceinvaders.o(i.CrashCheck)
    DAC_Init                                 0x000007e5   Thumb Code   100  spaceinvaders.o(i.DAC_Init)
    DAC_Out                                  0x00000865   Thumb Code     6  spaceinvaders.o(i.DAC_Out)
    Draw                                     0x00000871   Thumb Code    40  spaceinvaders.o(i.Draw)
    DrawArea                                 0x00000899   Thumb Code    26  spaceinvaders.o(i.DrawArea)
    DrawEnemies                              0x000008b9   Thumb Code    72  spaceinvaders.o(i.DrawEnemies)
    DrawExplosions                           0x00000905   Thumb Code    78  spaceinvaders.o(i.DrawExplosions)
    DrawLasers                               0x0000095d   Thumb Code    66  spaceinvaders.o(i.DrawLasers)
    DrawPlayer                               0x000009a5   Thumb Code    18  spaceinvaders.o(i.DrawPlayer)
    GetRandomNumber                          0x000009bd   Thumb Code    22  spaceinvaders.o(i.GetRandomNumber)
    InitBunkerObjects                        0x000009d5   Thumb Code    42  spaceinvaders.o(i.InitBunkerObjects)
    InitEnemies                              0x00000a19   Thumb Code    88  spaceinvaders.o(i.InitEnemies)
    InitLaser                                0x00000a7d   Thumb Code   170  spaceinvaders.o(i.InitLaser)
    InitPlayer                               0x00000b49   Thumb Code    28  spaceinvaders.o(i.InitPlayer)
    InvaderShuffle                           0x00000b6d   Thumb Code    24  spaceinvaders.o(i.InvaderShuffle)
    LEDs_Init                                0x00000b85   Thumb Code    80  spaceinvaders.o(i.LEDs_Init)
    LifeCheck                                0x00000bed   Thumb Code    88  spaceinvaders.o(i.LifeCheck)
    MoveLaser                                0x00000c51   Thumb Code   130  spaceinvaders.o(i.MoveLaser)
    MoveLeft                                 0x00000ce5   Thumb Code    90  spaceinvaders.o(i.MoveLeft)
    MovePlayer                               0x00000d49   Thumb Code    48  spaceinvaders.o(i.MovePlayer)
    MoveRight                                0x00000d89   Thumb Code    92  spaceinvaders.o(i.MoveRight)
    Nokia5110_Clear                          0x00000ded   Thumb Code    32  nokia5110.o(i.Nokia5110_Clear)
    Nokia5110_ClearBuffer                    0x00000e0d   Thumb Code    20  nokia5110.o(i.Nokia5110_ClearBuffer)
    Nokia5110_DisplayBuffer                  0x00000e25   Thumb Code    10  nokia5110.o(i.Nokia5110_DisplayBuffer)
    Nokia5110_DrawFullImage                  0x00000e35   Thumb Code    34  nokia5110.o(i.Nokia5110_DrawFullImage)
    Nokia5110_Init                           0x00000e59   Thumb Code   316  nokia5110.o(i.Nokia5110_Init)
    Nokia5110_OutChar                        0x00000fc5   Thumb Code    52  nokia5110.o(i.Nokia5110_OutChar)
    Nokia5110_OutString                      0x00000ffd   Thumb Code    22  nokia5110.o(i.Nokia5110_OutString)
    Nokia5110_OutUDec                        0x00001015   Thumb Code   394  nokia5110.o(i.Nokia5110_OutUDec)
    Nokia5110_PrintBMP                       0x000011b1   Thumb Code   420  nokia5110.o(i.Nokia5110_PrintBMP)
    Nokia5110_SetCursor                      0x00001359   Thumb Code    48  nokia5110.o(i.Nokia5110_SetCursor)
    PLL_Init                                 0x00001389   Thumb Code   118  texas.o(i.PLL_Init)
    RandomInvaderShuffle                     0x00001405   Thumb Code    14  spaceinvaders.o(i.RandomInvaderShuffle)
    Read_Buttons                             0x00001415   Thumb Code    10  spaceinvaders.o(i.Read_Buttons)
    SetCode                                  0x00001425   Thumb Code    20  texas.o(i.SetCode)
    SetCourse                                0x0000143d   Thumb Code    20  texas.o(i.SetCourse)
    Sound_Play                               0x00001455   Thumb Code    26  spaceinvaders.o(i.Sound_Play)
    Start_Screen                             0x0000147d   Thumb Code    74  spaceinvaders.o(i.Start_Screen)
    SysTick_Handler                          0x000014cd   Thumb Code    18  spaceinvaders.o(i.SysTick_Handler)
    SystickInit                              0x000014e9   Thumb Code    42  spaceinvaders.o(i.SystickInit)
    TExaS_Init                               0x0000151d   Thumb Code   324  texas.o(i.TExaS_Init)
    Timer2A_Handler                          0x000016e1   Thumb Code    70  spaceinvaders.o(i.Timer2A_Handler)
    Timer2A_Start                            0x0000173d   Thumb Code    10  spaceinvaders.o(i.Timer2A_Start)
    Timer2A_Stop                             0x0000174d   Thumb Code    30  spaceinvaders.o(i.Timer2A_Stop)
    Timer2_Init                              0x00001771   Thumb Code    88  spaceinvaders.o(i.Timer2_Init)
    Timer4A_Handler                          0x000017e1   Thumb Code    20  texas.o(i.Timer4A_Handler)
    Timer5A_Handler                          0x00001801   Thumb Code    34  texas.o(i.Timer5A_Handler)
    UART0_Init                               0x00001831   Thumb Code   160  texas.o(i.UART0_Init)
    UpdateFrame                              0x000018f1   Thumb Code   264  spaceinvaders.o(i.UpdateFrame)
    main                                     0x00001a8d   Thumb Code    94  spaceinvaders.o(i.main)
    __aeabi_ddiv                             0x00001af5   Thumb Code     0  ddiv.o(x$fpl$ddiv)
    _ddiv                                    0x00001af5   Thumb Code   552  ddiv.o(x$fpl$ddiv)
    __aeabi_d2uiz                            0x00001da5   Thumb Code     0  dfixu.o(x$fpl$dfixu)
    _dfixu                                   0x00001da5   Thumb Code    90  dfixu.o(x$fpl$dfixu)
    __fpl_dnaninf                            0x00001dff   Thumb Code   156  dnaninf.o(x$fpl$dnaninf)
    __fpl_dretinf                            0x00001e9b   Thumb Code    12  dretinf.o(x$fpl$dretinf)
    __aeabi_f2d                              0x00001ea9   Thumb Code     0  f2d.o(x$fpl$f2d)
    _f2d                                     0x00001ea9   Thumb Code    86  f2d.o(x$fpl$f2d)
    __aeabi_ui2f                             0x00001f01   Thumb Code     0  fflt_clz.o(x$fpl$ffltu)
    _ffltu                                   0x00001f01   Thumb Code    38  fflt_clz.o(x$fpl$ffltu)
    __fpl_fnaninf                            0x00001f27   Thumb Code   140  fnaninf.o(x$fpl$fnaninf)
    __I$use$fp                               0x00001fb2   Number         0  usenofp.o(x$fpl$usenofp)
    SmallEnemy30PointA                       0x00002372   Data         199  spaceinvaders.o(.constdata)
    SmallEnemy30PointB                       0x00002439   Data         199  spaceinvaders.o(.constdata)
    SmallEnemy20PointA                       0x00002500   Data         199  spaceinvaders.o(.constdata)
    SmallEnemy20PointB                       0x000025c7   Data         199  spaceinvaders.o(.constdata)
    SmallEnemy10PointA                       0x0000268e   Data         199  spaceinvaders.o(.constdata)
    SmallEnemy10PointB                       0x00002755   Data         199  spaceinvaders.o(.constdata)
    PlayerShip0                              0x0000281c   Data         215  spaceinvaders.o(.constdata)
    SmallEnemyBonus0                         0x000028f3   Data         203  spaceinvaders.o(.constdata)
    Bunker0                                  0x000029be   Data         179  spaceinvaders.o(.constdata)
    Bunker1                                  0x00002a71   Data         179  spaceinvaders.o(.constdata)
    Bunker2                                  0x00002b24   Data         179  spaceinvaders.o(.constdata)
    Bunker3                                  0x00002bd7   Data         179  spaceinvaders.o(.constdata)
    BigExplosion0                            0x00002c8a   Data         215  spaceinvaders.o(.constdata)
    BigExplosion1                            0x00002d61   Data         215  spaceinvaders.o(.constdata)
    SmallExplosion0                          0x00002e38   Data         199  spaceinvaders.o(.constdata)
    SmallExplosion1                          0x00002eff   Data         199  spaceinvaders.o(.constdata)
    Missile0                                 0x00002fc6   Data         155  spaceinvaders.o(.constdata)
    Missile1                                 0x00003061   Data         155  spaceinvaders.o(.constdata)
    Missile2                                 0x000030fc   Data         155  spaceinvaders.o(.constdata)
    Laser0                                   0x00003197   Data         155  spaceinvaders.o(.constdata)
    Laser1                                   0x00003232   Data         155  spaceinvaders.o(.constdata)
    titlescreennew                           0x000032cd   Data        2231  spaceinvaders.o(.constdata)
    shoot                                    0x00003b84   Data        4080  spaceinvaders.o(.constdata)
    invaderkilled                            0x00004b74   Data        3377  spaceinvaders.o(.constdata)
    NoInputMsg                               0x000058a5   Data          40  texas.o(.constdata)
    OutputPortMsg0                           0x000058cd   Data          40  texas.o(.constdata)
    OutputPortMsg1                           0x000058f5   Data          40  texas.o(.constdata)
    OutputPortMsg2                           0x0000591d   Data          40  texas.o(.constdata)
    OutputPortMsg3                           0x00005945   Data          40  texas.o(.constdata)
    BlankMsg                                 0x0000596d   Data          40  texas.o(.constdata)
    InitializedMsg                           0x00005995   Data          40  texas.o(.constdata)
    IntroMsg                                 0x000059bd   Data          40  texas.o(.constdata)
    DoneMsg                                  0x000059e5   Data          40  texas.o(.constdata)
    Region$$Table$$Base                      0x00005a10   Number         0  anon$$obj.o(Region$$Table)
    Region$$Table$$Limit                     0x00005a30   Number         0  anon$$obj.o(Region$$Table)
    soundIndex                               0x20000000   Data           4  spaceinvaders.o(.data)
    arrayCount                               0x20000004   Data           4  spaceinvaders.o(.data)
    adc                                      0x20000008   Data           4  spaceinvaders.o(.data)
    EnemyTypes1                              0x2000000c   Data          16  spaceinvaders.o(.data)
    EnemyTypes2                              0x2000001c   Data          16  spaceinvaders.o(.data)
    playerLaserCount                         0x2000002c   Data           4  spaceinvaders.o(.data)
    timerCount                               0x20000054   Data           4  spaceinvaders.o(.data)
    semaphore                                0x20000058   Data           4  spaceinvaders.o(.data)
    Wave                                     0x2000005c   Data           4  spaceinvaders.o(.data)
    ADCdata                                  0x20000060   Data           4  spaceinvaders.o(.data)
    DisplayMode                              0x20000064   Data           1  spaceinvaders.o(.data)
    LaserFire                                0x20000065   Data           1  spaceinvaders.o(.data)
    LaserSpeed                               0x20000066   Data           1  spaceinvaders.o(.data)
    TExaS_Period                             0x20000068   Data           4  texas.o(.data)
    TExaS_Ports                              0x2000006c   Data           8  texas.o(.data)
    Display                                  0x20000074   Data           1  texas.o(.data)
    TExaS_Meter                              0x20000078   Data           4  texas.o(.data)
    ADCnum                                   0x2000007c   Data           4  texas.o(.data)
    LastMode                                 0x20000080   Data           4  texas.o(.data)
    bFlag                                    0x20000084   Data           4  texas.o(.data)
    Count                                    0x20000088   Data           4  texas.o(.data)
    DelayBetweenTests                        0x2000008c   Data           4  texas.o(.data)
    TExaS_Test                               0x20000090   Data           4  texas.o(.data)
    ScopeMode                                0x20000094   Data           4  texas.o(.data)
    ScopeCount                               0x20000098   Data           4  texas.o(.data)
    Screen                                   0x200000a0   Data         504  nokia5110.o(.bss)
    String                                   0x20000298   Data          10  spaceinvaders.o(.bss)
    Enemy                                    0x200002a4   Data          80  spaceinvaders.o(.bss)
    Bunker                                   0x200002f4   Data          84  spaceinvaders.o(.bss)
    LaserImage                               0x20000348   Data          60  spaceinvaders.o(.bss)
    Player                                   0x20000384   Data          20  spaceinvaders.o(.bss)
    ExplosionObject                          0x20000398   Data          80  spaceinvaders.o(.bss)
    LaserParams                              0x200003e8   Data          12  spaceinvaders.o(.bss)
    TExaS                                    0x200003f8   Data          56  texas.o(.bss)
    __libspace_start                         0x20000430   Data          96  libspace.o(.bss)
    __temporary_stack_top$libspace           0x20000490   Data           0  libspace.o(.bss)



==============================================================================

Memory Map of the image

  Image Entry point : 0x0000026d

  Load Region LR_1 (Base: 0x00000000, Size: 0x00005ad0, Max: 0xffffffff, ABSOLUTE)

    Execution Region ER_RO (Base: 0x00000000, Size: 0x00005a30, Max: 0xffffffff, ABSOLUTE)

    Base Addr    Size         Type   Attr      Idx    E Section Name        Object

    0x00000000   0x00000284   Code   RO            3  * RESET               startup.o
    0x00000284   0x00000008   Code   RO          515  * !!!main             c_w.l(__main.o)
    0x0000028c   0x00000034   Code   RO          692    !!!scatter          c_w.l(__scatter.o)
    0x000002c0   0x0000001a   Code   RO          694    !!handler_copy      c_w.l(__scatter_copy.o)
    0x000002da   0x00000002   PAD
    0x000002dc   0x0000001c   Code   RO          696    !!handler_zi        c_w.l(__scatter_zi.o)
    0x000002f8   0x00000002   Code   RO          565    .ARM.Collect$$libinit$$00000000  c_w.l(libinit.o)
    0x000002fa   0x00000000   Code   RO          572    .ARM.Collect$$libinit$$00000002  c_w.l(libinit2.o)
    0x000002fa   0x00000000   Code   RO          575    .ARM.Collect$$libinit$$00000008  c_w.l(libinit2.o)
    0x000002fa   0x00000000   Code   RO          577    .ARM.Collect$$libinit$$0000000A  c_w.l(libinit2.o)
    0x000002fa   0x00000000   Code   RO          579    .ARM.Collect$$libinit$$0000000C  c_w.l(libinit2.o)
    0x000002fa   0x00000000   Code   RO          582    .ARM.Collect$$libinit$$0000000F  c_w.l(libinit2.o)
    0x000002fa   0x00000000   Code   RO          584    .ARM.Collect$$libinit$$00000011  c_w.l(libinit2.o)
    0x000002fa   0x00000000   Code   RO          586    .ARM.Collect$$libinit$$00000013  c_w.l(libinit2.o)
    0x000002fa   0x00000000   Code   RO          588    .ARM.Collect$$libinit$$00000015  c_w.l(libinit2.o)
    0x000002fa   0x00000000   Code   RO          590    .ARM.Collect$$libinit$$00000017  c_w.l(libinit2.o)
    0x000002fa   0x00000000   Code   RO          592    .ARM.Collect$$libinit$$00000019  c_w.l(libinit2.o)
    0x000002fa   0x00000000   Code   RO          594    .ARM.Collect$$libinit$$0000001B  c_w.l(libinit2.o)
    0x000002fa   0x00000000   Code   RO          596    .ARM.Collect$$libinit$$0000001D  c_w.l(libinit2.o)
    0x000002fa   0x00000000   Code   RO          598    .ARM.Collect$$libinit$$0000001F  c_w.l(libinit2.o)
    0x000002fa   0x00000000   Code   RO          600    .ARM.Collect$$libinit$$00000021  c_w.l(libinit2.o)
    0x000002fa   0x00000000   Code   RO          602    .ARM.Collect$$libinit$$00000023  c_w.l(libinit2.o)
    0x000002fa   0x00000000   Code   RO          606    .ARM.Collect$$libinit$$0000002A  c_w.l(libinit2.o)
    0x000002fa   0x00000000   Code   RO          608    .ARM.Collect$$libinit$$0000002C  c_w.l(libinit2.o)
    0x000002fa   0x00000000   Code   RO          610    .ARM.Collect$$libinit$$0000002E  c_w.l(libinit2.o)
    0x000002fa   0x00000000   Code   RO          612    .ARM.Collect$$libinit$$00000030  c_w.l(libinit2.o)
    0x000002fa   0x00000002   Code   RO          613    .ARM.Collect$$libinit$$00000031  c_w.l(libinit2.o)
    0x000002fc   0x00000002   Code   RO          633    .ARM.Collect$$libshutdown$$00000000  c_w.l(libshutdown.o)
    0x000002fe   0x00000000   Code   RO          647    .ARM.Collect$$libshutdown$$00000003  c_w.l(libshutdown2.o)
    0x000002fe   0x00000000   Code   RO          650    .ARM.Collect$$libshutdown$$00000006  c_w.l(libshutdown2.o)
    0x000002fe   0x00000000   Code   RO          653    .ARM.Collect$$libshutdown$$00000009  c_w.l(libshutdown2.o)
    0x000002fe   0x00000000   Code   RO          655    .ARM.Collect$$libshutdown$$0000000B  c_w.l(libshutdown2.o)
    0x000002fe   0x00000000   Code   RO          658    .ARM.Collect$$libshutdown$$0000000E  c_w.l(libshutdown2.o)
    0x000002fe   0x00000002   Code   RO          659    .ARM.Collect$$libshutdown$$0000000F  c_w.l(libshutdown2.o)
    0x00000300   0x00000000   Code   RO          533    .ARM.Collect$$rtentry$$00000000  c_w.l(rtentry.o)
    0x00000300   0x00000000   Code   RO          542    .ARM.Collect$$rtentry$$00000002  c_w.l(rtentry2.o)
    0x00000300   0x00000006   Code   RO          554    .ARM.Collect$$rtentry$$00000004  c_w.l(rtentry4.o)
    0x00000306   0x00000000   Code   RO          544    .ARM.Collect$$rtentry$$00000009  c_w.l(rtentry2.o)
    0x00000306   0x00000004   Code   RO          545    .ARM.Collect$$rtentry$$0000000A  c_w.l(rtentry2.o)
    0x0000030a   0x00000000   Code   RO          547    .ARM.Collect$$rtentry$$0000000C  c_w.l(rtentry2.o)
    0x0000030a   0x00000008   Code   RO          548    .ARM.Collect$$rtentry$$0000000D  c_w.l(rtentry2.o)
    0x00000312   0x00000002   Code   RO          569    .ARM.Collect$$rtexit$$00000000  c_w.l(rtexit.o)
    0x00000314   0x00000000   Code   RO          615    .ARM.Collect$$rtexit$$00000002  c_w.l(rtexit2.o)
    0x00000314   0x00000004   Code   RO          616    .ARM.Collect$$rtexit$$00000003  c_w.l(rtexit2.o)
    0x00000318   0x00000006   Code   RO          617    .ARM.Collect$$rtexit$$00000004  c_w.l(rtexit2.o)
    0x0000031e   0x00000002   PAD
    0x00000320   0x00000030   Code   RO            4    .text               startup.o
    0x00000350   0x00000040   Code   RO           92    .text               random.o
    0x00000390   0x00000006   Code   RO          513    .text               c_w.l(heapauxi.o)
    0x00000396   0x0000004a   Code   RO          556    .text               c_w.l(sys_stackheap_outer.o)
    0x000003e0   0x0000000c   Code   RO          558    .text               c_w.l(exit.o)
    0x000003ec   0x00000008   Code   RO          566    .text               c_w.l(libspace.o)
    0x000003f4   0x0000000c   Code   RO          625    .text               c_w.l(sys_exit.o)
    0x00000400   0x00000002   Code   RO          636    .text               c_w.l(use_no_semi.o)
    0x00000402   0x00000000   Code   RO          638    .text               c_w.l(indicate_semi.o)
    0x00000402   0x00000002   PAD
    0x00000404   0x0000002c   Code   RO           95    i.ADC0_In           spaceinvaders.o
    0x00000430   0x000000d0   Code   RO           96    i.ADC0_Init         spaceinvaders.o
    0x00000500   0x0000000c   Code   RO          392    i.ADC1_In           texas.o
    0x0000050c   0x000000d4   Code   RO          393    i.ADC1_Init         texas.o
    0x000005e0   0x00000038   Code   RO           97    i.AnimateEnemies    spaceinvaders.o
    0x00000618   0x00000068   Code   RO           98    i.Backlight_Init    spaceinvaders.o
    0x00000680   0x00000018   Code   RO          100    i.Backlight_On      spaceinvaders.o
    0x00000698   0x00000050   Code   RO          101    i.Buttons_Init      spaceinvaders.o
    0x000006e8   0x000000fc   Code   RO          102    i.CrashCheck        spaceinvaders.o
    0x000007e4   0x00000080   Code   RO          103    i.DAC_Init          spaceinvaders.o
    0x00000864   0x0000000c   Code   RO          104    i.DAC_Out           spaceinvaders.o
    0x00000870   0x00000028   Code   RO          106    i.Draw              spaceinvaders.o
    0x00000898   0x00000020   Code   RO          107    i.DrawArea          spaceinvaders.o
    0x000008b8   0x0000004c   Code   RO          108    i.DrawEnemies       spaceinvaders.o
    0x00000904   0x00000058   Code   RO          109    i.DrawExplosions    spaceinvaders.o
    0x0000095c   0x00000048   Code   RO          110    i.DrawLasers        spaceinvaders.o
    0x000009a4   0x00000018   Code   RO          111    i.DrawPlayer        spaceinvaders.o
    0x000009bc   0x00000016   Code   RO          113    i.GetRandomNumber   spaceinvaders.o
    0x000009d2   0x00000002   PAD
    0x000009d4   0x00000044   Code   RO          114    i.InitBunkerObjects  spaceinvaders.o
    0x00000a18   0x00000064   Code   RO          115    i.InitEnemies       spaceinvaders.o
    0x00000a7c   0x000000cc   Code   RO          116    i.InitLaser         spaceinvaders.o
    0x00000b48   0x00000024   Code   RO          117    i.InitPlayer        spaceinvaders.o
    0x00000b6c   0x00000018   Code   RO          118    i.InvaderShuffle    spaceinvaders.o
    0x00000b84   0x00000068   Code   RO          123    i.LEDs_Init         spaceinvaders.o
    0x00000bec   0x00000064   Code   RO          124    i.LifeCheck         spaceinvaders.o
    0x00000c50   0x00000094   Code   RO          126    i.MoveLaser         spaceinvaders.o
    0x00000ce4   0x00000064   Code   RO          127    i.MoveLeft          spaceinvaders.o
    0x00000d48   0x00000040   Code   RO          128    i.MovePlayer        spaceinvaders.o
    0x00000d88   0x00000064   Code   RO          129    i.MoveRight         spaceinvaders.o
    0x00000dec   0x00000020   Code   RO           12    i.Nokia5110_Clear   nokia5110.o
    0x00000e0c   0x00000018   Code   RO           13    i.Nokia5110_ClearBuffer  nokia5110.o
    0x00000e24   0x00000010   Code   RO           14    i.Nokia5110_DisplayBuffer  nokia5110.o
    0x00000e34   0x00000022   Code   RO           15    i.Nokia5110_DrawFullImage  nokia5110.o
    0x00000e56   0x00000002   PAD
    0x00000e58   0x0000016c   Code   RO           16    i.Nokia5110_Init    nokia5110.o
    0x00000fc4   0x00000038   Code   RO           17    i.Nokia5110_OutChar  nokia5110.o
    0x00000ffc   0x00000016   Code   RO           18    i.Nokia5110_OutString  nokia5110.o
    0x00001012   0x00000002   PAD
    0x00001014   0x0000019c   Code   RO           19    i.Nokia5110_OutUDec  nokia5110.o
    0x000011b0   0x000001a8   Code   RO           20    i.Nokia5110_PrintBMP  nokia5110.o
    0x00001358   0x00000030   Code   RO           21    i.Nokia5110_SetCursor  nokia5110.o
    0x00001388   0x0000007c   Code   RO          394    i.PLL_Init          texas.o
    0x00001404   0x0000000e   Code   RO          130    i.RandomInvaderShuffle  spaceinvaders.o
    0x00001412   0x00000002   PAD
    0x00001414   0x00000010   Code   RO          131    i.Read_Buttons      spaceinvaders.o
    0x00001424   0x00000018   Code   RO          395    i.SetCode           texas.o
    0x0000143c   0x00000018   Code   RO          396    i.SetCourse         texas.o
    0x00001454   0x00000028   Code   RO          132    i.Sound_Play        spaceinvaders.o
    0x0000147c   0x00000050   Code   RO          133    i.Start_Screen      spaceinvaders.o
    0x000014cc   0x0000001c   Code   RO          134    i.SysTick_Handler   spaceinvaders.o
    0x000014e8   0x00000034   Code   RO          135    i.SystickInit       spaceinvaders.o
    0x0000151c   0x000001c4   Code   RO          400    i.TExaS_Init        texas.o
    0x000016e0   0x0000005c   Code   RO          136    i.Timer2A_Handler   spaceinvaders.o
    0x0000173c   0x00000010   Code   RO          137    i.Timer2A_Start     spaceinvaders.o
    0x0000174c   0x00000024   Code   RO          138    i.Timer2A_Stop      spaceinvaders.o
    0x00001770   0x00000070   Code   RO          139    i.Timer2_Init       spaceinvaders.o
    0x000017e0   0x00000020   Code   RO          402    i.Timer4A_Handler   texas.o
    0x00001800   0x00000030   Code   RO          403    i.Timer5A_Handler   texas.o
    0x00001830   0x000000c0   Code   RO          406    i.UART0_Init        texas.o
    0x000018f0   0x00000150   Code   RO          140    i.UpdateFrame       spaceinvaders.o
    0x00001a40   0x0000004c   Code   RO           22    i.lcdwrite          nokia5110.o
    0x00001a8c   0x00000068   Code   RO          141    i.main              spaceinvaders.o
    0x00001af4   0x000002b0   Code   RO          518    x$fpl$ddiv          fz_ws.l(ddiv.o)
    0x00001da4   0x0000005a   Code   RO          521    x$fpl$dfixu         fz_ws.l(dfixu.o)
    0x00001dfe   0x0000009c   Code   RO          534    x$fpl$dnaninf       fz_ws.l(dnaninf.o)
    0x00001e9a   0x0000000c   Code   RO          536    x$fpl$dretinf       fz_ws.l(dretinf.o)
    0x00001ea6   0x00000002   PAD
    0x00001ea8   0x00000056   Code   RO          525    x$fpl$f2d           fz_ws.l(f2d.o)
    0x00001efe   0x00000002   PAD
    0x00001f00   0x00000026   Code   RO          527    x$fpl$ffltu         fz_ws.l(fflt_clz.o)
    0x00001f26   0x0000008c   Code   RO          538    x$fpl$fnaninf       fz_ws.l(fnaninf.o)
    0x00001fb2   0x00000000   Code   RO          540    x$fpl$usenofp       fz_ws.l(usenofp.o)
    0x00001fb2   0x000001e0   Data   RO           24    .constdata          nokia5110.o
    0x00002192   0x00003713   Data   RO          143    .constdata          spaceinvaders.o
    0x000058a5   0x00000168   Data   RO          411    .constdata          texas.o
    0x00005a0d   0x00000003   PAD
    0x00005a10   0x00000020   Data   RO          690    Region$$Table       anon$$obj.o


    Execution Region ER_RW (Base: 0x20000000, Size: 0x000000a0, Max: 0xffffffff, ABSOLUTE)

    Base Addr    Size         Type   Attr      Idx    E Section Name        Object

    0x20000000   0x00000067   Data   RW          144    .data               spaceinvaders.o
    0x20000067   0x00000001   PAD
    0x20000068   0x00000034   Data   RW          412    .data               texas.o
    0x2000009c   0x00000004   Data   RW           91    DATA                random.o


    Execution Region ER_ZI (Base: 0x200000a0, Size: 0x000007f0, Max: 0xffffffff, ABSOLUTE)

    Base Addr    Size         Type   Attr      Idx    E Section Name        Object

    0x200000a0   0x000001f8   Zero   RW           23    .bss                nokia5110.o
    0x20000298   0x0000015c   Zero   RW          142    .bss                spaceinvaders.o
    0x200003f4   0x00000004   PAD
    0x200003f8   0x00000038   Zero   RW          410    .bss                texas.o
    0x20000430   0x00000060   Zero   RW          567    .bss                c_w.l(libspace.o)
    0x20000490   0x00000000   Zero   RW            2    HEAP                startup.o
    0x20000490   0x00000400   Zero   RW            1    STACK               startup.o


==============================================================================

Image component sizes


      Code (inc. data)   RO Data    RW Data    ZI Data      Debug   Object Name

      1508         94        480          0        504       9289   nokia5110.o
        64         14          0          4          0        196   random.o
      3236        556      14099        103        348      22769   spaceinvaders.o
       692        632          0          0       1024        900   startup.o
      1120        244        360         52         56      15564   texas.o

    ----------------------------------------------------------------------
      6628       1540      14974        160       1936      48718   Object Totals
         0          0         32          0          0          0   (incl. Generated)
         8          0          3          1          4          0   (incl. Padding)

    ----------------------------------------------------------------------

      Code (inc. data)   RO Data    RW Data    ZI Data      Debug   Library Member Name

         8          0          0          0          0         68   __main.o
        52          8          0          0          0          0   __scatter.o
        26          0          0          0          0          0   __scatter_copy.o
        28          0          0          0          0          0   __scatter_zi.o
        12          0          0          0          0         72   exit.o
         6          0          0          0          0        152   heapauxi.o
         0          0          0          0          0          0   indicate_semi.o
         2          0          0          0          0          0   libinit.o
         2          0          0          0          0          0   libinit2.o
         2          0          0          0          0          0   libshutdown.o
         2          0          0          0          0          0   libshutdown2.o
         8          4          0          0         96         68   libspace.o
         0          0          0          0          0          0   rtentry.o
        12          0          0          0          0          0   rtentry2.o
         6          0          0          0          0          0   rtentry4.o
         2          0          0          0          0          0   rtexit.o
        10          0          0          0          0          0   rtexit2.o
        12          4          0          0          0         68   sys_exit.o
        74          0          0          0          0         80   sys_stackheap_outer.o
         2          0          0          0          0         68   use_no_semi.o
       688        140          0          0          0        208   ddiv.o
        90          4          0          0          0         92   dfixu.o
       156          4          0          0          0         92   dnaninf.o
        12          0          0          0          0         68   dretinf.o
        86          4          0          0          0         84   f2d.o
        38          0          0          0          0         68   fflt_clz.o
       140          4          0          0          0         84   fnaninf.o
         0          0          0          0          0          0   usenofp.o

    ----------------------------------------------------------------------
      1486        172          0          0         96       1272   Library Totals
        10          0          0          0          0          0   (incl. Padding)

    ----------------------------------------------------------------------

      Code (inc. data)   RO Data    RW Data    ZI Data      Debug   Library Name

       266         16          0          0         96        576   c_w.l
      1210        156          0          0          0        696   fz_ws.l

    ----------------------------------------------------------------------
      1486        172          0          0         96       1272   Library Totals

    ----------------------------------------------------------------------

==============================================================================


      Code (inc. data)   RO Data    RW Data    ZI Data      Debug   

      8114       1712      14974        160       2032      46454   Grand Totals
      8114       1712      14974        160       2032      46454   ELF Image Totals
      8114       1712      14974        160          0          0   ROM Totals

==============================================================================

    Total RO  Size (Code + RO Data)                23088 (  22.55kB)
    Total RW  Size (RW Data + ZI Data)              2192 (   2.14kB)
    Total ROM Size (Code + RO Data + RW Data)      23248 (  22.70kB)

==============================================================================

