<html>
<body>
<pre>
<h1>µVision Build Log</h1>
<h2>Project:</h2>
C:\Git\MyTexasLabware\Labware\Lab10_TrafficLight\Lab10.uvproj
Project File Date:  06/26/2018

<h2>Output:</h2>
Rebuild target 'Lab10'
assembling startup.s...
compiling TableTrafficLight.c...
compiling SysTick.c...
linking...
Program Size: Code=4416 RO-data=14956 RW-data=76 ZI-data=1756  
".\Lab10.axf" - 0 Error(s), 0 Warning(s).
Load "C:\\Git\\MyTexasLabware\\Labware\\Lab10_TrafficLight\\Lab10.axf" 
Connecting: Mode=JTAG, Speed=1000000Hz
Erase Done.
Programming Done.
Verify OK.
Load "C:\\Git\\MyTexasLabware\\Labware\\Lab10_TrafficLight\\Lab10.axf" 
Connecting: Mode=JTAG, Speed=1000000Hz
Erase Done.
Programming Done.
Verify OK.
</pre>
</body>
</html>
