Component: ARM Compiler 5.06 update 6 (build 750) Tool: armlink [4d35ed]

==============================================================================

Section Cross References

    main.o(i.Crash) refers to led.o(i.LED_RedToggle) for LED_RedToggle
    main.o(i.CreateConnection) refers to socket.o(i.sl_Htons) for sl_Htons
    main.o(i.CreateConnection) refers to socket.o(i.sl_Htonl) for sl_Htonl
    main.o(i.CreateConnection) refers to socket.o(i.sl_Socket) for sl_Socket
    main.o(i.CreateConnection) refers to main.o(i.LCD_OutString) for LCD_OutString
    main.o(i.CreateConnection) refers to socket.o(i.sl_Connect) for sl_Connect
    main.o(i.CreateConnection) refers to main.o(.bss) for .bss
    main.o(i.LCD_Init) refers to nokia5110.o(i.Nokia5110_Init) for Nokia5110_Init
    main.o(i.LCD_Init) refers to nokia5110.o(i.Nokia5110_Clear) for Nokia5110_Clear
    main.o(i.LCD_Init) refers to sysctl.o(i.SysCtlPeripheralEnable) for SysCtlPeripheralEnable
    main.o(i.LCD_Init) refers to gpio.o(i.GPIOPinConfigure) for GPIOPinConfigure
    main.o(i.LCD_Init) refers to gpio.o(i.GPIOPinTypeUART) for GPIOPinTypeUART
    main.o(i.LCD_Init) refers to uartstdio.o(i.UARTStdioConfig) for UARTStdioConfig
    main.o(i.LCD_OutString) refers to nokia5110.o(i.Nokia5110_OutString) for Nokia5110_OutString
    main.o(i.LCD_OutString) refers to uartstdio.o(i.UARTprintf) for UARTprintf
    main.o(i.SimpleLinkGeneralEventHandler) refers to main.o(i.LCD_OutString) for LCD_OutString
    main.o(i.SimpleLinkHttpServerCallback) refers to main.o(i.LCD_OutString) for LCD_OutString
    main.o(i.SimpleLinkNetAppEventHandler) refers to main.o(i.LCD_OutString) for LCD_OutString
    main.o(i.SimpleLinkNetAppEventHandler) refers to main.o(.data) for .data
    main.o(i.SimpleLinkSockEventHandler) refers to main.o(i.LCD_OutString) for LCD_OutString
    main.o(i.SimpleLinkSockEventHandler) refers to main.o(.conststring) for .conststring
    main.o(i.SimpleLinkWlanEventHandler) refers to main.o(i.LCD_OutString) for LCD_OutString
    main.o(i.SimpleLinkWlanEventHandler) refers to main.o(.data) for .data
    main.o(i.UARToutString) refers to uartstdio.o(i.UARTprintf) for UARTprintf
    main.o(i.WlanConnect) refers to wlan.o(i.sl_WlanConnect) for sl_WlanConnect
    main.o(i.WlanConnect) refers to nonos.o(i._SlNonOsMainLoopTask) for _SlNonOsMainLoopTask
    main.o(i.WlanConnect) refers to main.o(.data) for .data
    main.o(i.configureSimpleLinkToDefaultState) refers to memseta.o(.text) for __aeabi_memclr4
    main.o(i.configureSimpleLinkToDefaultState) refers to device.o(i.sl_Start) for sl_Start
    main.o(i.configureSimpleLinkToDefaultState) refers to wlan.o(i.sl_WlanSetMode) for sl_WlanSetMode
    main.o(i.configureSimpleLinkToDefaultState) refers to device.o(i.sl_Stop) for sl_Stop
    main.o(i.configureSimpleLinkToDefaultState) refers to device.o(i.sl_DevGet) for sl_DevGet
    main.o(i.configureSimpleLinkToDefaultState) refers to wlan.o(i.sl_WlanPolicySet) for sl_WlanPolicySet
    main.o(i.configureSimpleLinkToDefaultState) refers to wlan.o(i.sl_WlanProfileDel) for sl_WlanProfileDel
    main.o(i.configureSimpleLinkToDefaultState) refers to wlan.o(i.sl_WlanDisconnect) for sl_WlanDisconnect
    main.o(i.configureSimpleLinkToDefaultState) refers to netcfg.o(i.sl_NetCfgSet) for sl_NetCfgSet
    main.o(i.configureSimpleLinkToDefaultState) refers to wlan.o(i.sl_WlanSet) for sl_WlanSet
    main.o(i.configureSimpleLinkToDefaultState) refers to netapp.o(i.sl_NetAppMDNSUnRegisterService) for sl_NetAppMDNSUnRegisterService
    main.o(i.configureSimpleLinkToDefaultState) refers to main.o(i.initializeAppVariables) for initializeAppVariables
    main.o(i.configureSimpleLinkToDefaultState) refers to main.o(.data) for .data
    main.o(i.getWeather) refers to memcpya.o(.text) for __aeabi_memcpy4
    main.o(i.getWeather) refers to strlen.o(.text) for strlen
    main.o(i.getWeather) refers to netapp.o(i.sl_NetAppDnsGetHostByName) for sl_NetAppDnsGetHostByName
    main.o(i.getWeather) refers to main.o(i.LCD_OutString) for LCD_OutString
    main.o(i.getWeather) refers to main.o(i.CreateConnection) for CreateConnection
    main.o(i.getWeather) refers to strcpy.o(.text) for strcpy
    main.o(i.getWeather) refers to socket.o(i.sl_Send) for sl_Send
    main.o(i.getWeather) refers to socket.o(i.sl_Recv) for sl_Recv
    main.o(i.getWeather) refers to strstr.o(.text) for strstr
    main.o(i.getWeather) refers to socket.o(i.sl_Close) for sl_Close
    main.o(i.getWeather) refers to main.o(.bss) for .bss
    main.o(i.getWeather) refers to main.o(.conststring) for .conststring
    main.o(i.initializeAppVariables) refers to memseta.o(.text) for __aeabi_memclr4
    main.o(i.initializeAppVariables) refers to main.o(.data) for .data
    main.o(i.initializeAppVariables) refers to main.o(.bss) for .bss
    main.o(i.main) refers to main.o(i.initializeAppVariables) for initializeAppVariables
    main.o(i.main) refers to board.o(i.stopWDT) for stopWDT
[...]
    gpio.o(i.GPIOPinTypeWakeHigh) refers to gpio.o(i.GPIODirModeSet) for GPIODirModeSet
    gpio.o(i.GPIOPinTypeWakeHigh) refers to gpio.o(i.GPIOPadConfigSet) for GPIOPadConfigSet
    gpio.o(i.GPIOPinTypeWakeLow) refers to gpio.o(i.GPIODirModeSet) for GPIODirModeSet
    gpio.o(i.GPIOPinTypeWakeLow) refers to gpio.o(i.GPIOPadConfigSet) for GPIOPadConfigSet
    interrupt.o(i.IntDisable) refers to interrupt.o(.constdata) for .constdata
    interrupt.o(i.IntEnable) refers to interrupt.o(.constdata) for .constdata
    interrupt.o(i.IntIsEnabled) refers to interrupt.o(.constdata) for .constdata
    interrupt.o(i.IntMasterDisable) refers to cpu.o(.emb_text) for CPUcpsid
    interrupt.o(i.IntMasterEnable) refers to cpu.o(.emb_text) for CPUcpsie
    interrupt.o(i.IntPendClear) refers to interrupt.o(.constdata) for .constdata
    interrupt.o(i.IntPendSet) refers to interrupt.o(.constdata) for .constdata
    interrupt.o(i.IntPriorityGet) refers to interrupt.o(.constdata) for .constdata
    interrupt.o(i.IntPriorityGroupingGet) refers to interrupt.o(.constdata) for .constdata
    interrupt.o(i.IntPriorityGroupingSet) refers to interrupt.o(.constdata) for .constdata
    interrupt.o(i.IntPriorityMaskGet) refers to cpu.o(.emb_text) for CPUbasepriGet
    interrupt.o(i.IntPriorityMaskSet) refers to cpu.o(.emb_text) for CPUbasepriSet
    interrupt.o(i.IntPrioritySet) refers to interrupt.o(.constdata) for .constdata
    interrupt.o(i.IntRegister) refers to interrupt.o(vtable) for vtable
    interrupt.o(i.IntUnregister) refers to interrupt.o(i._IntDefaultHandler) for _IntDefaultHandler
    interrupt.o(i.IntUnregister) refers to interrupt.o(vtable) for vtable
    ssi.o(i.SSIIntRegister) refers to interrupt.o(i.IntRegister) for IntRegister
    ssi.o(i.SSIIntRegister) refers to interrupt.o(i.IntEnable) for IntEnable
    ssi.o(i.SSIIntRegister) refers to ssi.o(.constdata) for .constdata
    ssi.o(i.SSIIntUnregister) refers to interrupt.o(i.IntDisable) for IntDisable
    ssi.o(i.SSIIntUnregister) refers to interrupt.o(i.IntUnregister) for IntUnregister
    ssi.o(i.SSIIntUnregister) refers to ssi.o(.constdata) for .constdata
    sysctl.o(i.SysCtlClockFreqSet) refers to sysctl.o(.constdata) for .constdata
    sysctl.o(i.SysCtlClockGet) refers to sysctl.o(.constdata) for .constdata
    sysctl.o(i.SysCtlClockSet) refers to sysctl.o(.emb_text) for SysCtlDelay
    sysctl.o(i.SysCtlDeepSleep) refers to cpu.o(.emb_text) for CPUwfi
    sysctl.o(i.SysCtlIntRegister) refers to interrupt.o(i.IntRegister) for IntRegister
    sysctl.o(i.SysCtlIntRegister) refers to interrupt.o(i.IntEnable) for IntEnable
    sysctl.o(i.SysCtlIntUnregister) refers to interrupt.o(i.IntDisable) for IntDisable
    sysctl.o(i.SysCtlIntUnregister) refers to interrupt.o(i.IntUnregister) for IntUnregister
    sysctl.o(i.SysCtlSleep) refers to cpu.o(.emb_text) for CPUwfi
    uart.o(i.UARTIntRegister) refers to interrupt.o(i.IntRegister) for IntRegister
    uart.o(i.UARTIntRegister) refers to interrupt.o(i.IntEnable) for IntEnable
    uart.o(i.UARTIntRegister) refers to uart.o(.constdata) for .constdata
    uart.o(i.UARTIntUnregister) refers to interrupt.o(i.IntDisable) for IntDisable
    uart.o(i.UARTIntUnregister) refers to interrupt.o(i.IntUnregister) for IntUnregister
    uart.o(i.UARTIntUnregister) refers to uart.o(.constdata) for .constdata
    entry.o(.ARM.Collect$$$$00000000) refers (Special) to entry10a.o(.ARM.Collect$$$$0000000D) for __rt_final_cpp
    entry.o(.ARM.Collect$$$$00000000) refers (Special) to entry11a.o(.ARM.Collect$$$$0000000F) for __rt_final_exit
    entry.o(.ARM.Collect$$$$00000000) refers (Special) to entry7b.o(.ARM.Collect$$$$00000008) for _main_clock
    entry.o(.ARM.Collect$$$$00000000) refers (Special) to entry8b.o(.ARM.Collect$$$$0000000A) for _main_cpp_init
    entry.o(.ARM.Collect$$$$00000000) refers (Special) to entry9a.o(.ARM.Collect$$$$0000000B) for _main_init
    entry.o(.ARM.Collect$$$$00000000) refers (Special) to entry5.o(.ARM.Collect$$$$00000004) for _main_scatterload
    entry.o(.ARM.Collect$$$$00000000) refers (Special) to entry2.o(.ARM.Collect$$$$00000001) for _main_stk
    entry2.o(.ARM.Collect$$$$00000001) refers to entry2.o(.ARM.Collect$$$$00002712) for __lit__00000000
    entry2.o(.ARM.Collect$$$$00002712) refers to startup_rvmdk.o(STACK) for __initial_sp
    entry2.o(__vectab_stack_and_reset_area) refers to startup_rvmdk.o(STACK) for __initial_sp
    entry2.o(__vectab_stack_and_reset_area) refers to entry.o(.ARM.Collect$$$$00000000) for __main
    entry5.o(.ARM.Collect$$$$00000004) refers to init.o(.text) for __scatterload
    entry9a.o(.ARM.Collect$$$$0000000B) refers to main.o(i.main) for main
    entry9b.o(.ARM.Collect$$$$0000000C) refers to main.o(i.main) for main
    init.o(.text) refers to entry5.o(.ARM.Collect$$$$00000004) for __main_after_scatterload


==============================================================================

Removing Unused input sections from the image.

    Removing main.o(i.SimpleLinkGeneralEventHandler), (28 bytes).
    Removing main.o(i.SimpleLinkSockEventHandler), (68 bytes).
    Removing board.o(i.Delay), (36 bytes).
    Removing board.o(i.MaskIntHdlr), (12 bytes).
    Removing board.o(i.UART1_intHandler), (28 bytes).
    Removing board.o(i.UnMaskIntHdlr), (12 bytes).
    Removing nokia5110.o(i.Nokia5110_ClearBuffer), (24 bytes).
    Removing nokia5110.o(i.Nokia5110_ClrPxl), (44 bytes).
    Removing nokia5110.o(i.Nokia5110_DisplayBuffer), (12 bytes).
    Removing nokia5110.o(i.Nokia5110_DrawFullImage), (34 bytes).
    Removing nokia5110.o(i.Nokia5110_OutUDec), (180 bytes).
    Removing nokia5110.o(i.Nokia5110_PrintBMP), (272 bytes).
    Removing nokia5110.o(i.Nokia5110_SetPxl), (44 bytes).
    Removing nokia5110.o(.bss), (504 bytes).
    Removing led.o(i.LED_BlueToggle), (16 bytes).
    Removing led.o(i.LED_GreenToggle), (16 bytes).
    Removing led.o(i.LED_RedOff), (12 bytes).
    Removing led.o(i.LED_RedOn), (12 bytes).
    Removing device.o(i.sl_DevSet), (64 bytes).
    Removing device.o(i.sl_EventMaskGet), (32 bytes).
    Removing device.o(i.sl_EventMaskSet), (32 bytes).
    Removing device.o(i.sl_Task), (4 bytes).
    Removing fs.o(i._GetCreateFsMode), (88 bytes).
    Removing fs.o(i.sl_FsClose), (104 bytes).
    Removing fs.o(i.sl_FsDel), (64 bytes).
    Removing fs.o(i.sl_FsGetInfo), (96 bytes).
    Removing fs.o(i.sl_FsOpen), (88 bytes).
    Removing fs.o(i.sl_FsRead), (140 bytes).
    Removing fs.o(i.sl_FsWrite), (140 bytes).
    Removing fs.o(i.sl_Strlen), (22 bytes).
    Removing fs.o(.constdata), (44 bytes).
    Removing netapp.o(i._sl_HandleAsync_DnsGetHostByAddr), (2 bytes).
    Removing netapp.o(i.sl_NetAppDnsGetHostByService), (200 bytes).
    Removing netapp.o(i.sl_NetAppGet), (96 bytes).
    Removing netapp.o(i.sl_NetAppGetServiceList), (108 bytes).
    Removing netapp.o(i.sl_NetAppMDNSRegisterService), (24 bytes).
    Removing netapp.o(i.sl_NetAppPingStart), (272 bytes).
    Removing netapp.o(i.sl_NetAppSet), (64 bytes).
    Removing netapp.o(i.sl_NetAppStart), (28 bytes).
    Removing netapp.o(i.sl_NetAppStop), (28 bytes).
    Removing netcfg.o(i.sl_NetCfgGet), (108 bytes).
    Removing socket.o(i.SL_FD_CLR), (16 bytes).
    Removing socket.o(i.SL_FD_ISSET), (22 bytes).
    Removing socket.o(i.SL_FD_SET), (16 bytes).
    Removing socket.o(i.SL_FD_ZERO), (6 bytes).
    Removing socket.o(i._sl_ParseAddress), (50 bytes).
    Removing socket.o(i.sl_Accept), (264 bytes).
    Removing socket.o(i.sl_Bind), (96 bytes).
    Removing socket.o(i.sl_GetSockOpt), (112 bytes).
    Removing socket.o(i.sl_Listen), (36 bytes).
    Removing socket.o(i.sl_RecvFrom), (164 bytes).
    Removing socket.o(i.sl_Select), (272 bytes).
    Removing socket.o(i.sl_SendTo), (174 bytes).
    Removing socket.o(i.sl_SetSockOpt), (64 bytes).
    Removing startup_rvmdk.o(HEAP), (0 bytes).
    Removing startup_rvmdk.o(.text), (0 bytes).
    Removing wlan.o(i.sl_WlanGet), (116 bytes).
    Removing wlan.o(i.sl_WlanGetNetworkList), (68 bytes).
    Removing wlan.o(i.sl_WlanPolicyGet), (116 bytes).
    Removing wlan.o(i.sl_WlanProfileAdd), (436 bytes).
    Removing wlan.o(i.sl_WlanProfileGet), (172 bytes).
    Removing wlan.o(i.sl_WlanRxFilterAdd), (88 bytes).
    Removing wlan.o(i.sl_WlanRxFilterGet), (84 bytes).
    Removing wlan.o(i.sl_WlanRxFilterSet), (52 bytes).
    Removing wlan.o(i.sl_WlanRxStatGet), (40 bytes).
    Removing wlan.o(i.sl_WlanRxStatStart), (8 bytes).
    Removing wlan.o(i.sl_WlanRxStatStop), (8 bytes).
    Removing wlan.o(i.sl_WlanSmartConfigStart), (108 bytes).
    Removing wlan.o(i.sl_WlanSmartConfigStop), (8 bytes).
    Removing uartstdio.o(i.GetBufferCount), (18 bytes).
    Removing uartstdio.o(i.UARTEchoSet), (16 bytes).
    Removing uartstdio.o(i.UARTOutString), (52 bytes).
    Removing uartstdio.o(i.UARTPeek), (60 bytes).
    Removing uartstdio.o(i.UARTRxBytesAvail), (16 bytes).
    Removing uartstdio.o(i.UARTTxBytesFree), (24 bytes).
    Removing uartstdio.o(i.UARTgetc), (44 bytes).
    Removing uartstdio.o(i.UARTgets), (100 bytes).
    Removing ustdlib.o(i.ucmptime), (82 bytes).
    Removing ustdlib.o(i.ulocaltime), (164 bytes).
    Removing ustdlib.o(i.umktime), (58 bytes).
    Removing ustdlib.o(i.urand), (28 bytes).
    Removing ustdlib.o(i.usnprintf), (18 bytes).
    Removing ustdlib.o(i.usprintf), (22 bytes).
    Removing ustdlib.o(i.usrand), (12 bytes).
    Removing ustdlib.o(i.ustrcasecmp), (8 bytes).
    Removing ustdlib.o(i.ustrcmp), (8 bytes).
    Removing ustdlib.o(i.ustrlen), (16 bytes).
    Removing ustdlib.o(i.ustrncasecmp), (70 bytes).
    Removing ustdlib.o(i.ustrncmp), (46 bytes).
    Removing ustdlib.o(i.ustrncpy), (36 bytes).
    Removing ustdlib.o(i.ustrstr), (42 bytes).
    Removing ustdlib.o(i.ustrtof), (316 bytes).
    Removing ustdlib.o(i.ustrtoul), (158 bytes).
    Removing ustdlib.o(i.uvsnprintf), (592 bytes).
    Removing ustdlib.o(.constdata), (76 bytes).
    Removing ustdlib.o(.conststring), (17 bytes).
    Removing ustdlib.o(.data), (4 bytes).
    Removing fpu.o(i.FPUDisable), (16 bytes).
    Removing fpu.o(i.FPUFlushToZeroModeSet), (20 bytes).
    Removing fpu.o(i.FPUHalfPrecisionModeSet), (20 bytes).
    Removing fpu.o(i.FPUNaNModeSet), (20 bytes).
    Removing fpu.o(i.FPURoundingModeSet), (20 bytes).
    Removing fpu.o(i.FPUStackingDisable), (16 bytes).
    Removing fpu.o(i.FPUStackingEnable), (20 bytes).
    Removing gpio.o(i.GPIOADCTriggerDisable), (14 bytes).
    Removing gpio.o(i.GPIOADCTriggerEnable), (14 bytes).
    Removing gpio.o(i.GPIODMATriggerDisable), (14 bytes).
    Removing gpio.o(i.GPIODMATriggerEnable), (14 bytes).
    Removing gpio.o(i.GPIODirModeGet), (34 bytes).
    Removing gpio.o(i.GPIOIntRegister), (88 bytes).
    Removing gpio.o(i.GPIOIntTypeGet), (68 bytes).
    Removing gpio.o(i.GPIOIntUnregister), (88 bytes).
    Removing gpio.o(i.GPIOPadConfigGet), (204 bytes).
    Removing gpio.o(i.GPIOPinRead), (6 bytes).
    Removing gpio.o(i.GPIOPinTypeADC), (28 bytes).
    Removing gpio.o(i.GPIOPinTypeCAN), (28 bytes).
    Removing gpio.o(i.GPIOPinTypeCIR), (28 bytes).
    Removing gpio.o(i.GPIOPinTypeComparator), (28 bytes).
    Removing gpio.o(i.GPIOPinTypeEPI), (28 bytes).
    Removing gpio.o(i.GPIOPinTypeEthernetLED), (28 bytes).
    Removing gpio.o(i.GPIOPinTypeEthernetMII), (28 bytes).
    Removing gpio.o(i.GPIOPinTypeGPIOOutput), (28 bytes).
    Removing gpio.o(i.GPIOPinTypeGPIOOutputOD), (28 bytes).
    Removing gpio.o(i.GPIOPinTypeI2C), (28 bytes).
    Removing gpio.o(i.GPIOPinTypeI2CSCL), (28 bytes).
    Removing gpio.o(i.GPIOPinTypeKBColumn), (28 bytes).
    Removing gpio.o(i.GPIOPinTypeKBRow), (28 bytes).
    Removing gpio.o(i.GPIOPinTypeLCD), (28 bytes).
    Removing gpio.o(i.GPIOPinTypeLEDSeq), (28 bytes).
    Removing gpio.o(i.GPIOPinTypeLPC), (28 bytes).
    Removing gpio.o(i.GPIOPinTypePECIRx), (28 bytes).
    Removing gpio.o(i.GPIOPinTypePECITx), (28 bytes).
    Removing gpio.o(i.GPIOPinTypePWM), (28 bytes).
    Removing gpio.o(i.GPIOPinTypeQEI), (28 bytes).
    Removing gpio.o(i.GPIOPinTypeTimer), (28 bytes).
    Removing gpio.o(i.GPIOPinTypeUSBAnalog), (28 bytes).
    Removing gpio.o(i.GPIOPinTypeUSBDigital), (28 bytes).
    Removing gpio.o(i.GPIOPinTypeWakeHigh), (30 bytes).
    Removing gpio.o(i.GPIOPinTypeWakeLow), (30 bytes).
    Removing gpio.o(i.GPIOPinWakeStatus), (6 bytes).
    Removing interrupt.o(i.IntDisable), (100 bytes).
    Removing interrupt.o(i.IntIsEnabled), (96 bytes).
    Removing interrupt.o(i.IntMasterDisable), (14 bytes).
    Removing interrupt.o(i.IntPendClear), (68 bytes).
    Removing interrupt.o(i.IntPendSet), (84 bytes).
    Removing interrupt.o(i.IntPriorityGet), (28 bytes).
    Removing interrupt.o(i.IntPriorityGroupingGet), (36 bytes).
    Removing interrupt.o(i.IntPriorityGroupingSet), (28 bytes).
    Removing interrupt.o(i.IntPriorityMaskGet), (4 bytes).
    Removing interrupt.o(i.IntPriorityMaskSet), (4 bytes).
    Removing interrupt.o(i.IntPrioritySet), (40 bytes).
    Removing interrupt.o(i.IntRegister), (52 bytes).
    Removing interrupt.o(i.IntTrigger), (12 bytes).
    Removing interrupt.o(i.IntUnregister), (20 bytes).
    Removing interrupt.o(i._IntDefaultHandler), (2 bytes).
    Removing interrupt.o(vtable), (620 bytes).
    Removing ssi.o(i.SSIAdvDataPutFrameEnd), (20 bytes).
    Removing ssi.o(i.SSIAdvDataPutFrameEndNonBlocking), (26 bytes).
    Removing ssi.o(i.SSIAdvFrameHoldDisable), (10 bytes).
    Removing ssi.o(i.SSIAdvFrameHoldEnable), (10 bytes).
    Removing ssi.o(i.SSIAdvModeSet), (12 bytes).
    Removing ssi.o(i.SSIBusy), (8 bytes).
    Removing ssi.o(i.SSIClockSourceGet), (6 bytes).
    Removing ssi.o(i.SSIClockSourceSet), (6 bytes).
    Removing ssi.o(i.SSIDMADisable), (10 bytes).
    Removing ssi.o(i.SSIDMAEnable), (8 bytes).
    Removing ssi.o(i.SSIDataGet), (14 bytes).
    Removing ssi.o(i.SSIDataPut), (12 bytes).
    Removing ssi.o(i.SSIDisable), (10 bytes).
    Removing ssi.o(i.SSIIntClear), (4 bytes).
    Removing ssi.o(i.SSIIntDisable), (10 bytes).
    Removing ssi.o(i.SSIIntEnable), (8 bytes).
    Removing ssi.o(i.SSIIntRegister), (88 bytes).
    Removing ssi.o(i.SSIIntStatus), (10 bytes).
    Removing ssi.o(i.SSIIntUnregister), (88 bytes).
    Removing ssi.o(.constdata), (64 bytes).
    Removing sysctl.o(i.SysCtlAltClkConfig), (12 bytes).
    Removing sysctl.o(i.SysCtlClockFreqSet), (712 bytes).
    Removing sysctl.o(i.SysCtlClockOutConfig), (16 bytes).
    Removing sysctl.o(i.SysCtlDeepSleep), (32 bytes).
    Removing sysctl.o(i.SysCtlDeepSleepClockConfigSet), (112 bytes).
    Removing sysctl.o(i.SysCtlDeepSleepClockSet), (12 bytes).
    Removing sysctl.o(i.SysCtlDeepSleepPowerSet), (12 bytes).
    Removing sysctl.o(i.SysCtlFlashSectorSizeGet), (56 bytes).
    Removing sysctl.o(i.SysCtlFlashSizeGet), (56 bytes).
    Removing sysctl.o(i.SysCtlGPIOAHBDisable), (28 bytes).
    Removing sysctl.o(i.SysCtlGPIOAHBEnable), (24 bytes).
    Removing sysctl.o(i.SysCtlIntClear), (12 bytes).
    Removing sysctl.o(i.SysCtlIntDisable), (16 bytes).
    Removing sysctl.o(i.SysCtlIntEnable), (16 bytes).
    Removing sysctl.o(i.SysCtlIntRegister), (20 bytes).
    Removing sysctl.o(i.SysCtlIntStatus), (16 bytes).
    Removing sysctl.o(i.SysCtlIntUnregister), (18 bytes).
    Removing sysctl.o(i.SysCtlLDODeepSleepGet), (12 bytes).
    Removing sysctl.o(i.SysCtlLDODeepSleepSet), (12 bytes).
    Removing sysctl.o(i.SysCtlLDOSleepGet), (12 bytes).
    Removing sysctl.o(i.SysCtlLDOSleepSet), (12 bytes).
    Removing sysctl.o(i.SysCtlMOSCConfigSet), (12 bytes).
    Removing sysctl.o(i.SysCtlNMIClear), (16 bytes).
    Removing sysctl.o(i.SysCtlNMIStatus), (12 bytes).
    Removing sysctl.o(i.SysCtlPIOSCCalibrate), (76 bytes).
    Removing sysctl.o(i.SysCtlPWMClockGet), (24 bytes).
    Removing sysctl.o(i.SysCtlPWMClockSet), (20 bytes).
    Removing sysctl.o(i.SysCtlPeripheralClockGating), (68 bytes).
    Removing sysctl.o(i.SysCtlPeripheralDeepSleepDisable), (40 bytes).
    Removing sysctl.o(i.SysCtlPeripheralDeepSleepEnable), (40 bytes).
    Removing sysctl.o(i.SysCtlPeripheralDisable), (40 bytes).
    Removing sysctl.o(i.SysCtlPeripheralPowerOff), (40 bytes).
    Removing sysctl.o(i.SysCtlPeripheralPowerOn), (40 bytes).
    Removing sysctl.o(i.SysCtlPeripheralPresent), (44 bytes).
    Removing sysctl.o(i.SysCtlPeripheralReady), (44 bytes).
    Removing sysctl.o(i.SysCtlPeripheralReset), (60 bytes).
    Removing sysctl.o(i.SysCtlPeripheralSleepDisable), (40 bytes).
    Removing sysctl.o(i.SysCtlPeripheralSleepEnable), (40 bytes).
    Removing sysctl.o(i.SysCtlReset), (16 bytes).
    Removing sysctl.o(i.SysCtlResetBehaviorGet), (12 bytes).
    Removing sysctl.o(i.SysCtlResetBehaviorSet), (12 bytes).
    Removing sysctl.o(i.SysCtlResetCauseClear), (16 bytes).
    Removing sysctl.o(i.SysCtlResetCauseGet), (12 bytes).
    Removing sysctl.o(i.SysCtlSRAMSizeGet), (16 bytes).
    Removing sysctl.o(i.SysCtlSleep), (4 bytes).
    Removing sysctl.o(i.SysCtlSleepPowerSet), (12 bytes).
    Removing sysctl.o(i.SysCtlUSBPLLDisable), (16 bytes).
    Removing sysctl.o(i.SysCtlUSBPLLEnable), (16 bytes).
    Removing sysctl.o(i.SysCtlVoltageEventClear), (16 bytes).
    Removing sysctl.o(i.SysCtlVoltageEventConfig), (12 bytes).
    Removing sysctl.o(i.SysCtlVoltageEventStatus), (12 bytes).
    Removing uart.o(i.UART9BitAddrSend), (38 bytes).
    Removing uart.o(i.UART9BitAddrSet), (10 bytes).
    Removing uart.o(i.UART9BitDisable), (14 bytes).
    Removing uart.o(i.UART9BitEnable), (14 bytes).
    Removing uart.o(i.UARTBreakCtl), (18 bytes).
    Removing uart.o(i.UARTBusy), (8 bytes).
    Removing uart.o(i.UARTCharGet), (12 bytes).
    Removing uart.o(i.UARTCharGetNonBlocking), (16 bytes).
    Removing uart.o(i.UARTCharPut), (12 bytes).
    Removing uart.o(i.UARTCharPutNonBlocking), (16 bytes).
    Removing uart.o(i.UARTCharsAvail), (10 bytes).
    Removing uart.o(i.UARTClockSourceGet), (6 bytes).
    Removing uart.o(i.UARTClockSourceSet), (6 bytes).
    Removing uart.o(i.UARTConfigGetExpClk), (46 bytes).
    Removing uart.o(i.UARTConfigSetExpClk), (110 bytes).
    Removing uart.o(i.UARTDMADisable), (10 bytes).
    Removing uart.o(i.UARTDMAEnable), (8 bytes).
    Removing uart.o(i.UARTDisable), (30 bytes).
    Removing uart.o(i.UARTDisableSIR), (10 bytes).
    Removing uart.o(i.UARTEnable), (20 bytes).
    Removing uart.o(i.UARTEnableSIR), (18 bytes).
    Removing uart.o(i.UARTFIFODisable), (10 bytes).
    Removing uart.o(i.UARTFIFOEnable), (10 bytes).
    Removing uart.o(i.UARTFIFOLevelGet), (16 bytes).
    Removing uart.o(i.UARTFIFOLevelSet), (6 bytes).
    Removing uart.o(i.UARTFlowControlGet), (8 bytes).
    Removing uart.o(i.UARTFlowControlSet), (12 bytes).
    Removing uart.o(i.UARTIntClear), (4 bytes).
    Removing uart.o(i.UARTIntDisable), (10 bytes).
    Removing uart.o(i.UARTIntEnable), (8 bytes).
    Removing uart.o(i.UARTIntRegister), (88 bytes).
    Removing uart.o(i.UARTIntStatus), (10 bytes).
    Removing uart.o(i.UARTIntUnregister), (88 bytes).
    Removing uart.o(i.UARTModemControlClear), (14 bytes).
    Removing uart.o(i.UARTModemControlGet), (8 bytes).
    Removing uart.o(i.UARTModemControlSet), (12 bytes).
    Removing uart.o(i.UARTModemStatusGet), (10 bytes).
    Removing uart.o(i.UARTParityModeGet), (8 bytes).
    Removing uart.o(i.UARTParityModeSet), (12 bytes).
    Removing uart.o(i.UARTRxErrorClear), (6 bytes).
    Removing uart.o(i.UARTRxErrorGet), (8 bytes).
    Removing uart.o(i.UARTSmartCardDisable), (10 bytes).
    Removing uart.o(i.UARTSmartCardEnable), (22 bytes).
    Removing uart.o(i.UARTSpaceAvail), (10 bytes).
    Removing uart.o(i.UARTTxIntModeGet), (8 bytes).
    Removing uart.o(i.UARTTxIntModeSet), (12 bytes).
    Removing uart.o(.constdata), (128 bytes).

274 unused section(s) (total 13935 bytes) removed from the image.

==============================================================================

Image Symbol Table

    Local Symbols

    Symbol Name                              Value     Ov Type        Size  Object(Section)

    RESET                                    0x00000000   Section      648  startup_rvmdk.o(RESET)
    ../clib/microlib/init/entry.s            0x00000000   Number         0  entry8a.o ABSOLUTE
    ../clib/microlib/init/entry.s            0x00000000   Number         0  entry5.o ABSOLUTE
    ../clib/microlib/init/entry.s            0x00000000   Number         0  entry7a.o ABSOLUTE
    ../clib/microlib/init/entry.s            0x00000000   Number         0  entry7b.o ABSOLUTE
    ../clib/microlib/init/entry.s            0x00000000   Number         0  entry10a.o ABSOLUTE
    ../clib/microlib/init/entry.s            0x00000000   Number         0  entry11a.o ABSOLUTE
    ../clib/microlib/init/entry.s            0x00000000   Number         0  entry10b.o ABSOLUTE
    ../clib/microlib/init/entry.s            0x00000000   Number         0  entry8b.o ABSOLUTE
    ../clib/microlib/init/entry.s            0x00000000   Number         0  entry9b.o ABSOLUTE
    ../clib/microlib/init/entry.s            0x00000000   Number         0  entry2.o ABSOLUTE
    ../clib/microlib/init/entry.s            0x00000000   Number         0  entry.o ABSOLUTE
    ../clib/microlib/init/entry.s            0x00000000   Number         0  entry11b.o ABSOLUTE
    ../clib/microlib/init/entry.s            0x00000000   Number         0  entry9a.o ABSOLUTE
    ../clib/microlib/string/memcpy.c         0x00000000   Number         0  memcpya.o ABSOLUTE
    ../clib/microlib/string/memcpy.c         0x00000000   Number         0  memcpyb.o ABSOLUTE
    ../clib/microlib/string/memset.c         0x00000000   Number         0  memseta.o ABSOLUTE
    ../clib/microlib/string/strcpy.c         0x00000000   Number         0  strcpy.o ABSOLUTE
    ../clib/microlib/string/strlen.c         0x00000000   Number         0  strlen.o ABSOLUTE
    ../clib/microlib/string/strstr.c         0x00000000   Number         0  strstr.o ABSOLUTE
    ..\cc3100\platform\ek-tm4c123gxl\board.c 0x00000000   Number         0  board.o ABSOLUTE
    ..\cc3100\platform\ek-tm4c123gxl\spi.c   0x00000000   Number         0  spi.o ABSOLUTE
    ..\cc3100\platform\ek-tm4c123gxl\uart.c  0x00000000   Number         0  uart.o ABSOLUTE
    ..\cc3100\simplelink\source\device.c     0x00000000   Number         0  device.o ABSOLUTE
    ..\cc3100\simplelink\source\driver.c     0x00000000   Number         0  driver.o ABSOLUTE
    ..\cc3100\simplelink\source\flowcont.c   0x00000000   Number         0  flowcont.o ABSOLUTE
    ..\cc3100\simplelink\source\fs.c         0x00000000   Number         0  fs.o ABSOLUTE
    ..\cc3100\simplelink\source\netapp.c     0x00000000   Number         0  netapp.o ABSOLUTE
    ..\cc3100\simplelink\source\netcfg.c     0x00000000   Number         0  netcfg.o ABSOLUTE
    ..\cc3100\simplelink\source\nonos.c      0x00000000   Number         0  nonos.o ABSOLUTE
    ..\cc3100\simplelink\source\socket.c     0x00000000   Number         0  socket.o ABSOLUTE
    ..\cc3100\simplelink\source\spawn.c      0x00000000   Number         0  spawn.o ABSOLUTE
    ..\cc3100\simplelink\source\wlan.c       0x00000000   Number         0  wlan.o ABSOLUTE
    ..\utils\uartstdio.c                     0x00000000   Number         0  uartstdio.o ABSOLUTE
    ..\utils\ustdlib.c                       0x00000000   Number         0  ustdlib.o ABSOLUTE
    LED.c                                    0x00000000   Number         0  led.o ABSOLUTE
    Nokia5110.c                              0x00000000   Number         0  nokia5110.o ABSOLUTE
    cpu.c                                    0x00000000   Number         0  cpu.o ABSOLUTE
    cpu.c                                    0x00000000   Number         0  cpu.o ABSOLUTE
    dc.s                                     0x00000000   Number         0  dc.o ABSOLUTE
    fpu.c                                    0x00000000   Number         0  fpu.o ABSOLUTE
    gpio.c                                   0x00000000   Number         0  gpio.o ABSOLUTE
    handlers.s                               0x00000000   Number         0  handlers.o ABSOLUTE
    init.s                                   0x00000000   Number         0  init.o ABSOLUTE
    interrupt.c                              0x00000000   Number         0  interrupt.o ABSOLUTE
    main.c                                   0x00000000   Number         0  main.o ABSOLUTE
    ssi.c                                    0x00000000   Number         0  ssi.o ABSOLUTE
    startup_rvmdk.S                          0x00000000   Number         0  startup_rvmdk.o ABSOLUTE
    sysctl.c                                 0x00000000   Number         0  sysctl.o ABSOLUTE
    sysctl.c                                 0x00000000   Number         0  sysctl.o ABSOLUTE
    uart.c                                   0x00000000   Number         0  uart.o ABSOLUTE
    $v0                                      0x0000026c   Number         0  startup_rvmdk.o(RESET)
    NmiSR                                    0x00000281   Thumb Code     0  startup_rvmdk.o(RESET)
    FaultISR                                 0x00000283   Thumb Code     0  startup_rvmdk.o(RESET)
    IntDefaultHandler                        0x00000285   Thumb Code     0  startup_rvmdk.o(RESET)
    .ARM.Collect$$$$00000000                 0x00000288   Section        0  entry.o(.ARM.Collect$$$$00000000)
    .ARM.Collect$$$$00000001                 0x00000288   Section        4  entry2.o(.ARM.Collect$$$$00000001)
    .ARM.Collect$$$$00000004                 0x0000028c   Section        4  entry5.o(.ARM.Collect$$$$00000004)
    .ARM.Collect$$$$00000008                 0x00000290   Section        0  entry7b.o(.ARM.Collect$$$$00000008)
    .ARM.Collect$$$$0000000A                 0x00000290   Section        0  entry8b.o(.ARM.Collect$$$$0000000A)
    .ARM.Collect$$$$0000000B                 0x00000290   Section        8  entry9a.o(.ARM.Collect$$$$0000000B)
    .ARM.Collect$$$$0000000D                 0x00000298   Section        0  entry10a.o(.ARM.Collect$$$$0000000D)
    .ARM.Collect$$$$0000000F                 0x00000298   Section        0  entry11a.o(.ARM.Collect$$$$0000000F)
    .ARM.Collect$$$$00002712                 0x00000298   Section        4  entry2.o(.ARM.Collect$$$$00002712)
    __lit__00000000                          0x00000298   Data           4  entry2.o(.ARM.Collect$$$$00002712)
    .emb_text                                0x0000029c   Section        6  sysctl.o(.emb_text)
    $v0                                      0x0000029c   Number         0  sysctl.o(.emb_text)
    .emb_text                                0x000002a4   Section       38  cpu.o(.emb_text)
    $v0                                      0x000002a4   Number         0  cpu.o(.emb_text)
    .text                                    0x000002ca   Section        0  memcpya.o(.text)
    .text                                    0x000002ee   Section        0  memseta.o(.text)
    .text                                    0x00000312   Section        0  strstr.o(.text)
    .text                                    0x00000336   Section        0  strlen.o(.text)
    .text                                    0x00000344   Section        0  strcpy.o(.text)
    .text                                    0x00000358   Section       36  init.o(.text)
    i.Board_Input                            0x0000037c   Section        0  led.o(i.Board_Input)
    i.CC3100_InterruptDisable                0x00000390   Section        0  board.o(i.CC3100_InterruptDisable)
    i.CC3100_InterruptEnable                 0x0000039c   Section        0  board.o(i.CC3100_InterruptEnable)
    i.CC3100_disable                         0x000003a8   Section        0  board.o(i.CC3100_disable)
    i.CC3100_enable                          0x000003bc   Section        0  board.o(i.CC3100_enable)
    i.CopyPingResultsToReport                0x000003d0   Section        0  netapp.o(i.CopyPingResultsToReport)
    i.Crash                                  0x000003ea   Section        0  main.o(i.Crash)
    i.CreateConnection                       0x000003fc   Section        0  main.o(i.CreateConnection)
    CreateConnection                         0x000003fd   Thumb Code    84  main.o(i.CreateConnection)
    i.FPUEnable                              0x0000048c   Section        0  fpu.o(i.FPUEnable)
    i.FPULazyStackingEnable                  0x0000049c   Section        0  fpu.o(i.FPULazyStackingEnable)
    i.GPIOB_intHandler                       0x000004ac   Section        0  board.o(i.GPIOB_intHandler)
    i.GPIODirModeSet                         0x000004e0   Section        0  gpio.o(i.GPIODirModeSet)
    i.GPIOIntClear                           0x00000508   Section        0  gpio.o(i.GPIOIntClear)
    i.GPIOIntDisable                         0x0000050e   Section        0  gpio.o(i.GPIOIntDisable)
    i.GPIOIntEnable                          0x0000051c   Section        0  gpio.o(i.GPIOIntEnable)
    i.GPIOIntStatus                          0x0000052a   Section        0  gpio.o(i.GPIOIntStatus)
    i.GPIOIntTypeSet                         0x00000538   Section        0  gpio.o(i.GPIOIntTypeSet)
    i.GPIOPadConfigSet                       0x00000588   Section        0  gpio.o(i.GPIOPadConfigSet)
    i.GPIOPinConfigure                       0x000006c4   Section        0  gpio.o(i.GPIOPinConfigure)
    i.GPIOPinTypeGPIOInput                   0x0000070c   Section        0  gpio.o(i.GPIOPinTypeGPIOInput)
    i.GPIOPinTypeSSI                         0x00000728   Section        0  gpio.o(i.GPIOPinTypeSSI)
    i.GPIOPinTypeUART                        0x00000744   Section        0  gpio.o(i.GPIOPinTypeUART)
    i.GPIOPinWrite                           0x00000760   Section        0  gpio.o(i.GPIOPinWrite)
    i.GetStartResponseConvert                0x00000766   Section        0  device.o(i.GetStartResponseConvert)
    i.IntEnable                              0x000007ac   Section        0  interrupt.o(i.IntEnable)
    i.IntMasterEnable                        0x00000810   Section        0  interrupt.o(i.IntMasterEnable)
    i.IsBufferEmpty                          0x0000081e   Section        0  uartstdio.o(i.IsBufferEmpty)
    IsBufferEmpty                            0x0000081f   Thumb Code    16  uartstdio.o(i.IsBufferEmpty)
    i.IsBufferFull                           0x0000082e   Section        0  uartstdio.o(i.IsBufferFull)
    IsBufferFull                             0x0000082f   Thumb Code    26  uartstdio.o(i.IsBufferFull)
    i.LCD_Init                               0x00000848   Section        0  main.o(i.LCD_Init)
    i.LCD_OutString                          0x00000894   Section        0  main.o(i.LCD_OutString)
    i.LED_GreenOff                           0x000008a8   Section        0  led.o(i.LED_GreenOff)
    i.LED_GreenOn                            0x000008b4   Section        0  led.o(i.LED_GreenOn)
    i.LED_Init                               0x000008c0   Section        0  led.o(i.LED_Init)
    i.LED_RedToggle                          0x00000924   Section        0  led.o(i.LED_RedToggle)
    i.Nokia5110_Clear                        0x00000934   Section        0  nokia5110.o(i.Nokia5110_Clear)
    i.Nokia5110_Init                         0x00000958   Section        0  nokia5110.o(i.Nokia5110_Init)
    i.Nokia5110_OutChar                      0x00000a7c   Section        0  nokia5110.o(i.Nokia5110_OutChar)
    i.Nokia5110_OutString                    0x00000afc   Section        0  nokia5110.o(i.Nokia5110_OutString)
    i.Nokia5110_SetCursor                    0x00000b10   Section        0  nokia5110.o(i.Nokia5110_SetCursor)
    i.SSIConfigSetExpClk                     0x00000b44   Section        0  ssi.o(i.SSIConfigSetExpClk)
    i.SSIDataGetNonBlocking                  0x00000b8e   Section        0  ssi.o(i.SSIDataGetNonBlocking)
    i.SSIDataPutNonBlocking                  0x00000ba2   Section        0  ssi.o(i.SSIDataPutNonBlocking)
    i.SSIEnable                              0x00000bb2   Section        0  ssi.o(i.SSIEnable)
    i.SimpleLinkHttpServerCallback           0x00000bbc   Section        0  main.o(i.SimpleLinkHttpServerCallback)
    i.SimpleLinkNetAppEventHandler           0x00000be8   Section        0  main.o(i.SimpleLinkNetAppEventHandler)
    i.SimpleLinkWlanEventHandler             0x00000c28   Section        0  main.o(i.SimpleLinkWlanEventHandler)
    i.SysCtlClockGet                         0x00000cf8   Section        0  sysctl.o(i.SysCtlClockGet)
    i.SysCtlClockSet                         0x00000e5c   Section        0  sysctl.o(i.SysCtlClockSet)
    i.SysCtlPeripheralEnable                 0x00000f7c   Section        0  sysctl.o(i.SysCtlPeripheralEnable)
    i.UARTFlushRx                            0x00000fa4   Section        0  uartstdio.o(i.UARTFlushRx)
    i.UARTFlushTx                            0x00000fcc   Section        0  uartstdio.o(i.UARTFlushTx)
    i.UARTPrimeTransmit                      0x00001004   Section        0  uartstdio.o(i.UARTPrimeTransmit)
    UARTPrimeTransmit                        0x00001005   Thumb Code   108  uartstdio.o(i.UARTPrimeTransmit)
    i.UARTStdioConfig                        0x0000107c   Section        0  uartstdio.o(i.UARTStdioConfig)
    i.UARTStdioIntHandler                    0x00001114   Section        0  uartstdio.o(i.UARTStdioIntHandler)
    i.UARToutString                          0x0000121c   Section        0  main.o(i.UARToutString)
    i.UARTprintf                             0x0000125c   Section        0  uartstdio.o(i.UARTprintf)
    i.UARTvprintf                            0x00001270   Section        0  uartstdio.o(i.UARTvprintf)
    i.UARTwrite                              0x00001424   Section        0  uartstdio.o(i.UARTwrite)
    i.WlanConnect                            0x000014b4   Section        0  main.o(i.WlanConnect)
    i._SlAsyncEventGenericHandler            0x0000150c   Section        0  driver.o(i._SlAsyncEventGenericHandler)
    i._SlDrvBasicCmd                         0x00001800   Section        0  driver.o(i._SlDrvBasicCmd)
    i._SlDrvClassifyRxMsg                    0x00001828   Section        0  driver.o(i._SlDrvClassifyRxMsg)
    i._SlDrvCmdOp                            0x000018b8   Section        0  driver.o(i._SlDrvCmdOp)
    i._SlDrvCmdSend                          0x0000190c   Section        0  driver.o(i._SlDrvCmdSend)
    i._SlDrvDataReadOp                       0x00001928   Section        0  driver.o(i._SlDrvDataReadOp)
    i._SlDrvDataWriteOp                      0x00001a74   Section        0  driver.o(i._SlDrvDataWriteOp)
    i._SlDrvDeviceEventHandler               0x00001b88   Section        0  device.o(i._SlDrvDeviceEventHandler)
    i._SlDrvDriverCBDeinit                   0x00001ba4   Section        0  driver.o(i._SlDrvDriverCBDeinit)
    i._SlDrvDriverCBInit                     0x00001c04   Section        0  driver.o(i._SlDrvDriverCBInit)
    i._SlDrvFlowContDeinit                   0x00001c94   Section        0  flowcont.o(i._SlDrvFlowContDeinit)
    i._SlDrvFlowContInit                     0x00001cc0   Section        0  flowcont.o(i._SlDrvFlowContInit)
    i._SlDrvMsgRead                          0x00001cf0   Section        0  driver.o(i._SlDrvMsgRead)
    i._SlDrvMsgReadCmdCtx                    0x00002040   Section        0  driver.o(i._SlDrvMsgReadCmdCtx)
    i._SlDrvMsgReadSpawnCtx                  0x000020e8   Section        0  driver.o(i._SlDrvMsgReadSpawnCtx)
    i._SlDrvMsgWrite                         0x00002178   Section        0  driver.o(i._SlDrvMsgWrite)
    i._SlDrvNetAppEventHandler               0x00002268   Section        0  netapp.o(i._SlDrvNetAppEventHandler)
    i._SlDrvObjDeInit                        0x00002334   Section        0  driver.o(i._SlDrvObjDeInit)
    i._SlDrvObjInit                          0x0000234c   Section        0  driver.o(i._SlDrvObjInit)
    i._SlDrvReleasePoolObj                   0x00002388   Section        0  driver.o(i._SlDrvReleasePoolObj)
    i._SlDrvRxHdrRead                        0x0000246c   Section        0  driver.o(i._SlDrvRxHdrRead)
    i._SlDrvRxIrqHandler                     0x00002594   Section        0  driver.o(i._SlDrvRxIrqHandler)
    i._SlDrvShiftDWord                       0x000025d4   Section        0  driver.o(i._SlDrvShiftDWord)
    i._SlDrvWaitForPoolObj                   0x000025ec   Section        0  driver.o(i._SlDrvWaitForPoolObj)
    i._SlFindAndSetActiveObj                 0x000026f0   Section        0  driver.o(i._SlFindAndSetActiveObj)
    i._SlNonOsMainLoopTask                   0x00002788   Section        0  nonos.o(i._SlNonOsMainLoopTask)
    i._SlNonOsSemGet                         0x000027c8   Section        0  nonos.o(i._SlNonOsSemGet)
    i._SlNonOsSemSet                         0x000027fa   Section        0  nonos.o(i._SlNonOsSemSet)
    i._SlNonOsSpawn                          0x00002800   Section        0  nonos.o(i._SlNonOsSpawn)
    i._SlRemoveFromList                      0x00002824   Section        0  driver.o(i._SlRemoveFromList)
    i.__scatterload_copy                     0x0000287c   Section       14  handlers.o(i.__scatterload_copy)
    i.__scatterload_null                     0x0000288a   Section        2  handlers.o(i.__scatterload_null)
    i.__scatterload_zeroinit                 0x0000288c   Section       14  handlers.o(i.__scatterload_zeroinit)
    i._sl_BuildAddress                       0x0000289a   Section        0  socket.o(i._sl_BuildAddress)
    i._sl_HandleAsync_Accept                 0x000028c0   Section        0  socket.o(i._sl_HandleAsync_Accept)
    i._sl_HandleAsync_Connect                0x00002934   Section        0  socket.o(i._sl_HandleAsync_Connect)
    i._sl_HandleAsync_DnsGetHostByName       0x000029b0   Section        0  netapp.o(i._sl_HandleAsync_DnsGetHostByName)
    i._sl_HandleAsync_DnsGetHostByService    0x00002a24   Section        0  netapp.o(i._sl_HandleAsync_DnsGetHostByService)
    i._sl_HandleAsync_InitComplete           0x00002a8c   Section        0  device.o(i._sl_HandleAsync_InitComplete)
    i._sl_HandleAsync_PingResponse           0x00002b10   Section        0  netapp.o(i._sl_HandleAsync_PingResponse)
    i._sl_HandleAsync_Select                 0x00002b90   Section        0  socket.o(i._sl_HandleAsync_Select)
    i._sl_HandleAsync_Stop                   0x00002bf4   Section        0  device.o(i._sl_HandleAsync_Stop)
    i._sl_TruncatePayloadByProtocol          0x00002c54   Section        0  socket.o(i._sl_TruncatePayloadByProtocol)
    i.configureSimpleLinkToDefaultState      0x00002ca8   Section        0  main.o(i.configureSimpleLinkToDefaultState)
    configureSimpleLinkToDefaultState        0x00002ca9   Thumb Code   218  main.o(i.configureSimpleLinkToDefaultState)
    i.getWeather                             0x00002d8c   Section        0  main.o(i.getWeather)
    getWeather                               0x00002d8d   Thumb Code   258  main.o(i.getWeather)
    i.initClk                                0x00002ef0   Section        0  board.o(i.initClk)
    i.initializeAppVariables                 0x00002f08   Section        0  main.o(i.initializeAppVariables)
    initializeAppVariables                   0x00002f09   Thumb Code    22  main.o(i.initializeAppVariables)
    i.lcdwrite                               0x00002f28   Section        0  nokia5110.o(i.lcdwrite)
    lcdwrite                                 0x00002f29   Thumb Code    46  nokia5110.o(i.lcdwrite)
    i.main                                   0x00002f5c   Section        0  main.o(i.main)
    i.registerInterruptHandler               0x0000309c   Section        0  board.o(i.registerInterruptHandler)
    i.sl_Close                               0x000030a8   Section        0  socket.o(i.sl_Close)
    i.sl_Connect                             0x000030c8   Section        0  socket.o(i.sl_Connect)
    i.sl_DevGet                              0x000031b4   Section        0  device.o(i.sl_DevGet)
    i.sl_Htonl                               0x00003224   Section        0  socket.o(i.sl_Htonl)
    i.sl_Htons                               0x0000324c   Section        0  socket.o(i.sl_Htons)
    i.sl_NetAppDnsGetHostByName              0x0000327c   Section        0  netapp.o(i.sl_NetAppDnsGetHostByName)
    i.sl_NetAppMDNSRegisterUnregisterService 0x00003354   Section        0  netapp.o(i.sl_NetAppMDNSRegisterUnregisterService)
    i.sl_NetAppMDNSUnRegisterService         0x000033d0   Section        0  netapp.o(i.sl_NetAppMDNSUnRegisterService)
    i.sl_NetAppSendTokenValue                0x000033e4   Section        0  netapp.o(i.sl_NetAppSendTokenValue)
    i.sl_NetCfgSet                           0x00003434   Section        0  netcfg.o(i.sl_NetCfgSet)
    i.sl_Recv                                0x00003474   Section        0  socket.o(i.sl_Recv)
    i.sl_Send                                0x000034b4   Section        0  socket.o(i.sl_Send)
    i.sl_Socket                              0x00003560   Section        0  socket.o(i.sl_Socket)
    i.sl_Start                               0x00003590   Section        0  device.o(i.sl_Start)
    i.sl_Stop                                0x00003648   Section        0  device.o(i.sl_Stop)
    i.sl_WlanConnect                         0x00003710   Section        0  wlan.o(i.sl_WlanConnect)
    i.sl_WlanDisconnect                      0x000038b4   Section        0  wlan.o(i.sl_WlanDisconnect)
    i.sl_WlanPolicySet                       0x000038bc   Section        0  wlan.o(i.sl_WlanPolicySet)
    i.sl_WlanProfileDel                      0x000038f4   Section        0  wlan.o(i.sl_WlanProfileDel)
    i.sl_WlanSet                             0x00003914   Section        0  wlan.o(i.sl_WlanSet)
    i.sl_WlanSetMode                         0x00003954   Section        0  wlan.o(i.sl_WlanSetMode)
    i.spi_Close                              0x00003974   Section        0  spi.o(i.spi_Close)
    i.spi_Open                               0x00003980   Section        0  spi.o(i.spi_Open)
    i.spi_Read                               0x00003a80   Section        0  spi.o(i.spi_Read)
    i.spi_Write                              0x00003ad8   Section        0  spi.o(i.spi_Write)
    i.stopWDT                                0x00003b2c   Section        0  board.o(i.stopWDT)
    .constdata                               0x00003b2e   Section      488  nokia5110.o(.constdata)
    ASCII                                    0x00003b36   Data         480  nokia5110.o(.constdata)
    .constdata                               0x00003d16   Section       20  device.o(.constdata)
    .constdata                               0x00003d2c   Section       72  driver.o(.constdata)
    .constdata                               0x00003d74   Section       40  netapp.o(.constdata)
    .constdata                               0x00003d9c   Section        8  netcfg.o(.constdata)
    .constdata                               0x00003da4   Section       48  socket.o(.constdata)
    .constdata                               0x00003dd4   Section       52  wlan.o(.constdata)
    .constdata                               0x00003e08   Section       40  uartstdio.o(.constdata)
    g_pcHex                                  0x00003e08   Data           4  uartstdio.o(.constdata)
    g_ui32UARTBase                           0x00003e0c   Data          12  uartstdio.o(.constdata)
    g_ui32UARTInt                            0x00003e18   Data          12  uartstdio.o(.constdata)
    g_ui32UARTPeriph                         0x00003e24   Data          12  uartstdio.o(.constdata)
    .constdata                               0x00003e30   Section      528  gpio.o(.constdata)
    g_ppui32GPIOIntMapBlizzard               0x00003e30   Data         192  gpio.o(.constdata)
    g_ppui32GPIOIntMapSnowflake              0x00003ef0   Data         192  gpio.o(.constdata)
    g_pui32GPIOBaseAddrs                     0x00003fb0   Data         144  gpio.o(.constdata)
    .constdata                               0x00004040   Section      268  interrupt.o(.constdata)
    g_pui32Priority                          0x00004040   Data          32  interrupt.o(.constdata)
    g_pui32Regs                              0x00004060   Data         156  interrupt.o(.constdata)
    g_pui32EnRegs                            0x000040fc   Data          20  interrupt.o(.constdata)
    g_pui32Dii16Regs                         0x00004110   Data          20  interrupt.o(.constdata)
    g_pui32PendRegs                          0x00004124   Data          20  interrupt.o(.constdata)
    g_pui32UnpendRegs                        0x00004138   Data          20  interrupt.o(.constdata)
    .constdata                               0x0000414c   Section      452  sysctl.o(.constdata)
    g_pui32VCOFrequencies                    0x0000414c   Data           8  sysctl.o(.constdata)
    g_pui32Xtals                             0x00004154   Data         108  sysctl.o(.constdata)
    g_pppui32XTALtoVCO                       0x000041c0   Data         288  sysctl.o(.constdata)
    g_sXTALtoMEMTIM                          0x000042e0   Data          48  sysctl.o(.constdata)
    .conststring                             0x00004310   Section      170  main.o(.conststring)
    .conststring                             0x000043bc   Section       17  uartstdio.o(.conststring)
    .data                                    0x20000000   Section        4  main.o(.data)
    .data                                    0x20000004   Section        8  board.o(.data)
    .data                                    0x2000000c   Section        8  nokia5110.o(.data)
    .data                                    0x20000014   Section        4  driver.o(.data)
    .data                                    0x20000018   Section        4  driver.o(.data)
    .data                                    0x2000001c   Section       28  uartstdio.o(.data)
    bLastWasCR                               0x2000001c   Data           1  uartstdio.o(.data)
    g_bDisableEcho                           0x2000001d   Data           1  uartstdio.o(.data)
    g_ui32UARTTxWriteIndex                   0x20000020   Data           4  uartstdio.o(.data)
    g_ui32UARTTxReadIndex                    0x20000024   Data           4  uartstdio.o(.data)
    g_ui32UARTRxWriteIndex                   0x20000028   Data           4  uartstdio.o(.data)
    g_ui32UARTRxReadIndex                    0x2000002c   Data           4  uartstdio.o(.data)
    g_ui32Base                               0x20000030   Data           4  uartstdio.o(.data)
    g_ui32PortNum                            0x20000034   Data           4  uartstdio.o(.data)
    .bss                                     0x20000038   Section     1884  main.o(.bss)
    .bss                                     0x20000794   Section      356  driver.o(.bss)
    .bss                                     0x200008f8   Section       40  nonos.o(.bss)
    .bss                                     0x20000920   Section     1152  uartstdio.o(.bss)
    g_pcUARTTxBuffer                         0x20000920   Data        1024  uartstdio.o(.bss)
    g_pcUARTRxBuffer                         0x20000d20   Data         128  uartstdio.o(.bss)
    STACK                                    0x20000da0   Section    16384  startup_rvmdk.o(STACK)
    StackMem                                 0x20000da0   Data           0  startup_rvmdk.o(STACK)

    Global Symbols

    Symbol Name                              Value     Ov Type        Size  Object(Section)

    BuildAttributes$$THM_ISAv4$E$P$D$K$B$S$7EM$VFPi3$EXTD16$VFPS$VFMA$PE$A:L22UL41UL21$X:L11$S22US41US21$IEEE1$IW$USESV6$~STKCKD$USESV7$~SHL$OTIME$EBA8$MICROLIB$REQ8$PRES8$EABIv2 0x00000000   Number         0  anon$$obj.o ABSOLUTE
    __ARM_use_no_argv                        0x00000000   Number         0  main.o ABSOLUTE
    __Vectors                                0x00000000   Data           0  startup_rvmdk.o(RESET)
    __cpp_initialize__aeabi_                  - Undefined Weak Reference
    __cxa_finalize                            - Undefined Weak Reference
    __decompress                              - Undefined Weak Reference
    _clock_init                               - Undefined Weak Reference
    _microlib_exit                            - Undefined Weak Reference
    Reset_Handler                            0x0000026d   Thumb Code     0  startup_rvmdk.o(RESET)
    __main                                   0x00000289   Thumb Code     0  entry.o(.ARM.Collect$$$$00000000)
    _main_stk                                0x00000289   Thumb Code     0  entry2.o(.ARM.Collect$$$$00000001)
    _main_scatterload                        0x0000028d   Thumb Code     0  entry5.o(.ARM.Collect$$$$00000004)
    __main_after_scatterload                 0x00000291   Thumb Code     0  entry5.o(.ARM.Collect$$$$00000004)
    _main_clock                              0x00000291   Thumb Code     0  entry7b.o(.ARM.Collect$$$$00000008)
    _main_cpp_init                           0x00000291   Thumb Code     0  entry8b.o(.ARM.Collect$$$$0000000A)
    _main_init                               0x00000291   Thumb Code     0  entry9a.o(.ARM.Collect$$$$0000000B)
    __rt_final_cpp                           0x00000299   Thumb Code     0  entry10a.o(.ARM.Collect$$$$0000000D)
    __rt_final_exit                          0x00000299   Thumb Code     0  entry11a.o(.ARM.Collect$$$$0000000F)
    SysCtlDelay                              0x0000029d   Thumb Code     6  sysctl.o(.emb_text)
    CPUcpsid                                 0x000002a5   Thumb Code     8  cpu.o(.emb_text)
    CPUprimask                               0x000002ad   Thumb Code     6  cpu.o(.emb_text)
    CPUcpsie                                 0x000002b3   Thumb Code     8  cpu.o(.emb_text)
    CPUwfi                                   0x000002bb   Thumb Code     4  cpu.o(.emb_text)
    CPUbasepriSet                            0x000002bf   Thumb Code     6  cpu.o(.emb_text)
    CPUbasepriGet                            0x000002c5   Thumb Code     6  cpu.o(.emb_text)
    __aeabi_memcpy                           0x000002cb   Thumb Code    36  memcpya.o(.text)
    __aeabi_memcpy4                          0x000002cb   Thumb Code     0  memcpya.o(.text)
    __aeabi_memcpy8                          0x000002cb   Thumb Code     0  memcpya.o(.text)
    __aeabi_memset                           0x000002ef   Thumb Code    14  memseta.o(.text)
    __aeabi_memset4                          0x000002ef   Thumb Code     0  memseta.o(.text)
    __aeabi_memset8                          0x000002ef   Thumb Code     0  memseta.o(.text)
    __aeabi_memclr                           0x000002fd   Thumb Code     4  memseta.o(.text)
    __aeabi_memclr4                          0x000002fd   Thumb Code     0  memseta.o(.text)
    __aeabi_memclr8                          0x000002fd   Thumb Code     0  memseta.o(.text)
    _memset$wrapper                          0x00000301   Thumb Code    18  memseta.o(.text)
    strstr                                   0x00000313   Thumb Code    36  strstr.o(.text)
    strlen                                   0x00000337   Thumb Code    14  strlen.o(.text)
    strcpy                                   0x00000345   Thumb Code    18  strcpy.o(.text)
    __scatterload                            0x00000359   Thumb Code    28  init.o(.text)
    __scatterload_rt2                        0x00000359   Thumb Code     0  init.o(.text)
    Board_Input                              0x0000037d   Thumb Code    16  led.o(i.Board_Input)
    CC3100_InterruptDisable                  0x00000391   Thumb Code     8  board.o(i.CC3100_InterruptDisable)
    CC3100_InterruptEnable                   0x0000039d   Thumb Code     8  board.o(i.CC3100_InterruptEnable)
    CC3100_disable                           0x000003a9   Thumb Code    16  board.o(i.CC3100_disable)
    CC3100_enable                            0x000003bd   Thumb Code    16  board.o(i.CC3100_enable)
    CopyPingResultsToReport                  0x000003d1   Thumb Code    26  netapp.o(i.CopyPingResultsToReport)
    Crash                                    0x000003eb   Thumb Code    18  main.o(i.Crash)
    FPUEnable                                0x0000048d   Thumb Code    12  fpu.o(i.FPUEnable)
    FPULazyStackingEnable                    0x0000049d   Thumb Code    12  fpu.o(i.FPULazyStackingEnable)
    GPIOB_intHandler                         0x000004ad   Thumb Code    44  board.o(i.GPIOB_intHandler)
    GPIODirModeSet                           0x000004e1   Thumb Code    40  gpio.o(i.GPIODirModeSet)
    GPIOIntClear                             0x00000509   Thumb Code     6  gpio.o(i.GPIOIntClear)
    GPIOIntDisable                           0x0000050f   Thumb Code    14  gpio.o(i.GPIOIntDisable)
    GPIOIntEnable                            0x0000051d   Thumb Code    14  gpio.o(i.GPIOIntEnable)
    GPIOIntStatus                            0x0000052b   Thumb Code    14  gpio.o(i.GPIOIntStatus)
    GPIOIntTypeSet                           0x00000539   Thumb Code    80  gpio.o(i.GPIOIntTypeSet)
    GPIOPadConfigSet                         0x00000589   Thumb Code   314  gpio.o(i.GPIOPadConfigSet)
    GPIOPinConfigure                         0x000006c5   Thumb Code    64  gpio.o(i.GPIOPinConfigure)
    GPIOPinTypeGPIOInput                     0x0000070d   Thumb Code    28  gpio.o(i.GPIOPinTypeGPIOInput)
    GPIOPinTypeSSI                           0x00000729   Thumb Code    28  gpio.o(i.GPIOPinTypeSSI)
    GPIOPinTypeUART                          0x00000745   Thumb Code    28  gpio.o(i.GPIOPinTypeUART)
    GPIOPinWrite                             0x00000761   Thumb Code     6  gpio.o(i.GPIOPinWrite)
    GetStartResponseConvert                  0x00000767   Thumb Code    68  device.o(i.GetStartResponseConvert)
    IntEnable                                0x000007ad   Thumb Code    92  interrupt.o(i.IntEnable)
    IntMasterEnable                          0x00000811   Thumb Code    14  interrupt.o(i.IntMasterEnable)
    LCD_Init                                 0x00000849   Thumb Code    62  main.o(i.LCD_Init)
    LCD_OutString                            0x00000895   Thumb Code    18  main.o(i.LCD_OutString)
    LED_GreenOff                             0x000008a9   Thumb Code     8  led.o(i.LED_GreenOff)
    LED_GreenOn                              0x000008b5   Thumb Code     8  led.o(i.LED_GreenOn)
    LED_Init                                 0x000008c1   Thumb Code    78  led.o(i.LED_Init)
    LED_RedToggle                            0x00000925   Thumb Code    12  led.o(i.LED_RedToggle)
    Nokia5110_Clear                          0x00000935   Thumb Code    34  nokia5110.o(i.Nokia5110_Clear)
    Nokia5110_Init                           0x00000959   Thumb Code   258  nokia5110.o(i.Nokia5110_Init)
    Nokia5110_OutChar                        0x00000a7d   Thumb Code   120  nokia5110.o(i.Nokia5110_OutChar)
    Nokia5110_OutString                      0x00000afd   Thumb Code    20  nokia5110.o(i.Nokia5110_OutString)
    Nokia5110_SetCursor                      0x00000b11   Thumb Code    48  nokia5110.o(i.Nokia5110_SetCursor)
    SSIConfigSetExpClk                       0x00000b45   Thumb Code    74  ssi.o(i.SSIConfigSetExpClk)
    SSIDataGetNonBlocking                    0x00000b8f   Thumb Code    20  ssi.o(i.SSIDataGetNonBlocking)
    SSIDataPutNonBlocking                    0x00000ba3   Thumb Code    16  ssi.o(i.SSIDataPutNonBlocking)
    SSIEnable                                0x00000bb3   Thumb Code    10  ssi.o(i.SSIEnable)
    SimpleLinkHttpServerCallback             0x00000bbd   Thumb Code     6  main.o(i.SimpleLinkHttpServerCallback)
    SimpleLinkNetAppEventHandler             0x00000be9   Thumb Code    24  main.o(i.SimpleLinkNetAppEventHandler)
    SimpleLinkWlanEventHandler               0x00000c29   Thumb Code    50  main.o(i.SimpleLinkWlanEventHandler)
    SysCtlClockGet                           0x00000cf9   Thumb Code   314  sysctl.o(i.SysCtlClockGet)
    SysCtlClockSet                           0x00000e5d   Thumb Code   270  sysctl.o(i.SysCtlClockSet)
    SysCtlPeripheralEnable                   0x00000f7d   Thumb Code    36  sysctl.o(i.SysCtlPeripheralEnable)
    UARTFlushRx                              0x00000fa5   Thumb Code    36  uartstdio.o(i.UARTFlushRx)
    UARTFlushTx                              0x00000fcd   Thumb Code    52  uartstdio.o(i.UARTFlushTx)
    UARTStdioConfig                          0x0000107d   Thumb Code   142  uartstdio.o(i.UARTStdioConfig)
    UARTStdioIntHandler                      0x00001115   Thumb Code   248  uartstdio.o(i.UARTStdioIntHandler)
    UARToutString                            0x0000121d   Thumb Code    64  main.o(i.UARToutString)
    UARTprintf                               0x0000125d   Thumb Code    18  uartstdio.o(i.UARTprintf)
    UARTvprintf                              0x00001271   Thumb Code   420  uartstdio.o(i.UARTvprintf)
    UARTwrite                                0x00001425   Thumb Code   134  uartstdio.o(i.UARTwrite)
    WlanConnect                              0x000014b5   Thumb Code    54  main.o(i.WlanConnect)
    _SlAsyncEventGenericHandler              0x0000150d   Thumb Code   750  driver.o(i._SlAsyncEventGenericHandler)
    _SlDrvBasicCmd                           0x00001801   Thumb Code    40  driver.o(i._SlDrvBasicCmd)
    _SlDrvClassifyRxMsg                      0x00001829   Thumb Code   124  driver.o(i._SlDrvClassifyRxMsg)
    _SlDrvCmdOp                              0x000018b9   Thumb Code    80  driver.o(i._SlDrvCmdOp)
    _SlDrvCmdSend                            0x0000190d   Thumb Code    24  driver.o(i._SlDrvCmdSend)
    _SlDrvDataReadOp                         0x00001929   Thumb Code   324  driver.o(i._SlDrvDataReadOp)
    _SlDrvDataWriteOp                        0x00001a75   Thumb Code   272  driver.o(i._SlDrvDataWriteOp)
    _SlDrvDeviceEventHandler                 0x00001b89   Thumb Code    26  device.o(i._SlDrvDeviceEventHandler)
    _SlDrvDriverCBDeinit                     0x00001ba5   Thumb Code    92  driver.o(i._SlDrvDriverCBDeinit)
    _SlDrvDriverCBInit                       0x00001c05   Thumb Code   134  driver.o(i._SlDrvDriverCBInit)
    _SlDrvFlowContDeinit                     0x00001c95   Thumb Code    40  flowcont.o(i._SlDrvFlowContDeinit)
    _SlDrvFlowContInit                       0x00001cc1   Thumb Code    42  flowcont.o(i._SlDrvFlowContInit)
    _SlDrvMsgRead                            0x00001cf1   Thumb Code   840  driver.o(i._SlDrvMsgRead)
    _SlDrvMsgReadCmdCtx                      0x00002041   Thumb Code   158  driver.o(i._SlDrvMsgReadCmdCtx)
    _SlDrvMsgReadSpawnCtx                    0x000020e9   Thumb Code   138  driver.o(i._SlDrvMsgReadSpawnCtx)
    _SlDrvMsgWrite                           0x00002179   Thumb Code   232  driver.o(i._SlDrvMsgWrite)
    _SlDrvNetAppEventHandler                 0x00002269   Thumb Code   202  netapp.o(i._SlDrvNetAppEventHandler)
    _SlDrvObjDeInit                          0x00002335   Thumb Code    18  driver.o(i._SlDrvObjDeInit)
    _SlDrvObjInit                            0x0000234d   Thumb Code    56  driver.o(i._SlDrvObjInit)
    _SlDrvReleasePoolObj                     0x00002389   Thumb Code   222  driver.o(i._SlDrvReleasePoolObj)
    _SlDrvRxHdrRead                          0x0000246d   Thumb Code   280  driver.o(i._SlDrvRxHdrRead)
    _SlDrvRxIrqHandler                       0x00002595   Thumb Code    54  driver.o(i._SlDrvRxIrqHandler)
    _SlDrvShiftDWord                         0x000025d5   Thumb Code    22  driver.o(i._SlDrvShiftDWord)
    _SlDrvWaitForPoolObj                     0x000025ed   Thumb Code   254  driver.o(i._SlDrvWaitForPoolObj)
    _SlFindAndSetActiveObj                   0x000026f1   Thumb Code   144  driver.o(i._SlFindAndSetActiveObj)
    _SlNonOsMainLoopTask                     0x00002789   Thumb Code    54  nonos.o(i._SlNonOsMainLoopTask)
    _SlNonOsSemGet                           0x000027c9   Thumb Code    50  nonos.o(i._SlNonOsSemGet)
    _SlNonOsSemSet                           0x000027fb   Thumb Code     6  nonos.o(i._SlNonOsSemSet)
    _SlNonOsSpawn                            0x00002801   Thumb Code    30  nonos.o(i._SlNonOsSpawn)
    _SlRemoveFromList                        0x00002825   Thumb Code    84  driver.o(i._SlRemoveFromList)
    __scatterload_copy                       0x0000287d   Thumb Code    14  handlers.o(i.__scatterload_copy)
    __scatterload_null                       0x0000288b   Thumb Code     2  handlers.o(i.__scatterload_null)
    __scatterload_zeroinit                   0x0000288d   Thumb Code    14  handlers.o(i.__scatterload_zeroinit)
    _sl_BuildAddress                         0x0000289b   Thumb Code    38  socket.o(i._sl_BuildAddress)
    _sl_HandleAsync_Accept                   0x000028c1   Thumb Code   110  socket.o(i._sl_HandleAsync_Accept)
    _sl_HandleAsync_Connect                  0x00002935   Thumb Code   120  socket.o(i._sl_HandleAsync_Connect)
    _sl_HandleAsync_DnsGetHostByName         0x000029b1   Thumb Code   110  netapp.o(i._sl_HandleAsync_DnsGetHostByName)
    _sl_HandleAsync_DnsGetHostByService      0x00002a25   Thumb Code   100  netapp.o(i._sl_HandleAsync_DnsGetHostByService)
    _sl_HandleAsync_InitComplete             0x00002a8d   Thumb Code   126  device.o(i._sl_HandleAsync_InitComplete)
    _sl_HandleAsync_PingResponse             0x00002b11   Thumb Code   120  netapp.o(i._sl_HandleAsync_PingResponse)
    _sl_HandleAsync_Select                   0x00002b91   Thumb Code    94  socket.o(i._sl_HandleAsync_Select)
    _sl_HandleAsync_Stop                     0x00002bf5   Thumb Code    90  device.o(i._sl_HandleAsync_Stop)
    _sl_TruncatePayloadByProtocol            0x00002c55   Thumb Code    84  socket.o(i._sl_TruncatePayloadByProtocol)
    initClk                                  0x00002ef1   Thumb Code    20  board.o(i.initClk)
    main                                     0x00002f5d   Thumb Code   172  main.o(i.main)
    registerInterruptHandler                 0x0000309d   Thumb Code     8  board.o(i.registerInterruptHandler)
    sl_Close                                 0x000030a9   Thumb Code    26  socket.o(i.sl_Close)
    sl_Connect                               0x000030c9   Thumb Code   224  socket.o(i.sl_Connect)
    sl_DevGet                                0x000031b5   Thumb Code   104  device.o(i.sl_DevGet)
    sl_Htonl                                 0x00003225   Thumb Code    40  socket.o(i.sl_Htonl)
    sl_Htons                                 0x0000324d   Thumb Code    48  socket.o(i.sl_Htons)
    sl_NetAppDnsGetHostByName                0x0000327d   Thumb Code   202  netapp.o(i.sl_NetAppDnsGetHostByName)
    sl_NetAppMDNSRegisterUnregisterService   0x00003355   Thumb Code   120  netapp.o(i.sl_NetAppMDNSRegisterUnregisterService)
    sl_NetAppMDNSUnRegisterService           0x000033d1   Thumb Code    18  netapp.o(i.sl_NetAppMDNSUnRegisterService)
    sl_NetAppSendTokenValue                  0x000033e5   Thumb Code    74  netapp.o(i.sl_NetAppSendTokenValue)
    sl_NetCfgSet                             0x00003435   Thumb Code    58  netcfg.o(i.sl_NetCfgSet)
    sl_Recv                                  0x00003475   Thumb Code    58  socket.o(i.sl_Recv)
    sl_Send                                  0x000034b5   Thumb Code   162  socket.o(i.sl_Send)
    sl_Socket                                0x00003561   Thumb Code    42  socket.o(i.sl_Socket)
    sl_Start                                 0x00003591   Thumb Code   170  device.o(i.sl_Start)
    sl_Stop                                  0x00003649   Thumb Code   186  device.o(i.sl_Stop)
    sl_WlanConnect                           0x00003711   Thumb Code   414  wlan.o(i.sl_WlanConnect)
    sl_WlanDisconnect                        0x000038b5   Thumb Code     8  wlan.o(i.sl_WlanDisconnect)
    sl_WlanPolicySet                         0x000038bd   Thumb Code    52  wlan.o(i.sl_WlanPolicySet)
    sl_WlanProfileDel                        0x000038f5   Thumb Code    26  wlan.o(i.sl_WlanProfileDel)
    sl_WlanSet                               0x00003915   Thumb Code    60  wlan.o(i.sl_WlanSet)
    sl_WlanSetMode                           0x00003955   Thumb Code    26  wlan.o(i.sl_WlanSetMode)
    spi_Close                                0x00003975   Thumb Code    10  spi.o(i.spi_Close)
    spi_Open                                 0x00003981   Thumb Code   214  spi.o(i.spi_Open)
    spi_Read                                 0x00003a81   Thumb Code    78  spi.o(i.spi_Read)
    spi_Write                                0x00003ad9   Thumb Code    76  spi.o(i.spi_Write)
    stopWDT                                  0x00003b2d   Thumb Code     2  board.o(i.stopWDT)
    Masks                                    0x00003b2e   Data           8  nokia5110.o(.constdata)
    _SlStopCmdCtrl                           0x00003d16   Data           4  device.o(.constdata)
    _SlEventMaskSetCmdCtrl                   0x00003d1a   Data           4  device.o(.constdata)
    _SlEventMaskGetCmdCtrl                   0x00003d1e   Data           4  device.o(.constdata)
    _SlDeviceGetCmdCtrl                      0x00003d22   Data           4  device.o(.constdata)
    _SlDeviceSetCmdCtrl                      0x00003d26   Data           4  device.o(.constdata)
    g_H2NSyncPattern                         0x00003d2c   Data           8  driver.o(.constdata)
    g_H2NCnysPattern                         0x00003d34   Data           8  driver.o(.constdata)
    _SlActionLookupTable                     0x00003d3c   Data          56  driver.o(.constdata)
    _SlNetAppStartCtrl                       0x00003d74   Data           4  netapp.o(.constdata)
    _SlNetAppStopCtrl                        0x00003d78   Data           4  netapp.o(.constdata)
    _SlGetServiceListeCtrl                   0x00003d7c   Data           4  netapp.o(.constdata)
    _SlRegisterServiceCtrl                   0x00003d80   Data           4  netapp.o(.constdata)
    _SlGetHostByServiceCtrl                  0x00003d84   Data           4  netapp.o(.constdata)
    _SlGetHostByNameCtrl                     0x00003d88   Data           4  netapp.o(.constdata)
    _SlNetAppSetCmdCtrl                      0x00003d8c   Data           4  netapp.o(.constdata)
    _SlNetAppSendTokenValueCmdCtrl           0x00003d90   Data           4  netapp.o(.constdata)
    _SlNetAppGetCmdCtrl                      0x00003d94   Data           4  netapp.o(.constdata)
    _SlNetCfgSetCmdCtrl                      0x00003d9c   Data           4  netcfg.o(.constdata)
    _SlNetCfgGetCmdCtrl                      0x00003da0   Data           4  netcfg.o(.constdata)
    _SlSockSocketCmdCtrl                     0x00003da4   Data           4  socket.o(.constdata)
    _SlSockCloseCmdCtrl                      0x00003da8   Data           4  socket.o(.constdata)
    _SlRecvfomCmdCtrl                        0x00003dac   Data           4  socket.o(.constdata)
    _SlSendCmdCtrl                           0x00003db0   Data           4  socket.o(.constdata)
    _SlListenCmdCtrl                         0x00003db4   Data           4  socket.o(.constdata)
    _SlAcceptCmdCtrl                         0x00003db8   Data           4  socket.o(.constdata)
    _SlRecvCmdCtrl                           0x00003dbc   Data           4  socket.o(.constdata)
    _SlSetSockOptCmdCtrl                     0x00003dc0   Data           4  socket.o(.constdata)
    _SlGetSockOptCmdCtrl                     0x00003dc4   Data           4  socket.o(.constdata)
    _SlSelectCmdCtrl                         0x00003dc8   Data           4  socket.o(.constdata)
    _SlPolicySetCmdCtrl                      0x00003dd4   Data           4  wlan.o(.constdata)
    _SlPolicyGetCmdCtrl                      0x00003dd8   Data           4  wlan.o(.constdata)
    _SlProfileGetCmdCtrl                     0x00003ddc   Data           4  wlan.o(.constdata)
    _SlProfileDelCmdCtrl                     0x00003de0   Data           4  wlan.o(.constdata)
    _SlWlanGetNetworkListCtrl                0x00003de4   Data           4  wlan.o(.constdata)
    _SlRxFilterAddtCmdCtrl                   0x00003de8   Data           4  wlan.o(.constdata)
    _SlRxFilterSetCmdCtrl                    0x00003dec   Data           4  wlan.o(.constdata)
    _SlRxFilterGetCmdCtrl                    0x00003df0   Data           4  wlan.o(.constdata)
    _SlSmartConfigStartCmdCtrl               0x00003df4   Data           4  wlan.o(.constdata)
    _SlWlanSetModeCmdCtrl                    0x00003df8   Data           4  wlan.o(.constdata)
    _SlWlanCfgSetCmdCtrl                     0x00003dfc   Data           4  wlan.o(.constdata)
    _SlWlanCfgGetCmdCtrl                     0x00003e00   Data           4  wlan.o(.constdata)
    Region$$Table$$Base                      0x000043d0   Number         0  anon$$obj.o(Region$$Table)
    Region$$Table$$Limit                     0x000043f0   Number         0  anon$$obj.o(Region$$Table)
    g_Status                                 0x20000000   Data           4  main.o(.data)
    IntIsMasked                              0x20000004   Data           1  board.o(.data)
    pIrqEventHandler                         0x20000008   Data           4  board.o(.data)
    NokiaX                                   0x2000000c   Data           4  nokia5110.o(.data)
    NokiaY                                   0x20000010   Data           4  nokia5110.o(.data)
    g_pCB                                    0x20000014   Data           4  driver.o(.data)
    pPingCallBackFunc                        0x20000018   Data           4  driver.o(.data)
    City                                     0x20000038   Data         100  main.o(.bss)
    Temperature                              0x2000009c   Data         100  main.o(.bss)
    Weather                                  0x20000100   Data         100  main.o(.bss)
    appData                                  0x20000164   Data        1584  main.o(.bss)
    g_StatMem                                0x20000794   Data         356  driver.o(.bss)
    g__SlNonOsCB                             0x200008f8   Data          40  nonos.o(.bss)
    __initial_sp                             0x20004da0   Data           0  startup_rvmdk.o(STACK)



==============================================================================

Memory Map of the image

  Image Entry point : 0x0000026d

  Load Region LR_IROM (Base: 0x00000000, Size: 0x00004428, Max: 0x00040000, ABSOLUTE)

    Execution Region ER_IROM (Exec base: 0x00000000, Load base: 0x00000000, Size: 0x000043f0, Max: 0x00040000, ABSOLUTE)

    Exec Addr    Load Addr    Size         Type   Attr      Idx    E Section Name        Object

    0x00000000   0x00000000   0x00000288   Code   RO         1161  * RESET               startup_rvmdk.o
    0x00000288   0x00000288   0x00000000   Code   RO         2830  * .ARM.Collect$$$$00000000  mc_w.l(entry.o)
    0x00000288   0x00000288   0x00000004   Code   RO         2845    .ARM.Collect$$$$00000001  mc_w.l(entry2.o)
    0x0000028c   0x0000028c   0x00000004   Code   RO         2848    .ARM.Collect$$$$00000004  mc_w.l(entry5.o)
    0x00000290   0x00000290   0x00000000   Code   RO         2850    .ARM.Collect$$$$00000008  mc_w.l(entry7b.o)
    0x00000290   0x00000290   0x00000000   Code   RO         2852    .ARM.Collect$$$$0000000A  mc_w.l(entry8b.o)
    0x00000290   0x00000290   0x00000008   Code   RO         2853    .ARM.Collect$$$$0000000B  mc_w.l(entry9a.o)
    0x00000298   0x00000298   0x00000000   Code   RO         2855    .ARM.Collect$$$$0000000D  mc_w.l(entry10a.o)
    0x00000298   0x00000298   0x00000000   Code   RO         2857    .ARM.Collect$$$$0000000F  mc_w.l(entry11a.o)
    0x00000298   0x00000298   0x00000004   Code   RO         2846    .ARM.Collect$$$$00002712  mc_w.l(entry2.o)
    0x0000029c   0x0000029c   0x00000006   Code   RO         2189    .emb_text           driverlib.lib(sysctl.o)
    0x000002a2   0x000002a2   0x00000002   PAD
    0x000002a4   0x000002a4   0x00000026   Code   RO         2820    .emb_text           driverlib.lib(cpu.o)
    0x000002ca   0x000002ca   0x00000024   Code   RO         2833    .text               mc_w.l(memcpya.o)
    0x000002ee   0x000002ee   0x00000024   Code   RO         2835    .text               mc_w.l(memseta.o)
    0x00000312   0x00000312   0x00000024   Code   RO         2837    .text               mc_w.l(strstr.o)
    0x00000336   0x00000336   0x0000000e   Code   RO         2839    .text               mc_w.l(strlen.o)
    0x00000344   0x00000344   0x00000012   Code   RO         2841    .text               mc_w.l(strcpy.o)
    0x00000356   0x00000356   0x00000002   PAD
    0x00000358   0x00000358   0x00000024   Code   RO         2859    .text               mc_w.l(init.o)
    0x0000037c   0x0000037c   0x00000014   Code   RO          379    i.Board_Input       led.o
    0x00000390   0x00000390   0x0000000c   Code   RO          190    i.CC3100_InterruptDisable  board.o
    0x0000039c   0x0000039c   0x0000000c   Code   RO          191    i.CC3100_InterruptEnable  board.o
    0x000003a8   0x000003a8   0x00000014   Code   RO          192    i.CC3100_disable    board.o
    0x000003bc   0x000003bc   0x00000014   Code   RO          193    i.CC3100_enable     board.o
    0x000003d0   0x000003d0   0x0000001a   Code   RO          784    i.CopyPingResultsToReport  netapp.o
    0x000003ea   0x000003ea   0x00000012   Code   RO            1    i.Crash             main.o
    0x000003fc   0x000003fc   0x00000090   Code   RO            2    i.CreateConnection  main.o
    0x0000048c   0x0000048c   0x00000010   Code   RO         1533    i.FPUEnable         driverlib.lib(fpu.o)
    0x0000049c   0x0000049c   0x00000010   Code   RO         1536    i.FPULazyStackingEnable  driverlib.lib(fpu.o)
    0x000004ac   0x000004ac   0x00000034   Code   RO          195    i.GPIOB_intHandler  board.o
    0x000004e0   0x000004e0   0x00000028   Code   RO         1609    i.GPIODirModeSet    driverlib.lib(gpio.o)
    0x00000508   0x00000508   0x00000006   Code   RO         1610    i.GPIOIntClear      driverlib.lib(gpio.o)
    0x0000050e   0x0000050e   0x0000000e   Code   RO         1611    i.GPIOIntDisable    driverlib.lib(gpio.o)
    0x0000051c   0x0000051c   0x0000000e   Code   RO         1612    i.GPIOIntEnable     driverlib.lib(gpio.o)
    0x0000052a   0x0000052a   0x0000000e   Code   RO         1614    i.GPIOIntStatus     driverlib.lib(gpio.o)
    0x00000538   0x00000538   0x00000050   Code   RO         1616    i.GPIOIntTypeSet    driverlib.lib(gpio.o)
    0x00000588   0x00000588   0x0000013a   Code   RO         1619    i.GPIOPadConfigSet  driverlib.lib(gpio.o)
    0x000006c2   0x000006c2   0x00000002   PAD
    0x000006c4   0x000006c4   0x00000048   Code   RO         1620    i.GPIOPinConfigure  driverlib.lib(gpio.o)
    0x0000070c   0x0000070c   0x0000001c   Code   RO         1629    i.GPIOPinTypeGPIOInput  driverlib.lib(gpio.o)
    0x00000728   0x00000728   0x0000001c   Code   RO         1643    i.GPIOPinTypeSSI    driverlib.lib(gpio.o)
    0x00000744   0x00000744   0x0000001c   Code   RO         1645    i.GPIOPinTypeUART   driverlib.lib(gpio.o)
    0x00000760   0x00000760   0x00000006   Code   RO         1651    i.GPIOPinWrite      driverlib.lib(gpio.o)
    0x00000766   0x00000766   0x00000044   Code   RO          439    i.GetStartResponseConvert  device.o
    0x000007aa   0x000007aa   0x00000002   PAD
    0x000007ac   0x000007ac   0x00000064   Code   RO         1925    i.IntEnable         driverlib.lib(interrupt.o)
    0x00000810   0x00000810   0x0000000e   Code   RO         1928    i.IntMasterEnable   driverlib.lib(interrupt.o)
    0x0000081e   0x0000081e   0x00000010   Code   RO         1293    i.IsBufferEmpty     uartstdio.o
    0x0000082e   0x0000082e   0x0000001a   Code   RO         1294    i.IsBufferFull      uartstdio.o
    0x00000848   0x00000848   0x0000004c   Code   RO            3    i.LCD_Init          main.o
    0x00000894   0x00000894   0x00000012   Code   RO            4    i.LCD_OutString     main.o
    0x000008a6   0x000008a6   0x00000002   PAD
    0x000008a8   0x000008a8   0x0000000c   Code   RO          381    i.LED_GreenOff      led.o
    0x000008b4   0x000008b4   0x0000000c   Code   RO          382    i.LED_GreenOn       led.o
    0x000008c0   0x000008c0   0x00000064   Code   RO          384    i.LED_Init          led.o
    0x00000924   0x00000924   0x00000010   Code   RO          387    i.LED_RedToggle     led.o
    0x00000934   0x00000934   0x00000022   Code   RO          283    i.Nokia5110_Clear   nokia5110.o
    0x00000956   0x00000956   0x00000002   PAD
    0x00000958   0x00000958   0x00000124   Code   RO          288    i.Nokia5110_Init    nokia5110.o
    0x00000a7c   0x00000a7c   0x00000080   Code   RO          289    i.Nokia5110_OutChar  nokia5110.o
    0x00000afc   0x00000afc   0x00000014   Code   RO          290    i.Nokia5110_OutString  nokia5110.o
    0x00000b10   0x00000b10   0x00000034   Code   RO          293    i.Nokia5110_SetCursor  nokia5110.o
    0x00000b44   0x00000b44   0x0000004a   Code   RO         2045    i.SSIConfigSetExpClk  driverlib.lib(ssi.o)
    0x00000b8e   0x00000b8e   0x00000014   Code   RO         2049    i.SSIDataGetNonBlocking  driverlib.lib(ssi.o)
    0x00000ba2   0x00000ba2   0x00000010   Code   RO         2051    i.SSIDataPutNonBlocking  driverlib.lib(ssi.o)
    0x00000bb2   0x00000bb2   0x0000000a   Code   RO         2053    i.SSIEnable         driverlib.lib(ssi.o)
    0x00000bbc   0x00000bbc   0x0000002c   Code   RO            6    i.SimpleLinkHttpServerCallback  main.o
    0x00000be8   0x00000be8   0x00000040   Code   RO            7    i.SimpleLinkNetAppEventHandler  main.o
    0x00000c28   0x00000c28   0x000000d0   Code   RO            9    i.SimpleLinkWlanEventHandler  main.o
    0x00000cf8   0x00000cf8   0x00000164   Code   RO         2192    i.SysCtlClockGet    driverlib.lib(sysctl.o)
    0x00000e5c   0x00000e5c   0x00000120   Code   RO         2194    i.SysCtlClockSet    driverlib.lib(sysctl.o)
    0x00000f7c   0x00000f7c   0x00000028   Code   RO         2223    i.SysCtlPeripheralEnable  driverlib.lib(sysctl.o)
    0x00000fa4   0x00000fa4   0x00000028   Code   RO         1296    i.UARTFlushRx       uartstdio.o
    0x00000fcc   0x00000fcc   0x00000038   Code   RO         1297    i.UARTFlushTx       uartstdio.o
    0x00001004   0x00001004   0x00000078   Code   RO         1300    i.UARTPrimeTransmit  uartstdio.o
    0x0000107c   0x0000107c   0x00000098   Code   RO         1302    i.UARTStdioConfig   uartstdio.o
    0x00001114   0x00001114   0x00000108   Code   RO         1303    i.UARTStdioIntHandler  uartstdio.o
    0x0000121c   0x0000121c   0x00000040   Code   RO           10    i.UARToutString     main.o
    0x0000125c   0x0000125c   0x00000012   Code   RO         1307    i.UARTprintf        uartstdio.o
    0x0000126e   0x0000126e   0x00000002   PAD
    0x00001270   0x00001270   0x000001b4   Code   RO         1308    i.UARTvprintf       uartstdio.o
    0x00001424   0x00001424   0x00000090   Code   RO         1309    i.UARTwrite         uartstdio.o
    0x000014b4   0x000014b4   0x00000058   Code   RO           11    i.WlanConnect       main.o
    0x0000150c   0x0000150c   0x000002f4   Code   RO          563    i._SlAsyncEventGenericHandler  driver.o
    0x00001800   0x00001800   0x00000028   Code   RO          564    i._SlDrvBasicCmd    driver.o
    0x00001828   0x00001828   0x00000090   Code   RO          565    i._SlDrvClassifyRxMsg  driver.o
    0x000018b8   0x000018b8   0x00000054   Code   RO          566    i._SlDrvCmdOp       driver.o
    0x0000190c   0x0000190c   0x0000001c   Code   RO          567    i._SlDrvCmdSend     driver.o
    0x00001928   0x00001928   0x0000014c   Code   RO          568    i._SlDrvDataReadOp  driver.o
    0x00001a74   0x00001a74   0x00000114   Code   RO          569    i._SlDrvDataWriteOp  driver.o
    0x00001b88   0x00001b88   0x0000001a   Code   RO          440    i._SlDrvDeviceEventHandler  device.o
    0x00001ba2   0x00001ba2   0x00000002   PAD
    0x00001ba4   0x00001ba4   0x00000060   Code   RO          570    i._SlDrvDriverCBDeinit  driver.o
    0x00001c04   0x00001c04   0x00000090   Code   RO          571    i._SlDrvDriverCBInit  driver.o
    0x00001c94   0x00001c94   0x0000002c   Code   RO          709    i._SlDrvFlowContDeinit  flowcont.o
    0x00001cc0   0x00001cc0   0x00000030   Code   RO          710    i._SlDrvFlowContInit  flowcont.o
    0x00001cf0   0x00001cf0   0x00000350   Code   RO          572    i._SlDrvMsgRead     driver.o
    0x00002040   0x00002040   0x000000a8   Code   RO          573    i._SlDrvMsgReadCmdCtx  driver.o
    0x000020e8   0x000020e8   0x00000090   Code   RO          574    i._SlDrvMsgReadSpawnCtx  driver.o
    0x00002178   0x00002178   0x000000f0   Code   RO          575    i._SlDrvMsgWrite    driver.o
    0x00002268   0x00002268   0x000000ca   Code   RO          785    i._SlDrvNetAppEventHandler  netapp.o
    0x00002332   0x00002332   0x00000002   PAD
    0x00002334   0x00002334   0x00000018   Code   RO          576    i._SlDrvObjDeInit   driver.o
    0x0000234c   0x0000234c   0x0000003c   Code   RO          577    i._SlDrvObjInit     driver.o
    0x00002388   0x00002388   0x000000e4   Code   RO          578    i._SlDrvReleasePoolObj  driver.o
    0x0000246c   0x0000246c   0x00000128   Code   RO          579    i._SlDrvRxHdrRead   driver.o
    0x00002594   0x00002594   0x00000040   Code   RO          580    i._SlDrvRxIrqHandler  driver.o
    0x000025d4   0x000025d4   0x00000016   Code   RO          581    i._SlDrvShiftDWord  driver.o
    0x000025ea   0x000025ea   0x00000002   PAD
    0x000025ec   0x000025ec   0x00000104   Code   RO          582    i._SlDrvWaitForPoolObj  driver.o
    0x000026f0   0x000026f0   0x00000098   Code   RO          583    i._SlFindAndSetActiveObj  driver.o
    0x00002788   0x00002788   0x00000040   Code   RO          922    i._SlNonOsMainLoopTask  nonos.o
    0x000027c8   0x000027c8   0x00000032   Code   RO          923    i._SlNonOsSemGet    nonos.o
    0x000027fa   0x000027fa   0x00000006   Code   RO          924    i._SlNonOsSemSet    nonos.o
    0x00002800   0x00002800   0x00000024   Code   RO          925    i._SlNonOsSpawn     nonos.o
    0x00002824   0x00002824   0x00000058   Code   RO          584    i._SlRemoveFromList  driver.o
    0x0000287c   0x0000287c   0x0000000e   Code   RO         2863    i.__scatterload_copy  mc_w.l(handlers.o)
    0x0000288a   0x0000288a   0x00000002   Code   RO         2864    i.__scatterload_null  mc_w.l(handlers.o)
    0x0000288c   0x0000288c   0x0000000e   Code   RO         2865    i.__scatterload_zeroinit  mc_w.l(handlers.o)
    0x0000289a   0x0000289a   0x00000026   Code   RO          959    i._sl_BuildAddress  socket.o
    0x000028c0   0x000028c0   0x00000074   Code   RO          960    i._sl_HandleAsync_Accept  socket.o
    0x00002934   0x00002934   0x0000007c   Code   RO          961    i._sl_HandleAsync_Connect  socket.o
    0x000029b0   0x000029b0   0x00000074   Code   RO          787    i._sl_HandleAsync_DnsGetHostByName  netapp.o
    0x00002a24   0x00002a24   0x00000068   Code   RO          788    i._sl_HandleAsync_DnsGetHostByService  netapp.o
    0x00002a8c   0x00002a8c   0x00000084   Code   RO          441    i._sl_HandleAsync_InitComplete  device.o
    0x00002b10   0x00002b10   0x00000080   Code   RO          789    i._sl_HandleAsync_PingResponse  netapp.o
    0x00002b90   0x00002b90   0x00000064   Code   RO          962    i._sl_HandleAsync_Select  socket.o
    0x00002bf4   0x00002bf4   0x00000060   Code   RO          442    i._sl_HandleAsync_Stop  device.o
    0x00002c54   0x00002c54   0x00000054   Code   RO          964    i._sl_TruncatePayloadByProtocol  socket.o
    0x00002ca8   0x00002ca8   0x000000e4   Code   RO           12    i.configureSimpleLinkToDefaultState  main.o
    0x00002d8c   0x00002d8c   0x00000164   Code   RO           13    i.getWeather        main.o
    0x00002ef0   0x00002ef0   0x00000018   Code   RO          199    i.initClk           board.o
    0x00002f08   0x00002f08   0x00000020   Code   RO           14    i.initializeAppVariables  main.o
    0x00002f28   0x00002f28   0x00000034   Code   RO          295    i.lcdwrite          nokia5110.o
    0x00002f5c   0x00002f5c   0x00000140   Code   RO           15    i.main              main.o
    0x0000309c   0x0000309c   0x0000000c   Code   RO          200    i.registerInterruptHandler  board.o
    0x000030a8   0x000030a8   0x00000020   Code   RO          967    i.sl_Close          socket.o
    0x000030c8   0x000030c8   0x000000ec   Code   RO          968    i.sl_Connect        socket.o
    0x000031b4   0x000031b4   0x00000070   Code   RO          443    i.sl_DevGet         device.o
    0x00003224   0x00003224   0x00000028   Code   RO          970    i.sl_Htonl          socket.o
    0x0000324c   0x0000324c   0x00000030   Code   RO          971    i.sl_Htons          socket.o
    0x0000327c   0x0000327c   0x000000d8   Code   RO          790    i.sl_NetAppDnsGetHostByName  netapp.o
    0x00003354   0x00003354   0x0000007c   Code   RO          795    i.sl_NetAppMDNSRegisterUnregisterService  netapp.o
    0x000033d0   0x000033d0   0x00000012   Code   RO          796    i.sl_NetAppMDNSUnRegisterService  netapp.o
    0x000033e2   0x000033e2   0x00000002   PAD
    0x000033e4   0x000033e4   0x00000050   Code   RO          798    i.sl_NetAppSendTokenValue  netapp.o
    0x00003434   0x00003434   0x00000040   Code   RO          902    i.sl_NetCfgSet      netcfg.o
    0x00003474   0x00003474   0x00000040   Code   RO          973    i.sl_Recv           socket.o
    0x000034b4   0x000034b4   0x000000ac   Code   RO          976    i.sl_Send           socket.o
    0x00003560   0x00003560   0x00000030   Code   RO          979    i.sl_Socket         socket.o
    0x00003590   0x00003590   0x000000b8   Code   RO          447    i.sl_Start          device.o
    0x00003648   0x00003648   0x000000c8   Code   RO          448    i.sl_Stop           device.o
    0x00003710   0x00003710   0x000001a4   Code   RO         1169    i.sl_WlanConnect    wlan.o
    0x000038b4   0x000038b4   0x00000008   Code   RO         1170    i.sl_WlanDisconnect  wlan.o
    0x000038bc   0x000038bc   0x00000038   Code   RO         1174    i.sl_WlanPolicySet  wlan.o
    0x000038f4   0x000038f4   0x00000020   Code   RO         1176    i.sl_WlanProfileDel  wlan.o
    0x00003914   0x00003914   0x00000040   Code   RO         1184    i.sl_WlanSet        wlan.o
    0x00003954   0x00003954   0x00000020   Code   RO         1185    i.sl_WlanSetMode    wlan.o
    0x00003974   0x00003974   0x0000000a   Code   RO         1120    i.spi_Close         spi.o
    0x0000397e   0x0000397e   0x00000002   PAD
    0x00003980   0x00003980   0x00000100   Code   RO         1121    i.spi_Open          spi.o
    0x00003a80   0x00003a80   0x00000058   Code   RO         1122    i.spi_Read          spi.o
    0x00003ad8   0x00003ad8   0x00000054   Code   RO         1123    i.spi_Write         spi.o
    0x00003b2c   0x00003b2c   0x00000002   Code   RO          201    i.stopWDT           board.o
    0x00003b2e   0x00003b2e   0x000001e8   Data   RO          297    .constdata          nokia5110.o
    0x00003d16   0x00003d16   0x00000014   Data   RO          450    .constdata          device.o
    0x00003d2a   0x00003d2a   0x00000002   PAD
    0x00003d2c   0x00003d2c   0x00000048   Data   RO          586    .constdata          driver.o
    0x00003d74   0x00003d74   0x00000028   Data   RO          802    .constdata          netapp.o
    0x00003d9c   0x00003d9c   0x00000008   Data   RO          903    .constdata          netcfg.o
    0x00003da4   0x00003da4   0x00000030   Data   RO          980    .constdata          socket.o
    0x00003dd4   0x00003dd4   0x00000034   Data   RO         1188    .constdata          wlan.o
    0x00003e08   0x00003e08   0x00000028   Data   RO         1311    .constdata          uartstdio.o
    0x00003e30   0x00003e30   0x00000210   Data   RO         1652    .constdata          driverlib.lib(gpio.o)
    0x00004040   0x00004040   0x0000010c   Data   RO         1941    .constdata          driverlib.lib(interrupt.o)
    0x0000414c   0x0000414c   0x000001c4   Data   RO         2244    .constdata          driverlib.lib(sysctl.o)
    0x00004310   0x00004310   0x000000aa   Data   RO           17    .conststring        main.o
    0x000043ba   0x000043ba   0x00000002   PAD
    0x000043bc   0x000043bc   0x00000011   Data   RO         1312    .conststring        uartstdio.o
    0x000043cd   0x000043cd   0x00000003   PAD
    0x000043d0   0x000043d0   0x00000020   Data   RO         2861    Region$$Table       anon$$obj.o


    Execution Region RW_IRAM (Exec base: 0x20000000, Load base: 0x000043f0, Size: 0x00004da0, Max: 0x00008000, ABSOLUTE)

    Exec Addr    Load Addr    Size         Type   Attr      Idx    E Section Name        Object

    0x20000000   0x000043f0   0x00000004   Data   RW           18    .data               main.o
    0x20000004   0x000043f4   0x00000008   Data   RW          202    .data               board.o
    0x2000000c   0x000043fc   0x00000008   Data   RW          298    .data               nokia5110.o
    0x20000014   0x00004404   0x00000004   Data   RW          587    .data               driver.o
    0x20000018   0x00004408   0x00000004   Data   RW          588    .data               driver.o
    0x2000001c   0x0000440c   0x0000001c   Data   RW         1313    .data               uartstdio.o
    0x20000038        -       0x0000075c   Zero   RW           16    .bss                main.o
    0x20000794        -       0x00000164   Zero   RW          585    .bss                driver.o
    0x200008f8        -       0x00000028   Zero   RW          926    .bss                nonos.o
    0x20000920        -       0x00000480   Zero   RW         1310    .bss                uartstdio.o
    0x20000da0        -       0x00004000   Zero   RW         1159    STACK               startup_rvmdk.o


==============================================================================

Image component sizes


      Code (inc. data)   RO Data    RW Data    ZI Data      Debug   Object Name

       154         32          0          8          0       4497   board.o
       818         48         20          0          0      74937   device.o
      4494        152         72          8        356      24873   driver.o
        92         10          0          0          0       1168   flowcont.o
       160         38          0          0          0       2134   led.o
      1660        610        170          4       1884      43913   main.o
      1014         42         40          0          0      10618   netapp.o
        64          6          8          0          0       1653   netcfg.o
       578         52        488          8          0       8244   nokia5110.o
       156         16          0          0         40       3740   nonos.o
      1102         68         48          0          0      11201   socket.o
       438         60          0          0          0       2822   spi.o
       648        622          0          0      16384        268   startup_rvmdk.o
      1272         72         57         28       1152       9679   uartstdio.o
       612         26         52          0          0       7254   wlan.o

    ----------------------------------------------------------------------
     13280       1854        994         56      19816     207001   Object Totals
         0          0         32          0          0          0   (incl. Generated)
        18          0          7          0          0          0   (incl. Padding)

    ----------------------------------------------------------------------

      Code (inc. data)   RO Data    RW Data    ZI Data      Debug   Library Member Name

        38          0          0          0          0        504   cpu.o
        32          8          0          0          0       3548   fpu.o
       644          8        528          0          0       6797   gpio.o
       114          8        268          0          0       1774   interrupt.o
       120          0          0          0          0       2749   ssi.o
       690         64        452          0          0       3951   sysctl.o
         0          0          0          0          0          0   entry.o
         0          0          0          0          0          0   entry10a.o
         0          0          0          0          0          0   entry11a.o
         8          4          0          0          0          0   entry2.o
         4          0          0          0          0          0   entry5.o
         0          0          0          0          0          0   entry7b.o
         0          0          0          0          0          0   entry8b.o
         8          4          0          0          0          0   entry9a.o
        30          0          0          0          0          0   handlers.o
        36          8          0          0          0         68   init.o
        36          0          0          0          0         68   memcpya.o
        36          0          0          0          0        108   memseta.o
        18          0          0          0          0         68   strcpy.o
        14          0          0          0          0         68   strlen.o
        36          0          0          0          0         80   strstr.o

    ----------------------------------------------------------------------
      1870        104       1248          0          0      19783   Library Totals
         6          0          0          0          0          0   (incl. Padding)

    ----------------------------------------------------------------------

      Code (inc. data)   RO Data    RW Data    ZI Data      Debug   Library Name

      1638         88       1248          0          0      19323   driverlib.lib
       226         16          0          0          0        460   mc_w.l

    ----------------------------------------------------------------------
      1870        104       1248          0          0      19783   Library Totals

    ----------------------------------------------------------------------

==============================================================================


      Code (inc. data)   RO Data    RW Data    ZI Data      Debug   

     15150       1958       2242         56      19816     214432   Grand Totals
     15150       1958       2242         56      19816     214432   ELF Image Totals
     15150       1958       2242         56          0          0   ROM Totals

==============================================================================

    Total RO  Size (Code + RO Data)                17392 (  16.98kB)
    Total RW  Size (RW Data + ZI Data)             19872 (  19.41kB)
    Total ROM Size (Code + RO Data + RW Data)      17448 (  17.04kB)

==============================================================================

