<html>
<body>
<pre>
<h1>µVision Build Log</h1>
<h2>Project:</h2>
C:\Git\MyTexasLabware\Labware\Lab12_TuningFork\Lab12.uvproj
Project File Date:  05/23/2018

<h2>Output:</h2>
Rebuild target 'Lab12'
assembling startup.s...
compiling TuningFork.c...
linking...
Program Size: Code=5552 RO-data=7336 RW-data=100 ZI-data=1756  
".\Lab12.axf" - 0 Error(s), 0 Warning(s).
Load "C:\\Git\\MyTexasLabware\\Labware\\Lab12_TuningFork\\Lab12.axf" 
Connecting: Mode=JTAG, Speed=1000000Hz
Erase Done.
Programming Done.
Verify OK.
</pre>
</body>
</html>
