<html>
<body>
<pre>
<h1>µVision Build Log</h1>
<h2>Project:</h2>
C:\Git\MyTexasLabware\Labware\Lab14_MeasurementOfDistance\Lab14.uvproj
Project File Date:  06/23/2018

<h2>Output:</h2>
Rebuild target 'Lab14'
assembling startup.s...
compiling MeasurementOfDistance.c...
compiling Nokia5110.c...
compiling ADC.c...
linking...
Program Size: Code=7416 RO-data=7568 RW-data=124 ZI-data=1764  
".\Lab14.axf" - 0 Error(s), 0 Warning(s).
c,SecondDec,numSecondDec,ThirdDec;
MeasurementOfDistance.c: 1 warning, 0 errors
compiling Nokia5110.c...
compiling ADC.c...
linking...
Program Size: Code=7432 RO-data=7568 RW-data=124 ZI-data=1764  
".\Lab14.axf" - 0 Error(s), 1 Warning(s).
