<html>
<body>
<pre>
<h1>µVision Build Log</h1>
<h2>Project:</h2>
C:\Git\MyTexasLabware\Labware\Lab14_MeasurementOfDistance\Lab14.uvproj
Project File Date:  06/23/2018

<h2>Output:</h2>
Rebuild target 'Lab14'
assembling startup.s...
compiling MeasurementOfDistance.c...
compiling Nokia5110.c...
compiling ADC.c...
compiling UART.c...
linking...
Program Size: Code=8780 RO-data=7568 RW-data=124 ZI-data=1764  
".\Lab14.axf" - 0 Error(s), 0 Warning(s).
Load "C:\\Git\\MyTexasLabware\\Labware\\Lab14_MeasurementOfDistance\\Lab14.axf" 
Connecting: Mode=JTAG, Speed=1000000Hz
Erase Done.
Programming Done.
Verify OK.
</pre>
</body>
</html>
are\\Labware\\Lab14_MeasurementOfDistance\\Lab14.axf" 
Connecting: Mode=JTAG, Speed=1000000Hz
Erase Done.
Programming Done.
Verify OK.
ared but never referenced
        unsigned long i,digitThousands,decThousands,digitHundreds,decHundreds,digitTens,decTens,Ones;
UART.c(154): warning:  #177-D: variable "decHundreds" was declared but never referenced
        unsigned long i,digitThousands,decThousands,digitHundreds,decHundreds,digitTens,decTens,Ones;
UART.c(154): warning:  #177-D: variable "digitTens" was declared but never referenced
        unsigned long i,digitThousands,decThousands,digitHundreds,decHundreds,digitTens,decTens,Ones;
UART.c(154): warning:  #177-D: variable "decTens" was declared but never referenced
        unsigned long i,digitThousands,decThousands,digitHundreds,decHundreds,digitTens,decTens,Ones;
UART.c(154): warning:  #177-D: variable "Ones" was declared but never referenced
        unsigned long i,digitThousands,decThousands,digitHundreds,decHundreds,digitTens,decTens,Ones;
UART.c(212): warning:  #177-D: variable "length" was declared but never referenced
        unsigned long i,length = 4,digitWhole,FirstDec,numFirstDec,SecondDec,numSecondDec,ThirdDec;
UART.c: 8 warnings, 0 errors
linking...
Program Size: Code=7572 RO-data=7568 RW-data=124 ZI-data=1764  
".\Lab14.axf" - 0 Error(s), 8 Warning(s).
 0 warning and 1 error messages.
".\Lab14.axf" - 1 Error(s), 8 Warning(s).
Target not created
ab14.axf: Error: L6200E: Symbol String multiply defined (by uart.o and measurementofdistance.o).
Not enough information to list image symbols.
Not enough information to list the image map.
Finished: 2 information, 0 warning and 1 error messages.
".\Lab14.axf" - 1 Error(s), 9 Warning(s).
Target not created
 multiply defined (by uart.o and measurementofdistance.o).
Not enough information to list image symbols.
Not enough information to list the image map.
Finished: 2 information, 0 warning and 1 error messages.
".\Lab14.axf" - 1 Error(s), 11 Warning(s).
Target not created
