<html>
<body>
<pre>
<h1>µVision Build Log</h1>
<h2>Project:</h2>
C:\Git\MyTexasLabware\Labware\Lab13_DAC\Lab13.uvproj
Project File Date:  06/08/2018

<h2>Output:</h2>
Rebuild target 'Lab13'
assembling startup.s...
compiling Lab13.c...
Lab13.c(24): warning:  #177-D: variable "n" was declared but never referenced
        int n;
Lab13.c: 1 warning, 0 errors
compiling Sound.c...
compiling DAC.c...
compiling Piano.c...
linking...
Program Size: Code=6214 RO-data=9422 RW-data=84 ZI-data=1820  
".\Lab13.axf" - 0 Error(s), 1 Warning(s).
Load "C:\\Git\\MyTexasLabware\\Labware\\Lab13_DAC\\Lab13.axf" 
Connecting: Mode=JTAG, Speed=1000000Hz
Erase Done.
Programming Done.
Verify OK.
</pre>
</body>
</html>
are\\Labware\\Lab13_DAC\\Lab13.axf" 
Connecting: Mode=JTAG, Speed=1000000Hz
Erase Done.
Programming Done.
Verify OK.
