<html>
<body>
<pre>
<h1>µVision Build Log</h1>
<h2>Project:</h2>
C:\Git\MyTexasLabware\Labware\Lab11_UART\Lab11.uvproj
Project File Date:  09/17/2018

<h2>Output:</h2>
Rebuild target 'Lab11'
assembling startup.s...
compiling UART.c...
UART.c(154): warning:  #177-D: variable "length" was declared but never referenced
        unsigned long i,length = 4,digitThousands,decThousands,digitHundreds,decHundreds,digitTens,decTens,Ones;
UART.c(154): warning:  #177-D: variable "digitThousands" was declared but never referenced
        unsigned long i,length = 4,digitThousands,decThousands,digitHundreds,decHundreds,digitTens,decTens,Ones;
UART.c(154): warning:  #177-D: variable "decThousands" was declared but never referenced
        unsigned long i,length = 4,digitThousands,decThousands,digitHundreds,decHundreds,digitTens,decTens,Ones;
UART.c(154): warning:  #177-D: variable "digitHundreds" was declared but never referenced
        unsigned long i,length = 4,digitThousands,decThousands,digitHundreds,decHundreds,digitTens,decTens,Ones;
UART.c(154): warning:  #177-D: variable "decHundreds" was declared but never referenced
        unsigned long i,length = 4,digitThousands,decThousands,digitHundreds,decHundreds,digitTens,decTens,Ones;
UART.c(154): warning:  #177-D: variable "digitTens" was declared but never referenced
        unsigned long i,length = 4,digitThousands,decThousands,digitHundreds,decHundreds,digitTens,decTens,Ones;
UART.c(154): warning:  #177-D: variable "decTens" was declared but never referenced
        unsigned long i,length = 4,digitThousands,decThousands,digitHundreds,decHundreds,digitTens,decTens,Ones;
UART.c(154): warning:  #177-D: variable "Ones" was declared but never referenced
        unsigned long i,length = 4,digitThousands,decThousands,digitHundreds,decHundreds,digitTens,decTens,Ones;
UART.c(212): warning:  #177-D: variable "length" was declared but never referenced
        unsigned long i,length = 4,digitWhole,FirstDec,numFirstDec,SecondDec,numSecondDec,ThirdDec;
UART.c: 9 warnings, 0 errors
compiling main.c...
linking...
Program Size: Code=3068 RO-data=696 RW-data=44 ZI-data=1764  
".\Lab11.axf" - 0 Error(s), 9 Warning(s).
Load "C:\\Git\\MyTexasLabware\\Labware\\Lab11_UART\\Lab11.axf" 
Connecting: Mode=JTAG, Speed=1000000Hz
Erase Done.
Programming Done.
Verify OK.
</pre>
</body>
</html>
